Archive member included because of file (symbol)

C:\nburn/lib/NANO54415.a(hardware_init.o)
                              c:/nburn/gcc-m68k/bin/../lib/gcc/m68k-elf/4.2.1/../../../../m68k-elf/lib/m5206e\nb-crt0.o (hardware_init_hook)
C:\nburn/lib/NANO54415.a(bsp.o)
                              main6C.o (SetIntc)
C:\nburn/lib/NANO54415.a(localio.o)
                              C:\nburn/lib/NANO54415.a(bsp.o) (LocalOutByte)
C:\nburn/lib/NANO54415.a(defpins.o)
                              C:\nburn/lib/NANO54415.a(bsp.o) (SetDefPinUsage)
C:\nburn/lib/NANO54415.a(pins.o)
                              main6C.o (PinIO::set(unsigned char))
C:\nburn/lib/NANO54415.a(FlashOps.o)
                              C:\nburn/lib/NANO54415.a(hardware_init.o) (CopySPIFlashImageOnBoot)
C:\nburn/lib/NANO54415.a(multichanneli2c.o)
                              main6C.o (I2CRXAvail)
C:\nburn/lib/NANO54415.a(SPIFlash.o)
                              C:\nburn/lib/NANO54415.a(FlashOps.o) (SPIFlash::SPIFlash(int))
C:\nburn/lib/NetBurner.a(ucosmcfa.o)
                              C:\nburn/lib/NANO54415.a(bsp.o) (OSCtxSw)
C:\nburn/lib/NetBurner.a(software_init.o)
                              c:/nburn/gcc-m68k/bin/../lib/gcc/m68k-elf/4.2.1/../../../../m68k-elf/lib/m5206e\nb-crt0.o (software_init_hook)
C:\nburn/lib/NetBurner.a(ucos.o)
                              main6C.o (OSIntNesting)
C:\nburn/lib/NetBurner.a(ucosmain.o)
                              C:\nburn/lib/NANO54415.a(bsp.o) (critical_count)
C:\nburn/lib/NetBurner.a(fileio.o)
                              main6C.o (charavail)
C:\nburn/lib/NetBurner.a(main.o)
                              c:/nburn/gcc-m68k/bin/../lib/gcc/m68k-elf/4.2.1/../../../../m68k-elf/lib/m5206e\nb-crt0.o (main)
C:\nburn/lib/NetBurner.a(tcp.o)
                              C:\nburn/lib/NetBurner.a(fileio.o) (_Socket_Private_read)
C:\nburn/lib/NetBurner.a(iosys.o)
                              C:\nburn/lib/NetBurner.a(tcp.o) (FD_ZERO)
C:\nburn/lib/NetBurner.a(netinterface.o)
                              C:\nburn/lib/NetBurner.a(tcp.o) (GetFirstInterface())
C:\nburn/lib/NetBurner.a(smarttrap.o)
                              C:\nburn/lib/NANO54415.a(bsp.o) (smart_trap_asm)
C:\nburn/lib/NetBurner.a(device.o)
                              C:\nburn/lib/NetBurner.a(main.o) (DeviceInitializeSem)
C:\nburn/lib/NetBurner.a(ucosmcfc.o)
                              C:\nburn/lib/NetBurner.a(ucos.o) (OSTaskCreatewName)
C:\nburn/lib/NetBurner.a(system.o)
                              C:\nburn/lib/NetBurner.a(netinterface.o) (RawGetConfig)
C:\nburn/lib/NetBurner.a(utils.o)
                              C:\nburn/lib/NetBurner.a(system.o) (AsciiToIp)
C:\nburn/lib/NetBurner.a(ip.o)
                              C:\nburn/lib/NetBurner.a(tcp.o) (GetSum)
C:\nburn/lib/NetBurner.a(buffers.o)
                              C:\nburn/lib/NetBurner.a(tcp.o) (IncUsageCount)
C:\nburn/lib/NetBurner.a(arp.o)
                              C:\nburn/lib/NetBurner.a(ip.o) (wArpLifetime)
C:\nburn/lib/NetBurner.a(udp.o)
                              C:\nburn/lib/NetBurner.a(ip.o) (process_udp(pool_buffer*, IPPKT*, unsigned short))
C:\nburn/lib/NetBurner.a(autoip.o)
                              C:\nburn/lib/NetBurner.a(arp.o) (AutoIPClient::addressCollision())
C:\nburn/lib/NetBurner.a(new_ops.o)
                              C:\nburn/lib/NetBurner.a(autoip.o) (operator new(unsigned long))
C:\nburn/lib/NANO54415.a(serial.o)
                              C:\nburn/lib/NetBurner.a(fileio.o) (SerialClose)
C:\nburn/lib/NANO54415.a(ethernet.o)
                              C:\nburn/lib/NetBurner.a(netinterface.o) (AddEthernetInterface())
C:\nburn/lib/NANO54415.a(etherprint.o)
                              C:\nburn/lib/NANO54415.a(ethernet.o) (EtherLink())
C:\nburn/lib/NANO54415.a(emulticast.o)
                              C:\nburn/lib/NANO54415.a(ethernet.o) (EthEnableMulticast(MACADR))
C:\nburn/lib/NetBurner.a(extraio.o)
                              C:\nburn/lib/NANO54415.a(serial.o) (GetExtraFD)
C:\nburn/lib/NetBurner.a(netrx.o)
                              C:\nburn/lib/NANO54415.a(ethernet.o) (NetDoRX(pool_buffer*, unsigned short, int))
c:/nburn/gcc-m68k/bin/../lib/gcc/m68k-elf/4.2.1/../../../../m68k-elf/lib/m5206e\libstdc++.a(functexcept.o)
                              main6C.o (std::__throw_out_of_range(char const*))
c:/nburn/gcc-m68k/bin/../lib/gcc/m68k-elf/4.2.1/../../../../m68k-elf/lib/m5206e\libstdc++.a(globals_io.o)
                              main6C.o (std::cout)
c:/nburn/gcc-m68k/bin/../lib/gcc/m68k-elf/4.2.1/../../../../m68k-elf/lib/m5206e\libstdc++.a(ios_failure.o)
                              c:/nburn/gcc-m68k/bin/../lib/gcc/m68k-elf/4.2.1/../../../../m68k-elf/lib/m5206e\libstdc++.a(functexcept.o) (std::ios_base::failure::~failure())
c:/nburn/gcc-m68k/bin/../lib/gcc/m68k-elf/4.2.1/../../../../m68k-elf/lib/m5206e\libstdc++.a(ios_init.o)
                              main6C.o (std::ios_base::Init::~Init())
[...]
Memory Configuration

Name             Origin             Length             Attributes
ram              0x40000400         0x03fffcff         xrw
SRAM             0x80000400         0x0000fbf0         xrw
*default*        0x00000000         0xffffffff

Linker script and memory map

LOAD c:/nburn/gcc-m68k/bin/../lib/gcc/m68k-elf/4.2.1/../../../../m68k-elf/lib/m5206e\nb-crt0.o
LOAD c:/nburn/gcc-m68k/bin/../lib/gcc/m68k-elf/4.2.1/m5206e/crtbegin.o
LOAD main6C.o
LOAD C:\nburn/NANO54415/lib/sys.ld
                0x40000000                ovector_base = 0x40000000
                0x80000000                vector_base = 0x80000000
                0x80000400                SRAM_START_ADDR = 0x80000400
                0x80010000                SRAM_END_ADDR = 0x80010000
                0xec008000                sim1 = 0xec008000
                0xfc004000                sim2 = 0xfc004000
                0x00004000                FlashAppBase = 0x4000
                0xfc0d4008                DBETHER_EMIR_REG = 0xfc0d4008
START GROUP
LOAD C:\nburn/lib/NANO54415.a
LOAD C:\nburn/lib/NetBurner.a
LOAD C:\nburn/lib/FatFile.a
LOAD C:\nburn\lib\debugLibrary.a
LOAD C:\nburn\lib\Lua_Full.a
LOAD C:\nburn\lib\nb-libxively.a
LOAD C:\nburn\lib\nbwifilib.a
LOAD C:\nburn\lib\webclient.a
END GROUP
LOAD c:/nburn/gcc-m68k/bin/../lib/gcc/m68k-elf/4.2.1/../../../../m68k-elf/lib/m5206e\libstdc++.a
LOAD c:/nburn/gcc-m68k/bin/../lib/gcc/m68k-elf/4.2.1/../../../../m68k-elf/lib/m5206e\libm.a
LOAD c:/nburn/gcc-m68k/bin/../lib/gcc/m68k-elf/4.2.1/m5206e\libgcc.a
LOAD c:/nburn/gcc-m68k/bin/../lib/gcc/m68k-elf/4.2.1/../../../../m68k-elf/lib/m5206e\libc.a
LOAD c:/nburn/gcc-m68k/bin/../lib/gcc/m68k-elf/4.2.1/m5206e\libgcc.a
LOAD c:/nburn/gcc-m68k/bin/../lib/gcc/m68k-elf/4.2.1/m5206e/crtend.o
START GROUP
LOAD c:/nburn/gcc-m68k/bin/../lib/gcc/m68k-elf/4.2.1/../../../../m68k-elf/lib/m5206e\libc.a
LOAD c:/nburn/gcc-m68k/bin/../lib/gcc/m68k-elf/4.2.1/m5206e\libgcc.a
LOAD c:/nburn/gcc-m68k/bin/../lib/gcc/m68k-elf/4.2.1/../../../../m68k-elf/lib/m5206e\libm.a
END GROUP
                0x00000000                __DYNAMIC = 0x0
                0x44000000                PROVIDE (__stack, 0x44000000)
                0x00000000                PROVIDE (hardware_init_hook, 0x0)
                0x00000000                PROVIDE (_hardware_init_hook, 0x0)
                0x00000000                PROVIDE (software_init_hook, 0x0)
                0x00000000                PROVIDE (_software_init_hook, 0x0)

.SRAM_SECT      0x80000400     0x88f0
                0x80000400                SRAM_START = .
 *(SYS_VAR_SECT)
 SYS_VAR_SECT   0x80000400      0x238 C:\nburn/lib/NetBurner.a(ucos.o)
                0x8000052c                TimeTick
                0x8000051c                OSLockNesting
                0x80000526                OSRunning
                0x80000508                OSTCBList
                0x80000530                OSMapTbl
                0x80000528                Secs
                0x80000514                OSTCBFreeList
                0x80000524                OSISRLevel
                0x80000510                OSTCBHighRdy
                0x80000520                OSRdyGrp
                0x80000538                OSUnMapTbl
                0x80000500                OSRdyTbl
                0x80000518                OSIntNesting
                0x8000050c                OSTCBCur
                0x80000400                OSTCBPrioTbl
 SYS_VAR_SECT   0x80000638      0x1ac C:\nburn/lib/NetBurner.a(ucosmain.o)
                0x80000638                OSTcbStructSize
                0x80000650                critical_count
                0x80000654                OSTCBTbl
 SYS_VAR_SECT   0x800007e4       0x1c C:\nburn/lib/NetBurner.a(fileio.o)
                0x800007fc                pExtraFdFunc
 SYS_VAR_SECT   0x80000800       0x20 C:\nburn/lib/NetBurner.a(iosys.o)
                0x80000800                read_file_sets
                0x80000810                error_file_sets
                0x80000808                write_file_sets
                0x80000820                SYS_VAR_SECT_END = .
                0x80000820                . = ALIGN (0x10)
 *(IDLE_STK_SECT)
                0x80000820                IDLE_STK_SECT_END = .
                0x80000820                . = ALIGN (0x10)
 *(MAIN_STK_SECT)
 MAIN_STK_SECT  0x80000820     0x2000 C:\nburn/lib/NetBurner.a(main.o)
                0x80000820                MainStk
                0x80002820                MAIN_STK_SECT_END = .
                0x80002820                . = ALIGN (0x4)
 *(ETHER_VAR_SECT)
 ETHER_VAR_SECT
                0x80002820      0x110 C:\nburn/lib/NANO54415.a(ethernet.o)
                0x800028f6                TxcPosts
                0x800028fa                TxcSems
                0x80002820                EthernetMac
                0x800028ee                LastIsrStatus
                0x80002850                RxBD
                0x800028e0                TxBDFlag
                0x800028fe                RxIsr
                0x8000290c                PHY_addr
                0x800028f2                RxPosts
                0x8000290e                PHY_ID
                0x80002906                bEthLink
                0x800028d4                RxBDFlag
                0x800028ea                last_rxbd
                0x800028a0                RxBDpp
                0x80002908                phy_data_pd
                0x80002826                nTx
                0x80002902                TxIsr
                0x800028c8                TxBDpp
                0x80002830                TxBD
                0x80002930                ETHER_VAR_SECT_END = .
                0x80002930                . = ALIGN (0x10)
 *(ETHER_STK_SECT)
 ETHER_STK_SECT
                0x80002930     0x2000 C:\nburn/lib/NANO54415.a(ethernet.o)
                0x80002930                EtherSendStk
                0x80004930                ETHER_STK_SECT_END = .
                0x80004930                . = ALIGN (0x4)
 *(IP_VAR_SECT)
 IP_VAR_SECT    0x80004930      0x2fe C:\nburn/lib/NetBurner.a(ip.o)
                0x8000494e                pDHCPServerTick
                0x80004932                bTTL_Default
                0x80004c26                next_arp_time
                0x80004934                ipRxFifo
                0x8000496a                multi_home_if_record
                0x80004946                IcmpFifo
                0x80004966                nAdditional_Homes
                0x80004930                wGlobalPktId
                0x8000495a                pPromisciousPacketFunc
                0x80004962                pFragFunc
                0x8000495e                pMultiCastFunc
                0x80004c2a                delay
                0x80004956                pAutoIPTick
                0x80004952                pMultiTick
                0x8000494a                pDHCPTick
                0x80004992                multi_if_block
 IP_VAR_SECT    0x80004c2e       0x78 C:\nburn/lib/NetBurner.a(udp.o)
                0x80004ca2                UdpNetbiosNameServicePtr
                0x80004c9a                pDHCPServerProcessFunction
                0x80004c2e                udp_fifos
                0x80004c96                pDHCPProcessFunction
                0x80004c9e                pTaskPacketFunc
                0x80004c92                UDP_fifos_used
                0x80004ca6                IP_VAR_SECT_END = .
                0x80004cb0                . = ALIGN (0x10)
 *fill*         0x80004ca6        0xa 00
 *(IP_STK_SECT)
 IP_STK_SECT    0x80004cb0     0x2000 C:\nburn/lib/NetBurner.a(ip.o)
                0x80004cb0                IPStk
                0x80006cb0                IP_STK_SECT_END = .
                0x80006cb0                . = ALIGN (0x4)
 *(TCP_VAR_SECT)
 TCP_VAR_SECT   0x80006cb0       0x1e C:\nburn/lib/NetBurner.a(tcp.o)
                0x80006cc0                TCP_TimerSemaphore
                0x80006cb0                TCP_critical_section
                0x80006cce                TCP_VAR_SECT_END = .
                0x80006cd0                . = ALIGN (0x10)
 *fill*         0x80006cce        0x2 00
 *(TCP_STK_SECT)
 TCP_STK_SECT   0x80006cd0     0x2000 C:\nburn/lib/NetBurner.a(tcp.o)
                0x80006cd0                TCPStk
                0x80008cd0                TCP_STK_SECT_END = .
                0x80008cd0                . = ALIGN (0x10)
 *(HTTP_STK_SECT)
                0x80008cd0                HTTP_STK_SECT_END = .
                0x80008cd0                . = ALIGN (0x10)
 *(FTP_STK_SECT)
                0x80008cd0                FTP_STK_SECT_END = .
                0x80008cd0                . = ALIGN (0x10)
 *(WIFI_STK_SECT)
                0x80008cd0                WIFI_STK_SECT_END = .
                0x80008cd0                . = ALIGN (0x10)
 *(PPP_STK_SECT)
                0x80008cd0                PPP_STK_SECT_END = .
                0x80008cd0                . = ALIGN (0x10)
 *(COMMAND_STK_SECT)
                0x80008cd0                COMMAND_STK_SECT_END = .
                0x80008cd0                . = ALIGN (0x4)
 *(USER_VAR_SECT)
                0x80008cd0                USER_VAR_SECT_END = .
                0x80008cd0                . = ALIGN (0x10)
 *(USER_STK_SECT)
                0x80008cd0                USER_STK_SECT_END = .
                0x80008cd0                BUFFERS_SECT_START = .
                0x80008cd0                . = ALIGN (0x10)
 *(BUFFERS_VAR_SECT)
 BUFFERS_VAR_SECT
                0x80008cd0       0x1c C:\nburn/lib/NetBurner.a(buffers.o)
                0x80008cd0                FAST_BUFFER_POOL_SIZE
                0x80008cde                free_fast_list
                0x80008ce8                free_list_is_initialized
                0x80008cd4                free_list
                0x80008cf0                . = ALIGN (0x10)
 *fill*         0x80008cec        0x4 00
                0x80008cf0                BUFFERS_VAR_SECT_END = .
                0x80008cf0                . = ALIGN (0x10)
                0x80008cf0                SRAM_END = .

.text           0x40000400    0x76470
                0x40000400                gConfigRec = .
                0x40002400                . = (. + 0x2000)
 *fill*         0x40000400     0x2000 00
                0x40002400                UserParamBase = .
                0x40004400                . = (. + 0x2000)
 *fill*         0x40002400     0x2000 00
 *(.text)
 .text          0x40004400       0xaa c:/nburn/gcc-m68k/bin/../lib/gcc/m68k-elf/4.2.1/../../../../m68k-elf/lib/m5206e\nb-crt0.o
                0x40004400                start
 *fill*         0x400044aa        0x2 00
 .text          0x400044ac       0x9c c:/nburn/gcc-m68k/bin/../lib/gcc/m68k-elf/4.2.1/m5206e/crtbegin.o
 .text          0x40004548     0x4e42 main6C.o
                0x40006518                parseBlockIPD(std::string)
                0x40005e48                menu()
                0x40004554                func_isr
                0x40004c08                disableAll
                0x40004548                debugPrint(std::string)
                0x4000516c                setNewMode(std::string, std::string)
                0x40005124                goFIRfromIDL()
                0x40004fbc                goIDLfromSBY()
                0x40005094                goRUNfromIDL()
                0x4000616c                parseBlockPPU(std::string)
                0x40007c9c                UserMain
                0x40004b54                real_func_isr
                0x40004d14                setNewPulseCount()
                0x40004628                setDefaults
                0x40004e84                goFIRfromRUN()
                0x40006e30                parseBlockCU(std::string)
                0x40005004                goSBYfromIDL()
                0x40004688                Ascii2Byte(char*)
                0x40005070                goSBY()
                0x400045a4                disablePeripherals()
                0x40004550                fake_func_isr()
                0x400050dc                goRUNfromFIR()
                0x40005028                goSBYfromRUN()
                0x40005d34                parseBlockG(std::string)
                0x40004f74                goIDLfromFIR()
                0x40005100                goRUN()
                0x40005a40                doSetup()
                0x400050b8                goRUNfromSBY()
                0x4000476c                initDMATIMER1
                0x4000569c                control18L(int, int)
                0x40004fe0                goIDL()
                0x40005bf8                setTP1(long)
                0x40004c34                controlTP1(unsigned char)
                0x40005148                goFIRfromSBY()
                0x4000504c                goSBYfromFIR()
                0x40004f98                goIDLfromRUN()
                0x40006f44                parseCMDPacket(char*)
                0x40004dbc                controlPMA(unsigned char)
                0x40004f50                goFIR()
                0x400052ec                control18Hmanual(int, int)
 *fill*         0x4000938a        0x2 00
 .text          0x4000938c        0x8 C:\nburn/lib/NANO54415.a(hardware_init.o)
                0x4000938c                hardware_init_hook
 .text          0x40009394      0x3fa C:\nburn/lib/NANO54415.a(bsp.o)
                0x400093b4                fake_faultvector
                0x400093b8                faultvector
                0x40009554                _sbrk_r
                0x40009620                HardwareSetup
                0x400094a4                DisableCache
                0x400095ac                spaceleft
                0x40009398                Tick5441X
                0x40009604                ForceReboot
                0x400095f0                BspGetTickFraction
                0x40009394                xTick
                0x4000949c                C_DebugTrap
                0x400095e4                getdipsw
                0x400095a0                atexit
                0x40009738                real_faultvector
                0x4000951c                EnableCache
                0x400093d4                SetIntc
 *fill*         0x4000978e        0x2 00
 .text          0x40009790       0xbc C:\nburn/lib/NANO54415.a(localio.o)
                0x40009790                GetUartRecord
                0x400097d4                GetDefUart
                0x400097e8                LocalInByte
                0x40009804                LocalOutByte
                0x40009838                LocalCharAvail
 .text          0x4000984c      0x1f2 C:\nburn/lib/NANO54415.a(defpins.o)
                0x4000984c                SetDefPinUsage
 *fill*         0x40009a3e        0x2 00
 .text          0x40009a40     0x13b6 C:\nburn/lib/NANO54415.a(pins.o)
                0x40009a40                PinIO::set(unsigned char)
                0x4000a910                PinIO::function(int)
                0x4000a1c8                PinIO::drive()
                0x4000a49c                PinIO::read()
 *fill*         0x4000adf6        0x2 00
 .text          0x4000adf8      0x2d8 C:\nburn/lib/NANO54415.a(FlashOps.o)
                0x4000adf8                InConfigRec(void*)
                0x4000aee0                CopySPIFlashImageOnBoot
                0x4000afb4                FlashProgram
                0x4000b078                FlashErase
                0x4000ae20                AddrAdjust(void*)
                0x4000af64                GetSpiFlashCrit()
                0x4000af4c                ReleaseSpiFlashCrit()
 .text          0x4000b0d0     0x1468 C:\nburn/lib/NANO54415.a(multichanneli2c.o)
                0x4000b734                MultiChannel_I2CRestart
                0x4000b2e8                fake_i2c5_multichannel_int_routine()
                0x4000b33c                MultiChannel_I2CStop
                0x4000b814                MultiChannel_I2CStart
                0x4000b3b4                I2CRXAvail
                0x4000b0d0                i2cModuleSwitch(int)
                0x4000bd64                I2C_MultiChannel_Isr(int)
                0x4000c160                real_i2c3_multichannel_int_routine
                0x4000b3d4                I2CTXAvail
                0x4000c1ac                MultiChannel_I2CInit
                0x4000ba38                MultiChannel_I2CReadBuf
                0x4000b584                I2CGetByte
                0x4000c19c                real_i2c0_multichannel_int_routine
                0x4000b244                i2c3_multichannel_int_routine
                0x4000b5d8                MultiChannel_I2CRead
                0x4000c188                real_i2c1_multichannel_int_routine
                0x4000bc4c                MultiChannel_I2CSendBuf
                0x4000c138                real_i2c5_multichannel_int_routine
                0x4000b148                i2c0_multichannel_int_routine
                0x4000b1f0                i2c2_multichannel_int_routine
                0x4000b294                fake_i2c4_multichannel_int_routine()
                0x4000c174                real_i2c2_multichannel_int_routine
                0x4000b1ec                fake_i2c2_multichannel_int_routine()
                0x4000b2ec                i2c5_multichannel_int_routine
                0x4000b414                I2CFillSlaveTXBuf
                0x4000b198                fake_i2c1_multichannel_int_routine()
                0x4000b52c                I2CMultiChannelResetPeripheral(int)
                0x4000b240                fake_i2c3_multichannel_int_routine()
                0x4000b67c                MultiChannel_I2CSend
                0x4000b19c                i2c1_multichannel_int_routine
                0x4000b144                fake_i2c0_multichannel_int_routine()
                0x4000b298                i2c4_multichannel_int_routine
                0x4000c14c                real_i2c4_multichannel_int_routine
 .text          0x4000c538      0xa24 C:\nburn/lib/NANO54415.a(SPIFlash.o)
                0x4000cd6c                SPIFlash::WriteSR(unsigned char)
                0x4000cdd4                SPIFlash::WriteEnabled()
                0x4000c824                SPIFlash::QFlushSPIRX()
                0x4000c538                SPIFlash::SPIFlash(int)
                0x4000cdf0                SPIFlash::WriteProtect(int)
                0x4000ce34                SPIFlash::ResetMe()
                0x4000c694                SPIFlash::SpiFrameWait()
                0x4000ca80                SPIFlash::EraseSector(int)
                0x4000c860                SPIFlash::WriteData(unsigned char*, int, int)
                0x4000c634                SPIFlash::DoSpiRx()
                0x4000c670                SPIFlash::~SPIFlash()
                0x4000c680                SPIFlash::SpiStart()
                0x4000cb94                SPIFlash::WriteDataWErase(unsigned char*, int, int)
                0x4000c5c8                SPIFlash::SendSPITX(unsigned char, int)
                0x4000cbe4                SPIFlash::JedecId()
                0x4000c6b8                SPIFlash::SpiAscCmd(char const*)
                0x4000cca8                SPIFlash::UniqueIdL()
                0x4000c81c                SPIFlash::WriteEnable(bool)
                0x4000c580                SPIFlash::SPIFlash(int)
                0x4000ce8c                SPIFlash::ReadData(unsigned char*, int, int)
                0x4000cb58                SPIFlash::EraseRange(int, int)
                0x4000c678                SPIFlash::~SPIFlash()
                0x4000cc34                SPIFlash::UniqueIdM()
                0x4000cd2c                SPIFlash::ReadSR()
 *fill*         0x4000cf5c        0x4 00
 .text          0x4000cf60      0x44a C:\nburn/lib/NetBurner.a(ucosmcfa.o)
                0x4000d040                OSDebugTraceHalt
                0x4000cf60                OSStartHighRdy
                0x4000d050                TrapOutByte
                0x4000d080                memcpy
                0x4000d080                fmemcpy
                0x4000cf80                OSCtxSw
                0x4000d070                TrapCharAvail
                0x4000cfb0                OSIntCtxSw
                0x4000d060                TrapInByte
                0x4000cfe0                OSTickISR
                0x4000d150                memcpysum
                0x4000d020                OSSetupVBR
                0x4000d380                GetSR_IntLevel
                0x4000d2e0                memset
                0x4000d2e0                fmemset
                0x4000d390                SetSR_IntLevel
 *fill*         0x4000d3aa        0x2 00
 .text          0x4000d3ac        0x8 C:\nburn/lib/NetBurner.a(software_init.o)
                0x4000d3ac                software_init_hook
 .text          0x4000d3b4     0x1e0c C:\nburn/lib/NetBurner.a(ucos.o)
                0x4000ed60                OSCritEnterNoWait
                0x4000d464                UCOSWAITS_HERE
                0x4000ea0c                OSFifoPostFirst
                0x4000edd4                OSCritLeave
                0x4000eb6c                getpid
                0x4000d670                OSLock
                0x4000e4dc                OSQPostFirst
                0x4000eeec                OSTaskID
                0x4000e2c8                OSQPendNoWait
                0x4000ef04                OSSetName
                0x4000ef2c                OSIntExit
                0x4000daf4                OSSemPendNoWait
                0x4000d7dc                OSTaskDelete
                0x4000d698                OSUnlock
                0x4000eb84                OSCritInit
                0x4000e344                OSQPost
                0x4000ebc0                OSCritEnter
                0x4000e6c8                OSFifoPend
                0x4000d954                OSSemPend
                0x4000dcc0                OSMboxInit
                0x4000defc                OSMboxPost
                0x4000e67c                OSFifoInit
                0x4000e0e0                OSQPend
                0x4000d3e0                OSSched
                0x4000d49c                OSTimeDly
                0x4000db34                OSSemPost
                0x4000d6d8                OSChangePrio
                0x4000d640                OSTCBGetFree
                0x4000d474                OSIntEnterWAS
                0x4000deb4                OSMboxPendNoWait
                0x4000e8ac                OSFifoPost
                0x4000d8f4                OSSemInit
                0x4000efc8                OSStart
                0x4000d554                OSTimeTick
                0x4000e06c                OSQInit
                0x4000ef18                OSTaskName
                0x4000e85c                OSFifoPendNoWait
                0x4000dd14                OSMboxPend
                0x4000f044                OSInit
                0x4000d534                OSChangeTaskDly
 .text          0x4000f1c0      0x1b8 C:\nburn/lib/NetBurner.a(ucosmain.o)
                0x4000f29c                __malloc_unlock
                0x4000f1c0                UCosBegin
                0x4000f2bc                balloc_lock
                0x4000f2fc                UCosSetup
                0x4000f280                balloc_unlock
                0x4000f2dc                __malloc_lock
 .text          0x4000f378      0x5f8 C:\nburn/lib/NetBurner.a(fileio.o)
                0x4000f508                ioctl
                0x4000f378                isatty
                0x4000f460                CurrentStdioFD
                0x4000f4d8                lseek
                0x4000f3b0                ReplaceStdio
                0x4000f574                write
                0x4000f394                fstat
                0x4000f6a4                rawwrite
                0x4000f8b0                stdioinbyte
                0x4000f728                read
                0x4000f490                outbyte
                0x4000f4f0                open
                0x4000f4a8                charavail
                0x4000f484                fcntl
                0x4000f928                close
 .text          0x4000f970       0x78 C:\nburn/lib/NetBurner.a(main.o)
                0x4000f9a8                main
                0x4000f970                __do_global_ctors
 .text          0x4000f9e8     0x5406 C:\nburn/lib/NetBurner.a(tcp.o)
                0x40011090                SendTcpRst(IPPKT*)
                0x40010024                GetTcpState(int)
                0x40011340                InitTCP()
                0x40011e24                _Socket_Private_read
                0x4000ffd8                ShortSocketList::ShortSocketList()
                0x40010084                SetOutOfOrderbuffers(int, unsigned char)
                0x4000fc58                GetSocketRemotePort(int)
                0x400107f8                socket_struct::MyAdvertisedWindow()
                0x40010694                SetSocketTxBuffers(int, int)
                0x4000fd6c                setsockoption(int, int)
                0x40010b44                TcpSend(socket_struct*, unsigned long, pool_buffer*, unsigned short, unsigned char)
                0x40013f70                TCPTimerTask(void*)
                0x40014760                process_tcp(pool_buffer*, IPPKT*, unsigned short)
                0x40012480                socket_struct::ProcessRST()
                0x40014d24                NoBlockconnectvia(unsigned long, unsigned short, unsigned short, unsigned long)
                0x400100c8                TcpGetLastRxTime(int)
                0x4001259c                abortsocket
                0x40012980                socket_struct::ProcessDataSegment(TCPPKT*, unsigned short, unsigned char*, pool_buffer*&)
                0x40014b7c                connectvia(unsigned long, unsigned short, unsigned short, unsigned long, unsigned long)
                0x40011958                HashSocketList::RemoveSocket(socket_struct*) const
                0x40013018                _Socket_Private_write
                0x4000fda4                getsockoption(int)
                0x40013660                socket_struct::ProcessAck(TCPPKT*)
                0x40011e40                socket_struct::SaveData(unsigned char*, unsigned short, unsigned char)
                0x40011648                GetTcpRtxCount(int)
                0x4000fb4c                fixoverlap(unsigned long, unsigned long, unsigned long&, unsigned long&)
                0x40012120                socket_struct::SetTimer(unsigned long)
                0x40014cfc                connect(unsigned long, unsigned short, unsigned short, unsigned long)
                0x4000fe30                HashSocketList::HashSocketList()
                0x40011b9c                GetTcpSocket(TCPPKT*, unsigned long)
                0x40014d74                NoBlockConnect(unsigned long, unsigned short, unsigned short, unsigned long)
                0x40010314                TcpGetRxBufferSpaceUsed(int)
                0x40012c60                socket_struct::DoRawSend()
                0x40010354                ShowFdTcpSocket(int)
                0x40010618                socket_struct::ClearPending(int)
                0x400116bc                ShortSocketList::findsocket(unsigned short, unsigned short, unsigned long) const
                0x40014c74                connect(unsigned long, unsigned short, unsigned short, unsigned long, unsigned long)
                0x400115d4                TcpSendKeepAlive(int)
                0x4000fbc8                getsocketerror(int)
                0x4000fe18                EnableTcpDebug(unsigned short)
                0x40013e7c                socket_struct::ProcessTimer()
                0x40012b3c                socket_struct::SetUpNextRetransmit()
                0x4000fe28                HashSocketList::HashSocketList()
                0x40011c54                SockReadWithTimeout
                0x400112d4                GetFreeSocketCount()
                0x4001390c                socket_struct::ProcessFIN(TCPPKT*, unsigned short)
                0x40010870                FixHeaderAndSendTcp(pool_buffer*, IPPKT*, socket_struct*)
                0x4000fdd4                setsocketackbuffers(int, unsigned char)
                0x4000fd4c                socket_struct::CleanUpDeletedListener()
                0x4000fb08                FindListenSocket(unsigned short, unsigned long)
                0x4001097c                TcpSendwSum(socket_struct*, unsigned long, pool_buffer*, unsigned short, unsigned char, unsigned long)
                0x400121a0                socket_struct::DoCleanup()
                0x40011f30                socket_struct::TestOutofOrder()
                0x40010138                TcpGetLastRxInterval(int)
                0x4000f9e8                GetFirstSeq()
                0x40011540                FREESOCKET(socket_struct*)
                0x40012378                ShortSocketList::AddSocket(socket_struct*)
                0x40013544                socket_struct::DoRetransmit(unsigned char)
                0x4000ffe8                ShortSocketList::Init()
                0x40011760                ShortSocketList::processTick()
                0x4001486c                socket_struct::CoreConnect(unsigned long, unsigned short, unsigned short, unsigned long)
                0x40013a80                _Socket_Private_close
                0x40013bc0                accept(int, unsigned long*, unsigned short*, unsigned short)
                0x4000ffe0                ShortSocketList::ShortSocketList()
                0x400106d4                SetSocketRxBuffers(int, int)
                0x400127bc                listen(unsigned long, unsigned short, unsigned char)
                0x4000fe38                HashSocketList::Init() const
                0x4000fe50                ShortSocketList::GetFreeShort()
                0x4000fc28                GetSocketRemoteAddr(int)
                0x40011ac4                HashSocketList::findsocket(unsigned short, unsigned short, unsigned long) const
                0x400102a8                WaitForSocketFlush(int, unsigned long)
                0x4000fe20                DumpTcpPacket(IPPKT*)
                0x400128c4                RemoveFromUserCloseList(socket_struct*)
                0x4000fa2c                ValidateTCP(IPPKT*, unsigned short)
                0x40011810                ShortSocketList::process(pool_buffer*, TCPPKT*, unsigned long) const
                0x4000fa18                socket_struct::SetState(int)
                0x40010714                socket_struct::processoptions(pool_buffer*, TCPPKT*, IPPKT*)
                0x40013240                socket_struct::DoClose(int)
                0x400126d0                GetFreeSocket()
                0x4000fc88                GetSocketLocalPort(int)
                0x40011a10                HashSocketList::AddSocket(socket_struct*) const
                0x4000ff98                ShortSocketList::FreeShort(ShortSocket*) const
                0x4000fcb8                socket_struct::CalcRTO(unsigned long)
                0x40011038                socket_struct::OpenWindow()
                0x400111a4                SendTcpSynRst(IPPKT*)
                0x40010258                TcpAllDataAcked(int)
                0x40012f98                clrsockoption(int, int)
                0x400100fc                TcpGetSocketState(int)
                0x4000fe10                DumpTcpDebug()
                0x4000fbf8                GetSocketLocalAddr(int)
                0x40014098                socket_struct::process(pool_buffer*, TCPPKT*)
                0x40010058                RegisterTCPReadNotify
                0x40010bd4                socket_struct::SendState(unsigned short, pool_buffer*)
 *fill*         0x40014dee        0x2 00
 .text          0x40014df0      0x69e C:\nburn/lib/NetBurner.a(iosys.o)
                0x4001522c                SetDataAvail
                0x400150cc                writeall
                0x4001512c                RawCheckSelects()
                0x400151d8                SetHaveError
                0x40015268                RemoveSelect(PendingSelect*)
                0x400151f0                SetWriteAvail
                0x40014fbc                ZeroWaitSelect
                0x400152e8                AddSelect(PendingSelect*)
                0x40014f10                FD_ISSET
                0x40014eb8                ClrDataAvail
                0x40015340                select
                0x40014ea0                ClrWriteAvail
                0x400151a4                CheckSelects()
                0x40015070                writestring
                0x40014f80                countbits(fd_set*)
                0x40014df0                FD_OVERLAP(fd_set*, fd_set*)
                0x40015040                dataavail
                0x40014e2c                FD_ZERO
                0x40014ed0                FD_SET
                0x40014e88                ClrHaveError
                0x40014f5c                countdwbits(unsigned long)
                0x400153e0                ReadWithTimeout
                0x40014e44                FD_CLR
 *fill*         0x4001548e        0x2 00
 .text          0x40015490      0x4b2 C:\nburn/lib/NetBurner.a(netinterface.o)
                0x40015874                InitializeNetwork(void (*)(pool_buffer*, EFRAME*, unsigned short), void (*)(pool_buffer*, EFRAME*))
                0x40015548                InterfaceIP(int)
                0x4001563c                GetEframe(pool_buffer*)
                0x40015814                SaveIfConfig(ConfigRecord*, int)
                0x40015708                RegisterMultiHomeInterface(_InterfaceBlock*)
                0x40015490                GetFirstInterface()
                0x40015844                GetIfConfig(int)
                0x400155f8                InterfaceMAC(int)
                0x400154f4                GetInterFaceBlock(int)
                0x40015574                InterfaceDNS(int)
                0x400155a0                InterfaceMASK(int)
                0x400154b0                GetnextInterface(int)
                0x400158e0                TransmitBuffer(pool_buffer*, int)
                0x400156a8                DisableMulticast(MACADR, int)
                0x40015770                RegisterInterface(_InterfaceBlock*)
                0x40015650                EnableMulticast(MACADR, int)
                0x400157e0                Removeinterface(int)
                0x40015700                StopNetworks()
                0x40015520                GetInterfaceNumber(_InterfaceBlock*)
                0x400155cc                InterfaceGate(int)
 *fill*         0x40015942        0x2 00
 .text          0x40015944     0x131e C:\nburn/lib/NetBurner.a(smarttrap.o)
                0x40015978                EnableSmartTraps()
                0x40015a58                WalkStack(os_tcb*, unsigned long, unsigned long)
                0x40015f38                smart_trap_asm
                0x40015d58                Local_OutTCBState(os_tcb*, unsigned long, unsigned long)
                0x40015944                SafeRead(unsigned long)
                0x40015994                Local_OutHex(unsigned long, int)
                0x40015f30                Smart_Trap_Holder()
                0x40015a28                Local_OutString(char const*)
                0x40015ad4                Local_ShowTaskName(os_tcb volatile*)
 *fill*         0x40016c62        0x2 00
 .text          0x40016c64       0x52 C:\nburn/lib/NetBurner.a(device.o)
                0x40016c84                DeviceInitializeSem
                0x40016c64                DeviceGetQspiSem()
                0x40016c74                DeviceGetI2cSem()
 *fill*         0x40016cb6        0x2 00
 .text          0x40016cb8      0x320 C:\nburn/lib/NetBurner.a(ucosmcfc.o)
                0x40016fa0                OSTaskCreate
                0x40016fcc                TopOfStackKillfunction
                0x40016d74                OSTaskCreatewName
                0x40016cb8                OSTCBInit
                0x40016fd0                KillFunctionLink
 .text          0x40016fd8      0x684 C:\nburn/lib/NetBurner.a(system.o)
                0x4001735c                UpdateConfigRecord_Num
                0x4001702c                RawGetConfig
                0x40016fd8                isvalidcr
                0x40017518                SetupDialog
                0x400170e8                ReadLine
                0x40017504                UpdateConfigRecord
                0x40017058                GetValidConfig
                0x400172a8                IpQuestion
                0x40017080                ShowChange
 .text          0x4001765c      0xc84 C:\nburn/lib/NetBurner.a(utils.o)
                0x40018048                fShowMac
                0x4001784c                FancyDump(unsigned char*, int)
                0x4001817c                ShowCounters
                0x40017794                convertHexAsciiToBinary
                0x40017a0c                ShowData
                0x400180a4                snShowIP
                0x4001765c                kill
                0x400181e4                fShowCounters
                0x40018008                fShowIP
                0x4001766c                _fini
                0x40017978                ShowIP
                0x40017678                AsciiToIp
                0x4001825c                sShowCounters
                0x40018148                DiagMenuPicker(int, unsigned char)
                0x400179b4                ShowMac
                0x400176fc                convertBinaryToHexAscii
                0x40017834                __builtin_delete
                0x40017664                _exit
                0x400180e8                snShowMac
 .text          0x400182e0     0x1aaa C:\nburn/lib/NetBurner.a(ip.o)
                0x40018730                FixUpICMP(IPPKT*, unsigned char, unsigned char, unsigned char*, unsigned short)
                0x400184a0                IsMultiCast(unsigned long)
                0x400190d0                FixHeaderAndSend(pool_buffer*, IPPKT*)
                0x40018a44                DoIPPacket(pool_buffer*, EFRAME*, unsigned short)
                0x4001839c                GetSum20
                0x400193cc                PingViaInterface
                0x400189e4                SaveError(pool_buffer*)
                0x40018d54                process_icmp(pool_buffer*, IPPKT*, unsigned short)
                0x400185dc                IpProcessEthernetPacket
                0x40018c08                FixHeaderAndSendViaInterface(pool_buffer*, IPPKT*, int)
                0x40019648                ShowIPBuffer(pool_buffer*)
                0x40019230                SendICMPError(pool_buffer*, unsigned char, unsigned char)
                0x40018848                InitializeStack(unsigned long, unsigned long, unsigned long, unsigned long)
                0x400184f0                GetData(IPPKT*)
                0x4001896c                InitializeCStack
                0x400194dc                Ping
                0x400182e0                GetSum
                0x40018978                GetMultiHomeInterface(unsigned long, int)
                0x40018a28                IsMyIp
                0x400187ec                IsBroadCast(unsigned long, int)
                0x40018798                KillStack
                0x4001851c                PrepareIPOutput(pool_buffer*, unsigned long, unsigned short)
                0x400184c0                GetMultiAddress(unsigned long)
                0x40019304                SendPing
                0x400183d4                GetSumHdr
                0x400187a4                IsLocal(unsigned long, int)
                0x40019510                GetLocalIPInterface(unsigned long)
                0x40019568                AddInterface(unsigned long, unsigned long, unsigned long, int)
                0x40018e70                IPTask(void*)
 *fill*         0x40019d8a        0x2 00
 .text          0x40019d8c      0xef8 C:\nburn/lib/NetBurner.a(buffers.o)
                0x40019e70                FreeBufferList
                0x4001a27c                fifo_buffer_storage::Full()
                0x4001a36c                ShowBuffer
                0x4001a650                fifo_buffer_storage::Reset(unsigned char)
                0x40019ea0                InitBuffers
                0x40019fcc                buffer_list::InsertBefore(pool_buffer*, pool_buffer*)
                0x4001a1a4                GetBuffer
                0x4001a34c                fifo_buffer_storage::fifo_buffer_storage(unsigned char, unsigned char)
                0x4001a264                fifo_buffer_storage::Empty()
                0x4001aac8                fifo_buffer_storage::ReadDatawSum(unsigned char*, int, unsigned long&)
                0x4001a250                fifo_buffer_storage::SpaceUsed()
                0x40019d8c                ShowBuffers()
                0x40019db8                buffer_list::InsertHead(pool_buffer*)
                0x4001a498                GetFreeCount
                0x40019d9c                IncUsageCount
                0x4001a32c                fifo_buffer_storage::fifo_buffer_storage(unsigned char, unsigned char)
                0x40019f68                buffer_list::InsertTail(pool_buffer*)
                0x4001a710                fifo_buffer_storage::~fifo_buffer_storage()
                0x4001a800                fifo_buffer_storage::SetMaxBuffers(unsigned char)
                0x4001a510                fifo_buffer_storage::ReadData(unsigned char*, int)
                0x4001a2c4                fifo_buffer_storage::Init(unsigned char, unsigned char)
                0x40019d94                DumpBuffers()
                0x4001a13c                buffer_list::RemoveHead()
                0x4001a0b4                buffer_list::Remove(pool_buffer*)
                0x4001a1f0                buffer_list::RemoveTail()
                0x4001a724                fifo_buffer_storage::LongSpaceAvail()
                0x4001a890                fifo_buffer_storage::WriteData(unsigned char*, int)
                0x40019e28                FreeBuffer
                0x4001a040                buffer_list::InsertAfter(pool_buffer*, pool_buffer*)
                0x4001a7dc                fifo_buffer_storage::SpaceAvail()
                0x4001a6fc                fifo_buffer_storage::~fifo_buffer_storage()
 .text          0x4001ac84     0x1922 C:\nburn/lib/NetBurner.a(arp.o)
                0x4001b9b8                FindAddArp(unsigned long)
                0x4001ade0                sendGratuitousArp(int)
                0x4001acac                MacEqual(MACADR, MACADR)
                0x4001afe8                InitializeArp()
                0x4001b090                FindArp(unsigned long)
                0x4001b2ec                SendArp(ArpRecord*, int)
                0x4001af9c                GetInterface(unsigned long)
                0x4001c29c                AddCheckArp(MACADR*, unsigned long, int)
                0x4001ad0c                SetMac(ArpRecord*, MACADR, int)
                0x4001b7f4                DeleteArpFromIp(unsigned long)
                0x4001b194                GetArpMacFromIp(unsigned long, MACADR&)
                0x4001bdc4                RouteOutVia(EFRAME*, unsigned long, pool_buffer*, int)
                0x4001b248                GetProperInterface(unsigned long)
                0x4001b908                FreeOneArp()
                0x4001c328                processArp(pool_buffer*, EFRAME*)
                0x4001ada4                NeedsArp(int)
                0x4001b41c                GetNextArp(ArpRecord*)
                0x4001aeb0                RawSendArp(ArpRecord*, unsigned long, int)
                0x4001b814                AgeArp()
                0x4001bfe4                RouteOut(EFRAME*, unsigned long, pool_buffer*)
                0x4001b4e4                ShowArp()
                0x4001b624                DeleteArp(ArpRecord*)
                0x4001b48c                GetFirstArp()
                0x4001b358                GetSrcIp
                0x4001bc54                IsMyAddressUsedArpDetect(unsigned short, int)
                0x4001aca4                Cleanup()
                0x4001ac84                IsNull(ArpRecord*)
                0x4001b578                fShowArp(__sFILE*)
                0x4001b1ec                AddPending(MACADR*, unsigned long, int)
 *fill*         0x4001c5a6        0x2 00
 .text          0x4001c5a8     0x13dc C:\nburn/lib/NetBurner.a(udp.o)
                0x4001ce70                UDPPacket::Send(unsigned long, unsigned char)
                0x4001c6f0                UDPPacket::SetDestinationPort(unsigned short)
                0x4001c7b4                UDPPacket::GetPacketId()
                0x4001c800                UDPPacket::GetSourceAddress()
                0x4001d5bc                UDPPacket::UDPPacket()
                0x4001cbac                UDPPacket::AddDataByte(unsigned char)
                0x4001cf88                UDPPacket::SendAndKeep(unsigned long, unsigned char)
                0x4001c824                RegisterUDPFifo(unsigned short, os_fifo*)
                0x4001cbf4                UDPPacket::AddData(char const*)
                0x4001c61c                UDPPacket::UDPPacket(pool_buffer*)
                0x4001ccb4                UDPPacket::SendViaInterface(unsigned long, int, unsigned char)
                0x4001c79c                UDPPacket::GetIpPacket()
                0x4001cddc                UDPPacket::SendVia(unsigned long, unsigned long, unsigned char)
                0x4001cff8                UDPPacket::~UDPPacket()
                0x4001c5a8                GetUdpFifoRec(unsigned short)
                0x4001c72c                UDPPacket::GetDataBuffer()
                0x4001c8ec                RegisterUDPFifoWithNotify(unsigned short, os_fifo*, void (*)(os_fifo*, unsigned short))
                0x4001c668                UDPPacket::UDPPacket(pool_buffer*)
                0x4001c760                UDPPacket::GetDataSize() const
                0x4001d064                ProcessIDPacket(UDPPacket&, int)
                0x4001cbd0                UDPPacket::AddDataWord(unsigned short)
                0x4001d600                process_udp(pool_buffer*, IPPKT*, unsigned short)
                0x4001cc24                UDPPacket::Validate()
                0x4001c70c                UDPPacket::GetDestinationPort() const
                0x4001cb00                UDPPacket::AddData(unsigned char const*, unsigned short)
                0x4001c9b4                UnregisterUDPFifo(unsigned short)
                0x4001d8c4                UDPPacket::UDPPacket(os_fifo*, unsigned long)
                0x4001c740                UDPPacket::SetDataSize(unsigned short)
                0x4001ca7c                FixIDDataPacket(UDPPacket&, _InterfaceBlock*)
                0x4001c788                UDPPacket::ResetData()
                0x4001cfd0                UDPPacket::~UDPPacket()
                0x4001d924                UDPPacket::UDPPacket(os_fifo*, unsigned long)
                0x4001ce1c                UDPPacket::SendAndKeepVia(unsigned long, unsigned long, unsigned char)
                0x4001c6b4                UDPPacket::SetSourcePort(unsigned short)
                0x4001c6d0                UDPPacket::GetSourcePort() const
                0x4001cad8                FixIDDataPacket(UDPPacket&, int)
                0x4001d020                UDPPacket::UDPPacket()
                0x4001c7dc                UDPPacket::GetDestinationAddress()
 .text          0x4001d984      0x71c C:\nburn/lib/NetBurner.a(autoip.o)
                0x4001dbc0                AutoIPClient::AutoIPClient(int)
                0x4001daa0                AutoIPClient::stop()
                0x4001deec                AutoIPClient::arpCheck()
                0x4001da10                AutoIPClient::getNextTick()
                0x4001dd48                AutoIPClient::announce()
                0x4001d9c4                AutoIPClient::addressCollision()
                0x4001da00                AutoIPClient::getState()
                0x4001de24                AutoIPClient::startArp()
                0x4001e048                AutoIPClient::staticTimeTick()
                0x4001d984                AutoIPClient::start()
                0x4001dc3c                AutoIPClient::AutoIPClient(int)
                0x4001da20                AutoIPClient::tickDelay(int)
                0x4001da48                AutoIPClient::negotiate()
                0x4001dd8c                AutoIPClient::setRNG()
                0x4001db5c                AutoIPClient::~AutoIPClient()
                0x4001dfd8                AutoIPClient::timeTick()
                0x4001dad8                AutoIPClient::restart()
                0x4001dcb8                AddAutoIPInterface(int)
                0x4001daf8                AutoIPClient::~AutoIPClient()
                0x4001dde8                AutoIPClient::generateNewIPAddr()
 .text          0x4001e0a0       0x26 C:\nburn/lib/NetBurner.a(new_ops.o)
                0x4001e0a0                operator new(unsigned long)
 *fill*         0x4001e0c6        0x2 00
 .text          0x4001e0c8     0x21da C:\nburn/lib/NANO54415.a(serial.o)
                0x4001e0f4                WakeTx(int)
                0x4001e0c8                FdSerialMap(int)
                0x4001f3e8                SerialClose
                0x4001e6e4                fake_SER_7_ISR()
                0x400201a4                real_SER_5_ISR
                0x4001f374                SendBreak
                0x4001fbac                OpenSerial
                0x4001eeac                GetUartErrorReg
                0x4001e458                fake_SER_0_ISR()
                0x4001e73c                SER_8_ISR
                0x4001e500                real_SER_1_ISR
                0x400201e4                real_SER_4_ISR
                0x4001f0f4                fShowSerialData(__sFILE*)
                0x400200e4                real_SER_8_ISR
                0x4001e63c                fake_SER_5_ISR()
                0x4001e694                SER_6_ISR
                0x4001e540                fake_SER_2_ISR()
                0x4001f024                SerialSendComplete
                0x4001e7e0                SerialEnableTxFlow
                0x4001e828                SerialEnableRxFlow
                0x40020124                real_SER_7_ISR
                0x4001e188                DoSerIsr(int)
                0x4001ec10                Serial485HalfDupMode
                0x40020224                real_SER_3_ISR
                0x4001e790                SER_9_ISR
                0x4001e598                SER_3_ISR
                0x4001e78c                fake_SER_9_ISR()
                0x4001e640                SER_5_ISR
                0x40020068                real_SER_0_ISR
                0x4001ea3c                SerialEnableHwRxFlow
                0x4001f6c8                serread
                0x4001f9e8                BasePutChar(int, unsigned char)
                0x4001f6e4                BaseGetChar(int)
                0x40020264                real_SER_2_ISR
                0x4001e5ec                SER_4_ISR
                0x4001e4b0                SER_1_ISR
                0x4001f4dc                serreadwto
                0x4001fb0c                InitializeMaps()
                0x4001e45c                SER_0_ISR
                0x4001f8ec                serwriteaddress
                0x4001e6e8                SER_7_ISR
                0x400200a4                real_SER_9_ISR
                0x4001f7a4                serwrite
                0x4001f0a4                SerialExpandRxBuffer(int, int)
                0x4001f4b8                serexternalclose
                0x4001e690                fake_SER_6_ISR()
                0x4001e544                SER_2_ISR
                0x4001e5e8                fake_SER_4_ISR()
                0x4001e738                fake_SER_8_ISR()
                0x4001e4ac                fake_SER_1_ISR()
                0x4001e594                fake_SER_3_ISR()
                0x40020164                real_SER_6_ISR
                0x4001e874                SerialEnableHwTxFlow
 *fill*         0x400202a2        0x2 00
 .text          0x400202a4     0x17ce C:\nburn/lib/NANO54415.a(ethernet.o)
                0x40020e88                AddEthernetInterface()
                0x40020488                StopEnet()
                0x40020940                ResetEnet()
                0x400210a8                ProcessDuplexStatus()
                0x400202a4                read_eth_addr(MACADR*)
                0x40020f7c                WarmEnetReset()
                0x400218c4                real_rxenetisr
                0x400202d0                fake_rxenetisr()
                0x400202d4                rxenetisr
                0x40020324                fake_txenetisr()
                0x40021078                EnablePHY()
                0x400204dc                EthMultifunc(MACADR, unsigned char)
                0x40020378                GetMII(unsigned char, unsigned char)
                0x400204f8                ResetEnetPart2()
                0x40020328                txenetisr
                0x400203fc                SetMII(unsigned char, unsigned char, unsigned short)
                0x40020cd4                InitializeEthernet()
                0x40021520                real_txenetisr
                0x400204b8                DisablePHY()
                0x40021018                ManualEthernetConfig(unsigned char, unsigned char, unsigned char)
                0x400213cc                EthTransmitBuffer(pool_buffer*)
                0x40021718                Ether_ProcessTask(void*)
 *fill*         0x40021a72        0x2 00
 .text          0x40021a74     0x16e8 C:\nburn/lib/NANO54415.a(etherprint.o)
                0x40023084                EtherLink()
                0x40021a74                EtherSpeed100()
                0x40023078                denet()
                0x40022d18                ShowFECRegisters()
                0x40021b4c                ShowMII(unsigned char, unsigned char, char const*, unsigned short)
                0x400230b8                elink()
                0x4002306c                dEnet()
                0x40021a94                SwitchMIIPage(unsigned long)
                0x40021a84                EtherDuplex()
                0x40021ac0                showbinary(unsigned short, unsigned short)
                0x40021bb4                ShowPhyterMII()
 .text          0x4002315c      0x196 C:\nburn/lib/NANO54415.a(emulticast.o)
                0x40023240                EthDisableMulticast(MACADR)
                0x4002319c                EthEnableMulticast(MACADR)
                0x4002315c                GetMultiCastCRC(MACADR)
 *fill*         0x400232f2        0x2 00
 .text          0x400232f4      0x23c C:\nburn/lib/NetBurner.a(extraio.o)
                0x40023324                ExpandWrite(int, char const*, int)
                0x40023354                ExpandClose(int)
                0x40023384                InitExtras()
                0x400233c0                GetExtraFD
                0x400232f4                ExpandRead(int, char*, int)
                0x400234f4                GetFreeExtraFDCount
                0x40023450                FreeExtraFd
                0x40023488                GetExtraData
                0x400234bc                GetExtraExtraData
 .text          0x40023530      0x1f2 C:\nburn/lib/NetBurner.a(netrx.o)
                0x40023530                NetDoRX(pool_buffer*, unsigned short, int)
 *fill*         0x40023722        0x2 00
 .text          0x40023724        0x0 c:/nburn/gcc-m68k/bin/../lib/gcc/m68k-elf/4.2.1/../../../../m68k-elf/lib/m5206e\libstdc++.a(functexcept.o)
 .text          0x40023724        0x0 c:/nburn/gcc-m68k/bin/../lib/gcc/m68k-elf/4.2.1/../../../../m68k-elf/lib/m5206e\libstdc++.a(globals_io.o)
 .text          0x40023724        0x0 c:/nburn/gcc-m68k/bin/../lib/gcc/m68k-elf/4.2.1/../../../../m68k-elf/lib/m5206e\libstdc++.a(ios_failure.o)
 .text          0x40023724        0x0 c:/nburn/gcc-m68k/bin/../lib/gcc/m68k-elf/4.2.1/../../../../m68k-elf/lib/m5206e\libstdc++.a(ios_init.o)
 .text          0x40023724        0x0 c:/nburn/gcc-m68k/bin/../lib/gcc/m68k-elf/4.2.1/../../../../m68k-elf/lib/m5206e\libstdc++.a(locale.o)
 .text          0x40023724        0x0 c:/nburn/gcc-m68k/bin/../lib/gcc/m68k-elf/4.2.1/../../../../m68k-elf/lib/m5206e\libstdc++.a(locale_init.o)
 .text          0x40023724        0x0 c:/nburn/gcc-m68k/bin/../lib/gcc/m68k-elf/4.2.1/../../../../m68k-elf/lib/m5206e\libstdc++.a(stdexcept.o)
 .text          0x40023724        0x0 c:/nburn/gcc-m68k/bin/../lib/gcc/m68k-elf/4.2.1/../../../../m68k-elf/lib/m5206e\libstdc++.a(ext-inst.o)
 .text          0x40023724        0x0 c:/nburn/gcc-m68k/bin/../lib/gcc/m68k-elf/4.2.1/../../../../m68k-elf/lib/m5206e\libstdc++.a(ios-inst.o)
 .text          0x40023724        0x0 c:/nburn/gcc-m68k/bin/../lib/gcc/m68k-elf/4.2.1/../../../../m68k-elf/lib/m5206e\libstdc++.a(istream-inst.o)
 .text          0x40023724        0x0 c:/nburn/gcc-m68k/bin/../lib/gcc/m68k-elf/4.2.1/../../../../m68k-elf/lib/m5206e\libstdc++.a(istream.o)
 .text          0x40023724        0x0 c:/nburn/gcc-m68k/bin/../lib/gcc/m68k-elf/4.2.1/../../../../m68k-elf/lib/m5206e\libstdc++.a(locale-inst.o)
 .text          0x40023724        0x0 c:/nburn/gcc-m68k/bin/../lib/gcc/m68k-elf/4.2.1/../../../../m68k-elf/lib/m5206e\libstdc++.a(misc-inst.o)
 .text          0x40023724        0x0 c:/nburn/gcc-m68k/bin/../lib/gcc/m68k-elf/4.2.1/../../../../m68k-elf/lib/m5206e\libstdc++.a(ostream-inst.o)
 .text          0x40023724        0x0 c:/nburn/gcc-m68k/bin/../lib/gcc/m68k-elf/4.2.1/../../../../m68k-elf/lib/m5206e\libstdc++.a(streambuf-inst.o)
 .text          0x40023724        0x0 c:/nburn/gcc-m68k/bin/../lib/gcc/m68k-elf/4.2.1/../../../../m68k-elf/lib/m5206e\libstdc++.a(streambuf.o)
 .text          0x40023724        0x0 c:/nburn/gcc-m68k/bin/../lib/gcc/m68k-elf/4.2.1/../../../../m68k-elf/lib/m5206e\libstdc++.a(string-inst.o)
 .text          0x40023724        0x0 c:/nburn/gcc-m68k/bin/../lib/gcc/m68k-elf/4.2.1/../../../../m68k-elf/lib/m5206e\libstdc++.a(collate_members.o)
 .text          0x40023724        0x0 c:/nburn/gcc-m68k/bin/../lib/gcc/m68k-elf/4.2.1/../../../../m68k-elf/lib/m5206e\libstdc++.a(messages_members.o)
 .text          0x40023724        0x0 c:/nburn/gcc-m68k/bin/../lib/gcc/m68k-elf/4.2.1/../../../../m68k-elf/lib/m5206e\libstdc++.a(monetary_members.o)
 .text          0x40023724        0x0 c:/nburn/gcc-m68k/bin/../lib/gcc/m68k-elf/4.2.1/../../../../m68k-elf/lib/m5206e\libstdc++.a(numeric_members.o)
 .text          0x40023724        0x0 c:/nburn/gcc-m68k/bin/../lib/gcc/m68k-elf/4.2.1/../../../../m68k-elf/lib/m5206e\libstdc++.a(time_members.o)
 .text          0x40023724        0x0 c:/nburn/gcc-m68k/bin/../lib/gcc/m68k-elf/4.2.1/../../../../m68k-elf/lib/m5206e\libstdc++.a(basic_file.o)
 .text          0x40023724        0x0 c:/nburn/gcc-m68k/bin/../lib/gcc/m68k-elf/4.2.1/../../../../m68k-elf/lib/m5206e\libstdc++.a(c++locale.o)
 .text          0x40023724        0x0 c:/nburn/gcc-m68k/bin/../lib/gcc/m68k-elf/4.2.1/../../../../m68k-elf/lib/m5206e\libstdc++.a(eh_throw.o)
 .text          0x40023724        0x0 c:/nburn/gcc-m68k/bin/../lib/gcc/m68k-elf/4.2.1/../../../../m68k-elf/lib/m5206e\libstdc++.a(new_handler.o)
 .text          0x40023724        0x0 c:/nburn/gcc-m68k/bin/../lib/gcc/m68k-elf/4.2.1/../../../../m68k-elf/lib/m5206e\libstdc++.a(eh_globals.o)
 .text          0x40023724        0x0 c:/nburn/gcc-m68k/bin/../lib/gcc/m68k-elf/4.2.1/../../../../m68k-elf/lib/m5206e\libstdc++.a(del_opv.o)
 .text          0x40023724        0x0 c:/nburn/gcc-m68k/bin/../lib/gcc/m68k-elf/4.2.1/../../../../m68k-elf/lib/m5206e\libstdc++.a(eh_exception.o)
 .text          0x40023724        0x0 c:/nburn/gcc-m68k/bin/../lib/gcc/m68k-elf/4.2.1/../../../../m68k-elf/lib/m5206e\libstdc++.a(guard.o)
 .text          0x40023724        0x0 c:/nburn/gcc-m68k/bin/../lib/gcc/m68k-elf/4.2.1/../../../../m68k-elf/lib/m5206e\libstdc++.a(new_opv.o)
 .text          0x40023724        0x0 c:/nburn/gcc-m68k/bin/../lib/gcc/m68k-elf/4.2.1/../../../../m68k-elf/lib/m5206e\libstdc++.a(eh_catch.o)
 .text          0x40023724        0x0 c:/nburn/gcc-m68k/bin/../lib/gcc/m68k-elf/4.2.1/../../../../m68k-elf/lib/m5206e\libstdc++.a(eh_terminate.o)
 .text          0x40023724        0x0 c:/nburn/gcc-m68k/bin/../lib/gcc/m68k-elf/4.2.1/../../../../m68k-elf/lib/m5206e\libstdc++.a(bad_typeid.o)
 .text          0x40023724        0x0 c:/nburn/gcc-m68k/bin/../lib/gcc/m68k-elf/4.2.1/../../../../m68k-elf/lib/m5206e\libstdc++.a(vmi_class_type_info.o)
 .text          0x40023724        0x0 c:/nburn/gcc-m68k/bin/../lib/gcc/m68k-elf/4.2.1/../../../../m68k-elf/lib/m5206e\libstdc++.a(del_op.o)
 .text          0x40023724        0x0 c:/nburn/gcc-m68k/bin/../lib/gcc/m68k-elf/4.2.1/../../../../m68k-elf/lib/m5206e\libstdc++.a(tinfo.o)
 .text          0x40023724        0x0 c:/nburn/gcc-m68k/bin/../lib/gcc/m68k-elf/4.2.1/../../../../m68k-elf/lib/m5206e\libstdc++.a(class_type_info.o)
 .text          0x40023724        0x0 c:/nburn/gcc-m68k/bin/../lib/gcc/m68k-elf/4.2.1/../../../../m68k-elf/lib/m5206e\libstdc++.a(eh_term_handler.o)
 .text          0x40023724        0x0 c:/nburn/gcc-m68k/bin/../lib/gcc/m68k-elf/4.2.1/../../../../m68k-elf/lib/m5206e\libstdc++.a(eh_personality.o)
 .text          0x40023724        0x0 c:/nburn/gcc-m68k/bin/../lib/gcc/m68k-elf/4.2.1/../../../../m68k-elf/lib/m5206e\libstdc++.a(pure.o)
 .text          0x40023724        0x0 c:/nburn/gcc-m68k/bin/../lib/gcc/m68k-elf/4.2.1/../../../../m68k-elf/lib/m5206e\libstdc++.a(eh_alloc.o)
 .text          0x40023724        0x0 c:/nburn/gcc-m68k/bin/../lib/gcc/m68k-elf/4.2.1/../../../../m68k-elf/lib/m5206e\libstdc++.a(bad_cast.o)
 .text          0x40023724        0x0 c:/nburn/gcc-m68k/bin/../lib/gcc/m68k-elf/4.2.1/../../../../m68k-elf/lib/m5206e\libstdc++.a(eh_unex_handler.o)
 .text          0x40023724        0x0 c:/nburn/gcc-m68k/bin/../lib/gcc/m68k-elf/4.2.1/../../../../m68k-elf/lib/m5206e\libstdc++.a(si_class_type_info.o)
 .text          0x40023724        0x0 c:/nburn/gcc-m68k/bin/../lib/gcc/m68k-elf/4.2.1/../../../../m68k-elf/lib/m5206e\libstdc++.a(vterminate.o)
 .text          0x40023724        0x0 c:/nburn/gcc-m68k/bin/../lib/gcc/m68k-elf/4.2.1/../../../../m68k-elf/lib/m5206e\libstdc++.a(codecvt.o)
 .text          0x40023724        0x0 c:/nburn/gcc-m68k/bin/../lib/gcc/m68k-elf/4.2.1/../../../../m68k-elf/lib/m5206e\libstdc++.a(compatibility.o)
 .text          0x40023724        0x0 c:/nburn/gcc-m68k/bin/../lib/gcc/m68k-elf/4.2.1/../../../../m68k-elf/lib/m5206e\libstdc++.a(ctype.o)
 .text          0x40023724        0x0 c:/nburn/gcc-m68k/bin/../lib/gcc/m68k-elf/4.2.1/../../../../m68k-elf/lib/m5206e\libstdc++.a(ios.o)
 .text          0x40023724        0x0 c:/nburn/gcc-m68k/bin/../lib/gcc/m68k-elf/4.2.1/../../../../m68k-elf/lib/m5206e\libstdc++.a(ios_locale.o)
 .text          0x40023724        0x0 c:/nburn/gcc-m68k/bin/../lib/gcc/m68k-elf/4.2.1/../../../../m68k-elf/lib/m5206e\libstdc++.a(locale_facets.o)
 .text          0x40023724        0x0 c:/nburn/gcc-m68k/bin/../lib/gcc/m68k-elf/4.2.1/../../../../m68k-elf/lib/m5206e\libstdc++.a(fstream-inst.o)
 .text          0x40023724        0x0 c:/nburn/gcc-m68k/bin/../lib/gcc/m68k-elf/4.2.1/../../../../m68k-elf/lib/m5206e\libstdc++.a(iostream-inst.o)
 .text          0x40023724        0x0 c:/nburn/gcc-m68k/bin/../lib/gcc/m68k-elf/4.2.1/../../../../m68k-elf/lib/m5206e\libstdc++.a(eh_call.o)
 .text          0x40023724     0x4ae6 c:/nburn/gcc-m68k/bin/../lib/gcc/m68k-elf/4.2.1/../../../../m68k-elf/lib/m5206e\libstdc++.a(cp-demangle.o)
                0x40028132                __cxa_demangle
 *fill*         0x4002820a        0x2 00
 .text          0x4002820c        0x0 c:/nburn/gcc-m68k/bin/../lib/gcc/m68k-elf/4.2.1/../../../../m68k-elf/lib/m5206e\libstdc++.a(eh_type.o)
 .text          0x4002820c       0x72 c:/nburn/gcc-m68k/bin/../lib/gcc/m68k-elf/4.2.1/m5206e\libgcc.a(_muldi3.o)
                0x4002820c                __muldi3
 *fill*         0x4002827e        0x2 00
 .text          0x40028280      0x4f6 c:/nburn/gcc-m68k/bin/../lib/gcc/m68k-elf/4.2.1/m5206e\libgcc.a(_udivdi3.o)
                0x40028280                __udivdi3
 *fill*         0x40028776        0x2 00
 .text          0x40028778      0x4f8 c:/nburn/gcc-m68k/bin/../lib/gcc/m68k-elf/4.2.1/m5206e\libgcc.a(_umoddi3.o)
                0x40028778                __umoddi3
 .text          0x40028c70      0x49a c:/nburn/gcc-m68k/bin/../lib/gcc/m68k-elf/4.2.1/m5206e\libgcc.a(fpgnulib.o)
                0x400290f0                __fixsfsi
                0x40028dd8                __floatsidf
                0x40028eae                __extendsfdf2
                0x40028d66                __floatunsidf
                0x40029070                __fixdfsi
                0x40028e94                __floatsisf
                0x40028f48                __truncdfsf2
                0x40028c70                __unordsf2
                0x40028e7a                __floatunsisf
                0x40028cd2                __unorddf2
 *fill*         0x4002910a        0x2 00
 .text          0x4002910c     0x1f0e c:/nburn/gcc-m68k/bin/../lib/gcc/m68k-elf/4.2.1/m5206e\libgcc.a(unwind-dw2.o)
                0x400294ae                _Unwind_GetIPInfo
                0x40029192                _Unwind_GetIP
                0x4002ae7e                _Unwind_Resume_or_Rethrow
                0x400291c4                _Unwind_GetRegionStart
                0x4002ab86                _Unwind_Backtrace
                0x40029182                _Unwind_GetCFA
                0x40029d7c                __frame_state_for
                0x4002af0c                _Unwind_Resume
                0x400291f4                _Unwind_DeleteException
                0x4002aca2                _Unwind_RaiseException
                0x400291a2                _Unwind_SetIP
                0x400291e4                _Unwind_GetTextRelBase
                0x4002948a                _Unwind_FindEnclosingFunction
                0x400291b4                _Unwind_GetLanguageSpecificData
                0x4002af92                _Unwind_ForcedUnwind
                0x40029212                _Unwind_SetGR
                0x40029278                _Unwind_GetGR
                0x400291d4                _Unwind_GetDataRelBase
 *fill*         0x4002b01a        0x2 00
 .text          0x4002b01c     0x126c c:/nburn/gcc-m68k/bin/../lib/gcc/m68k-elf/4.2.1/m5206e\libgcc.a(unwind-dw2-fde.o)
                0x4002c13a                _Unwind_Find_FDE
                0x4002b930                __register_frame
                0x4002b90e                __register_frame_table
                0x4002b092                __register_frame_info_bases
                0x4002c072                __deregister_frame_info
                0x4002bfb4                __deregister_frame_info_bases
                0x4002b0fe                __register_frame_info_table_bases
                0x4002c07c                __deregister_frame
                0x4002b150                __register_frame_info_table
                0x4002b0e2                __register_frame_info
 .text          0x4002c288        0x0 c:/nburn/gcc-m68k/bin/../lib/gcc/m68k-elf/4.2.1/m5206e\libgcc.a(_clz.o)
 .text          0x4002c288       0x18 c:/nburn/gcc-m68k/bin/../lib/gcc/m68k-elf/4.2.1/../../../../m68k-elf/lib/m5206e\libc.a(lib_a-abort.o)
                0x4002c288                abort
 .text          0x4002c2a0       0x2c c:/nburn/gcc-m68k/bin/../lib/gcc/m68k-elf/4.2.1/../../../../m68k-elf/lib/m5206e\libc.a(lib_a-assert.o)
                0x4002c2a0                __assert
 .text          0x4002c2cc        0x0 c:/nburn/gcc-m68k/bin/../lib/gcc/m68k-elf/4.2.1/../../../../m68k-elf/lib/m5206e\libc.a(lib_a-ctype_.o)
 .text          0x4002c2cc       0x1e c:/nburn/gcc-m68k/bin/../lib/gcc/m68k-elf/4.2.1/../../../../m68k-elf/lib/m5206e\libc.a(lib_a-cxa_atexit.o)
                0x4002c2cc                __cxa_atexit
 *fill*         0x4002c2ea        0x2 00
 .text          0x4002c2ec        0xe c:/nburn/gcc-m68k/bin/../lib/gcc/m68k-elf/4.2.1/../../../../m68k-elf/lib/m5206e\libc.a(lib_a-errno.o)
                0x4002c2ec                __errno
 *fill*         0x4002c2fa        0x2 00
 .text          0x4002c2fc       0xfe c:/nburn/gcc-m68k/bin/../lib/gcc/m68k-elf/4.2.1/../../../../m68k-elf/lib/m5206e\libc.a(lib_a-fclose.o)
                0x4002c2fc                _fclose_r
                0x4002c3e4                fclose
 *fill*         0x4002c3fa        0x2 00
 .text          0x4002c3fc       0xaa c:/nburn/gcc-m68k/bin/../lib/gcc/m68k-elf/4.2.1/../../../../m68k-elf/lib/m5206e\libc.a(lib_a-fdopen.o)
                0x4002c3fc                _fdopen_r
                0x4002c48c                fdopen
 *fill*         0x4002c4a6        0x2 00
 .text          0x4002c4a8      0x198 c:/nburn/gcc-m68k/bin/../lib/gcc/m68k-elf/4.2.1/../../../../m68k-elf/lib/m5206e\libc.a(lib_a-fflush.o)
                0x4002c4a8                fflush
 .text          0x4002c640       0x3a c:/nburn/gcc-m68k/bin/../lib/gcc/m68k-elf/4.2.1/../../../../m68k-elf/lib/m5206e\libc.a(lib_a-fileno.o)
                0x4002c640                fileno
 *fill*         0x4002c67a        0x2 00
 .text          0x4002c67c      0x25e c:/nburn/gcc-m68k/bin/../lib/gcc/m68k-elf/4.2.1/../../../../m68k-elf/lib/m5206e\libc.a(lib_a-findfp.o)
                0x4002c6d6                __sinit
                0x4002c78e                __sfmoreglue
                0x4002c77c                _cleanup
                0x4002c762                _cleanup_r
                0x4002c7fc                __sfp
 *fill*         0x4002c8da        0x2 00
 .text          0x4002c8dc       0x24 c:/nburn/gcc-m68k/bin/../lib/gcc/m68k-elf/4.2.1/../../../../m68k-elf/lib/m5206e\libc.a(lib_a-fiprintf.o)
                0x4002c8dc                fiprintf
 .text          0x4002c900       0x96 c:/nburn/gcc-m68k/bin/../lib/gcc/m68k-elf/4.2.1/../../../../m68k-elf/lib/m5206e\libc.a(lib_a-flags.o)
                0x4002c900                __sflags
 *fill*         0x4002c996        0x2 00
 .text          0x4002c998       0xf0 c:/nburn/gcc-m68k/bin/../lib/gcc/m68k-elf/4.2.1/../../../../m68k-elf/lib/m5206e\libc.a(lib_a-fopen.o)
                0x4002ca6e                fopen
                0x4002c998                _fopen_r
 .text          0x4002ca88       0xaa c:/nburn/gcc-m68k/bin/../lib/gcc/m68k-elf/4.2.1/../../../../m68k-elf/lib/m5206e\libc.a(lib_a-fputc.o)
                0x4002cad6                _fputc_r
                0x4002ca88                fputc
 *fill*         0x4002cb32        0x2 00
 .text          0x4002cb34       0x90 c:/nburn/gcc-m68k/bin/../lib/gcc/m68k-elf/4.2.1/../../../../m68k-elf/lib/m5206e\libc.a(lib_a-fputs.o)
                0x4002cb34                _fputs_r
                0x4002cbaa                fputs
 .text          0x4002cbc4      0x248 c:/nburn/gcc-m68k/bin/../lib/gcc/m68k-elf/4.2.1/../../../../m68k-elf/lib/m5206e\libc.a(lib_a-fread.o)
                0x4002cdea                fread
                0x4002cbc4                _fread_r
 .text          0x4002ce0c      0x422 c:/nburn/gcc-m68k/bin/../lib/gcc/m68k-elf/4.2.1/../../../../m68k-elf/lib/m5206e\libc.a(lib_a-freer.o)
                0x4002cefc                _free_r
                0x4002ce0c                _malloc_trim_r
 *fill*         0x4002d22e        0x2 00
 .text          0x4002d230      0x460 c:/nburn/gcc-m68k/bin/../lib/gcc/m68k-elf/4.2.1/../../../../m68k-elf/lib/m5206e\libc.a(lib_a-fseek.o)
                0x4002d672                fseek
                0x4002d230                _fseek_r
 .text          0x4002d690       0x36 c:/nburn/gcc-m68k/bin/../lib/gcc/m68k-elf/4.2.1/../../../../m68k-elf/lib/m5206e\libc.a(lib_a-fstatr.o)
                0x4002d690                _fstat_r
 *fill*         0x4002d6c6        0x2 00
 .text          0x4002d6c8       0xd6 c:/nburn/gcc-m68k/bin/../lib/gcc/m68k-elf/4.2.1/../../../../m68k-elf/lib/m5206e\libc.a(lib_a-ftell.o)
                0x4002d788                ftell
                0x4002d6c8                _ftell_r
 *fill*         0x4002d79e        0x2 00
 .text          0x4002d7a0      0x37e c:/nburn/gcc-m68k/bin/../lib/gcc/m68k-elf/4.2.1/../../../../m68k-elf/lib/m5206e\libc.a(lib_a-fvwrite.o)
                0x4002d7a0                __sfvwrite_r
 *fill*         0x4002db1e        0x2 00
 .text          0x4002db20       0xe4 c:/nburn/gcc-m68k/bin/../lib/gcc/m68k-elf/4.2.1/../../../../m68k-elf/lib/m5206e\libc.a(lib_a-fwalk.o)
                0x4002db20                _fwalk
                0x4002db90                _fwalk_reent
 .text          0x4002dc04       0x9e c:/nburn/gcc-m68k/bin/../lib/gcc/m68k-elf/4.2.1/../../../../m68k-elf/lib/m5206e\libc.a(lib_a-fwrite.o)
                0x4002dc04                _fwrite_r
                0x4002dc80                fwrite
 *fill*         0x4002dca2        0x2 00
 .text          0x4002dca4       0xcc c:/nburn/gcc-m68k/bin/../lib/gcc/m68k-elf/4.2.1/../../../../m68k-elf/lib/m5206e\libc.a(lib_a-getc.o)
                0x4002dd08                _getc_r
                0x4002dca4                getc
 .text          0x4002dd70       0x6c c:/nburn/gcc-m68k/bin/../lib/gcc/m68k-elf/4.2.1/../../../../m68k-elf/lib/m5206e\libc.a(lib_a-gets.o)
                0x4002ddc8                gets
                0x4002dd70                _gets_r
 .text          0x4002dddc        0x0 c:/nburn/gcc-m68k/bin/../lib/gcc/m68k-elf/4.2.1/../../../../m68k-elf/lib/m5206e\libc.a(lib_a-impure.o)
 .text          0x4002dddc       0x54 c:/nburn/gcc-m68k/bin/../lib/gcc/m68k-elf/4.2.1/../../../../m68k-elf/lib/m5206e\libc.a(lib_a-iprintf.o)
                0x4002dddc                _iprintf_r
                0x4002de06                iprintf
 .text          0x4002de30       0xa6 c:/nburn/gcc-m68k/bin/../lib/gcc/m68k-elf/4.2.1/../../../../m68k-elf/lib/m5206e\libc.a(lib_a-locale.o)
                0x4002de5e                _setlocale_r
                0x4002de30                __locale_charset
                0x4002de3e                _localeconv_r
                0x4002debe                setlocale
                0x4002de4c                localeconv
 *fill*         0x4002ded6        0x2 00
 .text          0x4002ded8      0x178 c:/nburn/gcc-m68k/bin/../lib/gcc/m68k-elf/4.2.1/../../../../m68k-elf/lib/m5206e\libc.a(lib_a-makebuf.o)
                0x4002ded8                __smakebuf
 .text          0x4002e050       0x32 c:/nburn/gcc-m68k/bin/../lib/gcc/m68k-elf/4.2.1/../../../../m68k-elf/lib/m5206e\libc.a(lib_a-malloc.o)
                0x4002e06a                malloc
                0x4002e050                free
 *fill*         0x4002e082        0x2 00
 .text          0x4002e084      0x78c c:/nburn/gcc-m68k/bin/../lib/gcc/m68k-elf/4.2.1/../../../../m68k-elf/lib/m5206e\libc.a(lib_a-mallocr.o)
                0x4002e084                _malloc_r
 .text          0x4002e810       0xd2 c:/nburn/gcc-m68k/bin/../lib/gcc/m68k-elf/4.2.1/../../../../m68k-elf/lib/m5206e\libc.a(lib_a-memchr.o)
                0x4002e810                memchr
 *fill*         0x4002e8e2        0x2 00
 .text          0x4002e8e4       0x72 c:/nburn/gcc-m68k/bin/../lib/gcc/m68k-elf/4.2.1/../../../../m68k-elf/lib/m5206e\libc.a(lib_a-memcmp.o)
                0x4002e8e4                memcmp
 *fill*         0x4002e956        0x2 00
 .text          0x4002e958       0xb6 c:/nburn/gcc-m68k/bin/../lib/gcc/m68k-elf/4.2.1/../../../../m68k-elf/lib/m5206e\libc.a(lib_a-memmove.o)
                0x4002e958                memmove
 *fill*         0x4002ea0e        0x2 00
 .text          0x4002ea10       0x3e c:/nburn/gcc-m68k/bin/../lib/gcc/m68k-elf/4.2.1/../../../../m68k-elf/lib/m5206e\libc.a(lib_a-openr.o)
                0x4002ea10                _open_r
 *fill*         0x4002ea4e        0x2 00
 .text          0x4002ea50       0x54 c:/nburn/gcc-m68k/bin/../lib/gcc/m68k-elf/4.2.1/../../../../m68k-elf/lib/m5206e\libc.a(lib_a-printf.o)
                0x4002ea50                printf
                0x4002ea7a                _printf_r
 .text          0x4002eaa4      0x16a c:/nburn/gcc-m68k/bin/../lib/gcc/m68k-elf/4.2.1/../../../../m68k-elf/lib/m5206e\libc.a(lib_a-putc.o)
                0x4002eb5e                _putc_r
                0x4002eaa4                putc
 *fill*         0x4002ec0e        0x2 00
 .text          0x4002ec10       0x8a c:/nburn/gcc-m68k/bin/../lib/gcc/m68k-elf/4.2.1/../../../../m68k-elf/lib/m5206e\libc.a(lib_a-puts.o)
                0x4002ec10                _puts_r
                0x4002ec84                puts
 *fill*         0x4002ec9a        0x2 00
 .text          0x4002ec9c       0x6a c:/nburn/gcc-m68k/bin/../lib/gcc/m68k-elf/4.2.1/../../../../m68k-elf/lib/m5206e\libc.a(lib_a-rand.o)
                0x4002ecb4                rand
                0x4002ec9c                srand
 *fill*         0x4002ed06        0x2 00
 .text          0x4002ed08       0x1c c:/nburn/gcc-m68k/bin/../lib/gcc/m68k-elf/4.2.1/../../../../m68k-elf/lib/m5206e\libc.a(lib_a-realloc.o)
                0x4002ed08                realloc
 .text          0x4002ed24      0x502 c:/nburn/gcc-m68k/bin/../lib/gcc/m68k-elf/4.2.1/../../../../m68k-elf/lib/m5206e\libc.a(lib_a-reallocr.o)
                0x4002ed24                _realloc_r
 *fill*         0x4002f226        0x2 00
 .text          0x4002f228      0x21c c:/nburn/gcc-m68k/bin/../lib/gcc/m68k-elf/4.2.1/../../../../m68k-elf/lib/m5206e\libc.a(lib_a-refill.o)
                0x4002f24c                __srefill_r
 .text          0x4002f444       0x4e c:/nburn/gcc-m68k/bin/../lib/gcc/m68k-elf/4.2.1/../../../../m68k-elf/lib/m5206e\libc.a(lib_a-rget.o)
                0x4002f47e                __srget
                0x4002f444                __srget_r
 *fill*         0x4002f492        0x2 00
 .text          0x4002f494      0x1ee c:/nburn/gcc-m68k/bin/../lib/gcc/m68k-elf/4.2.1/../../../../m68k-elf/lib/m5206e\libc.a(lib_a-setvbuf.o)
                0x4002f494                setvbuf
 *fill*         0x4002f682        0x2 00
 .text          0x4002f684      0x270 c:/nburn/gcc-m68k/bin/../lib/gcc/m68k-elf/4.2.1/../../../../m68k-elf/lib/m5206e\libc.a(lib_a-signal.o)
                0x4002f878                _signal_r
                0x4002f798                _raise_r
                0x4002f6fe                __sigtramp_r
                0x4002f8dc                signal
                0x4002f6ee                _init_signal
                0x4002f684                _init_signal_r
                0x4002f782                __sigtramp
                0x4002f862                raise
 .text          0x4002f8f4       0x42 c:/nburn/gcc-m68k/bin/../lib/gcc/m68k-elf/4.2.1/../../../../m68k-elf/lib/m5206e\libc.a(lib_a-signalr.o)
                0x4002f900                _kill_r
                0x4002f8f4                _getpid_r
 *fill*         0x4002f936        0x2 00
 .text          0x4002f938       0xba c:/nburn/gcc-m68k/bin/../lib/gcc/m68k-elf/4.2.1/../../../../m68k-elf/lib/m5206e\libc.a(lib_a-siprintf.o)
                0x4002f996                _siprintf_r
                0x4002f938                siprintf
 *fill*         0x4002f9f2        0x2 00
 .text          0x4002f9f4      0x14c c:/nburn/gcc-m68k/bin/../lib/gcc/m68k-elf/4.2.1/../../../../m68k-elf/lib/m5206e\libc.a(lib_a-sniprintf.o)
                0x4002fa9c                _sniprintf_r
                0x4002f9f4                sniprintf
 .text          0x4002fb40       0xe0 c:/nburn/gcc-m68k/bin/../lib/gcc/m68k-elf/4.2.1/../../../../m68k-elf/lib/m5206e\libc.a(lib_a-sscanf.o)
                0x4002fbb4                sscanf
                0x4002fb4a                _sscanf_r
 .text          0x4002fc20      0x162 c:/nburn/gcc-m68k/bin/../lib/gcc/m68k-elf/4.2.1/../../../../m68k-elf/lib/m5206e\libc.a(lib_a-stdio.o)
                0x4002fc3e                __sseek
                0x4002fd30                __sread
                0x4002fc20                __sclose
                0x4002fca0                __swrite
 *fill*         0x4002fd82        0x2 00
 .text          0x4002fd84       0x7c c:/nburn/gcc-m68k/bin/../lib/gcc/m68k-elf/4.2.1/../../../../m68k-elf/lib/m5206e\libc.a(lib_a-strcat.o)
                0x4002fd84                strcat
 .text          0x4002fe00       0x70 c:/nburn/gcc-m68k/bin/../lib/gcc/m68k-elf/4.2.1/../../../../m68k-elf/lib/m5206e\libc.a(lib_a-strcmp.o)
                0x4002fe00                strcmp
 .text          0x4002fe70        0xc c:/nburn/gcc-m68k/bin/../lib/gcc/m68k-elf/4.2.1/../../../../m68k-elf/lib/m5206e\libc.a(lib_a-strcoll.o)
                0x4002fe70                strcoll
 .text          0x4002fe7c       0x22 c:/nburn/gcc-m68k/bin/../lib/gcc/m68k-elf/4.2.1/../../../../m68k-elf/lib/m5206e\libc.a(lib_a-strcpy.o)
                0x4002fe7c                strcpy
 *fill*         0x4002fe9e        0x2 00
 .text          0x4002fea0       0x18 c:/nburn/gcc-m68k/bin/../lib/gcc/m68k-elf/4.2.1/../../../../m68k-elf/lib/m5206e\libc.a(lib_a-strdup.o)
                0x4002fea0                strdup
 .text          0x4002feb8       0x4c c:/nburn/gcc-m68k/bin/../lib/gcc/m68k-elf/4.2.1/../../../../m68k-elf/lib/m5206e\libc.a(lib_a-strdup_r.o)
                0x4002feb8                _strdup_r
 .text          0x4002ff04      0xd96 c:/nburn/gcc-m68k/bin/../lib/gcc/m68k-elf/4.2.1/../../../../m68k-elf/lib/m5206e\libc.a(lib_a-strftime.o)
                0x4003000e                strftime
 *fill*         0x40030c9a        0x2 00
 .text          0x40030c9c       0x1a c:/nburn/gcc-m68k/bin/../lib/gcc/m68k-elf/4.2.1/../../../../m68k-elf/lib/m5206e\libc.a(lib_a-strlen.o)
                0x40030c9c                strlen
 *fill*         0x40030cb6        0x2 00
 .text          0x40030cb8       0xda c:/nburn/gcc-m68k/bin/../lib/gcc/m68k-elf/4.2.1/../../../../m68k-elf/lib/m5206e\libc.a(lib_a-strncmp.o)
                0x40030cb8                strncmp
 *fill*         0x40030d92        0x2 00
 .text          0x40030d94     0x174a c:/nburn/gcc-m68k/bin/../lib/gcc/m68k-elf/4.2.1/../../../../m68k-elf/lib/m5206e\libc.a(lib_a-strtod.o)
                0x40030de6                _strtod_r
                0x400324c4                strtod
                0x400323de                strtof
 *fill*         0x400324de        0x2 00
 .text          0x400324e0      0x18a c:/nburn/gcc-m68k/bin/../lib/gcc/m68k-elf/4.2.1/../../../../m68k-elf/lib/m5206e\libc.a(lib_a-strtol.o)
                0x4003264c                strtol
                0x400324e0                _strtol_r
 *fill*         0x4003266a        0x2 00
 .text          0x4003266c       0x58 c:/nburn/gcc-m68k/bin/../lib/gcc/m68k-elf/4.2.1/../../../../m68k-elf/lib/m5206e\libc.a(lib_a-strxfrm.o)
                0x4003266c                strxfrm
 .text          0x400326c4       0x26 c:/nburn/gcc-m68k/bin/../lib/gcc/m68k-elf/4.2.1/../../../../m68k-elf/lib/m5206e\libc.a(lib_a-toupper.o)
                0x400326c4                toupper
 *fill*         0x400326ea        0x2 00
 .text          0x400326ec        0x0 c:/nburn/gcc-m68k/bin/../lib/gcc/m68k-elf/4.2.1/../../../../m68k-elf/lib/m5206e\libc.a(lib_a-tzvars.o)
 .text          0x400326ec      0x230 c:/nburn/gcc-m68k/bin/../lib/gcc/m68k-elf/4.2.1/../../../../m68k-elf/lib/m5206e\libc.a(lib_a-ungetc.o)
                0x40032902                ungetc
                0x400326ec                __submore
                0x400327aa                _ungetc_r
 .text          0x4003291c     0x1280 c:/nburn/gcc-m68k/bin/../lib/gcc/m68k-elf/4.2.1/../../../../m68k-elf/lib/m5206e\libc.a(lib_a-vfiprintf.o)
                0x40033b7e                vfiprintf
                0x40032960                _vfiprintf_r
 .text          0x40033b9c     0x1fac c:/nburn/gcc-m68k/bin/../lib/gcc/m68k-elf/4.2.1/../../../../m68k-elf/lib/m5206e\libc.a(lib_a-vfprintf.o)
                0x40033be0                _vfprintf_r
                0x40035b2a                vfprintf
 .text          0x40035b48     0x11ec c:/nburn/gcc-m68k/bin/../lib/gcc/m68k-elf/4.2.1/../../../../m68k-elf/lib/m5206e\libc.a(lib_a-vfscanf.o)
                0x40036c60                __svfscanf
                0x40036c7e                _vfscanf_r
                0x40036ce2                vfscanf
                0x40035b48                __svfscanf_r
 .text          0x40036d34       0x9a c:/nburn/gcc-m68k/bin/../lib/gcc/m68k-elf/4.2.1/../../../../m68k-elf/lib/m5206e\libc.a(lib_a-vsprintf.o)
                0x40036d80                vsprintf
                0x40036d34                _vsprintf_r
 *fill*         0x40036dce        0x2 00
 .text          0x40036dd0      0x124 c:/nburn/gcc-m68k/bin/../lib/gcc/m68k-elf/4.2.1/../../../../m68k-elf/lib/m5206e\libc.a(lib_a-wbuf.o)
                0x40036dd0                __swbuf_r
                0x40036eda                __swbuf
 .text          0x40036ef4       0x7c c:/nburn/gcc-m68k/bin/../lib/gcc/m68k-elf/4.2.1/../../../../m68k-elf/lib/m5206e\libc.a(lib_a-wcrtomb.o)
                0x40036ef4                _wcrtomb_r
                0x40036f54                wcrtomb
 .text          0x40036f70      0x130 c:/nburn/gcc-m68k/bin/../lib/gcc/m68k-elf/4.2.1/../../../../m68k-elf/lib/m5206e\libc.a(lib_a-wcsrtombs.o)
                0x40036f70                _wcsrtombs_r
                0x4003707e                wcsrtombs
 .text          0x400370a0      0x452 c:/nburn/gcc-m68k/bin/../lib/gcc/m68k-elf/4.2.1/../../../../m68k-elf/lib/m5206e\libc.a(lib_a-wctomb_r.o)
                0x400370a0                _wctomb_r
 *fill*         0x400374f2        0x2 00
 .text          0x400374f4       0x3e c:/nburn/gcc-m68k/bin/../lib/gcc/m68k-elf/4.2.1/../../../../m68k-elf/lib/m5206e\libc.a(lib_a-writer.o)
                0x400374f4                _write_r
 *fill*         0x40037532        0x2 00
 .text          0x40037534      0x130 c:/nburn/gcc-m68k/bin/../lib/gcc/m68k-elf/4.2.1/../../../../m68k-elf/lib/m5206e\libc.a(lib_a-wsetup.o)
                0x40037534                __swsetup
 .text          0x40037664       0x14 c:/nburn/gcc-m68k/bin/../lib/gcc/m68k-elf/4.2.1/../../../../m68k-elf/lib/m5206e\libc.a(lib_a-abs.o)
                0x40037664                abs
 .text          0x40037678       0xe8 c:/nburn/gcc-m68k/bin/../lib/gcc/m68k-elf/4.2.1/../../../../m68k-elf/lib/m5206e\libc.a(lib_a-__atexit.o)
                0x40037678                __register_exitproc
 .text          0x40037760       0x32 c:/nburn/gcc-m68k/bin/../lib/gcc/m68k-elf/4.2.1/../../../../m68k-elf/lib/m5206e\libc.a(lib_a-closer.o)
                0x40037760                _close_r
 *fill*         0x40037792        0x2 00
 .text          0x40037794     0x160a c:/nburn/gcc-m68k/bin/../lib/gcc/m68k-elf/4.2.1/../../../../m68k-elf/lib/m5206e\libc.a(lib_a-dtoa.o)
                0x40037946                _dtoa_r
 *fill*         0x40038d9e        0x2 00
 .text          0x40038da0      0x800 c:/nburn/gcc-m68k/bin/../lib/gcc/m68k-elf/4.2.1/../../../../m68k-elf/lib/m5206e\libc.a(lib_a-gdtoa-gethex.o)
                0x40038dd2                __hexdig_init
                0x40038e98                __gethex
 .text          0x400395a0      0x1d2 c:/nburn/gcc-m68k/bin/../lib/gcc/m68k-elf/4.2.1/../../../../m68k-elf/lib/m5206e\libc.a(lib_a-gdtoa-hexnan.o)
                0x400395de                __hexnan
 *fill*         0x40039772        0x2 00
 .text          0x40039774       0x32 c:/nburn/gcc-m68k/bin/../lib/gcc/m68k-elf/4.2.1/../../../../m68k-elf/lib/m5206e\libc.a(lib_a-getchar.o)
                0x40039774                getchar
                0x4003978e                _getchar_r
 *fill*         0x400397a6        0x2 00
 .text          0x400397a8        0xe c:/nburn/gcc-m68k/bin/../lib/gcc/m68k-elf/4.2.1/../../../../m68k-elf/lib/m5206e\libc.a(lib_a-gettzinfo.o)
                0x400397a8                __gettzinfo
 *fill*         0x400397b6        0x2 00
 .text          0x400397b8       0x2a c:/nburn/gcc-m68k/bin/../lib/gcc/m68k-elf/4.2.1/../../../../m68k-elf/lib/m5206e\libc.a(lib_a-iswspace.o)
                0x400397b8                iswspace
 *fill*         0x400397e2        0x2 00
 .text          0x400397e4       0x14 c:/nburn/gcc-m68k/bin/../lib/gcc/m68k-elf/4.2.1/../../../../m68k-elf/lib/m5206e\libc.a(lib_a-labs.o)
                0x400397e4                labs
 .text          0x400397f8       0x3e c:/nburn/gcc-m68k/bin/../lib/gcc/m68k-elf/4.2.1/../../../../m68k-elf/lib/m5206e\libc.a(lib_a-lseekr.o)
                0x400397f8                _lseek_r
 *fill*         0x40039836        0x2 00
 .text          0x40039838       0x8c c:/nburn/gcc-m68k/bin/../lib/gcc/m68k-elf/4.2.1/../../../../m68k-elf/lib/m5206e\libc.a(lib_a-mbrtowc.o)
                0x400398a2                mbrtowc
                0x40039838                _mbrtowc_r
 .text          0x400398c4       0x56 c:/nburn/gcc-m68k/bin/../lib/gcc/m68k-elf/4.2.1/../../../../m68k-elf/lib/m5206e\libc.a(lib_a-mbtowc_r.o)
                0x400398c4                _mbtowc_r
 *fill*         0x4003991a        0x2 00
 .text          0x4003991c      0xc78 c:/nburn/gcc-m68k/bin/../lib/gcc/m68k-elf/4.2.1/../../../../m68k-elf/lib/m5206e\libc.a(lib_a-mprec.o)
                0x40039c70                _mprec_log10
                0x40039d26                __any_on
                0x40039dcc                _Balloc
                0x40039bde                __ratio
                0x4003a2f4                __i2b
                0x40039aee                __b2d
                0x4003a4bc                __s2b
                0x40039a0c                __mcmp
                0x4003991c                __hi0bits
                0x4003a3da                __pow5mult
                0x4003a0d8                __lshift
                0x4003a186                __multiply
                0x40039e82                __d2b
                0x40039ce2                __copybits
                0x40039a6c                __ulp
                0x40039f98                __mdiff
                0x40039980                __lo0bits
                0x4003a316                __multadd
                0x40039d92                _Bfree
 .text          0x4003a594       0x3e c:/nburn/gcc-m68k/bin/../lib/gcc/m68k-elf/4.2.1/../../../../m68k-elf/lib/m5206e\libc.a(lib_a-readr.o)
                0x4003a594                _read_r
 *fill*         0x4003a5d2        0x2 00
 .text          0x4003a5d4       0xbc c:/nburn/gcc-m68k/bin/../lib/gcc/m68k-elf/4.2.1/../../../../m68k-elf/lib/m5206e\libc.a(lib_a-sccl.o)
                0x4003a5d4                __sccl
 .text          0x4003a690        0xe c:/nburn/gcc-m68k/bin/../lib/gcc/m68k-elf/4.2.1/../../../../m68k-elf/lib/m5206e\libc.a(lib_a-sf_nan.o)
                0x4003a690                nanf
 *fill*         0x4003a69e        0x2 00
 .text          0x4003a6a0       0x42 c:/nburn/gcc-m68k/bin/../lib/gcc/m68k-elf/4.2.1/../../../../m68k-elf/lib/m5206e\libc.a(lib_a-s_isinfd.o)
                0x4003a6a0                __isinfd
 *fill*         0x4003a6e2        0x2 00
 .text          0x4003a6e4       0x34 c:/nburn/gcc-m68k/bin/../lib/gcc/m68k-elf/4.2.1/../../../../m68k-elf/lib/m5206e\libc.a(lib_a-s_isnand.o)
                0x4003a6e4                __isnand
 .text          0x4003a718      0x14c c:/nburn/gcc-m68k/bin/../lib/gcc/m68k-elf/4.2.1/../../../../m68k-elf/lib/m5206e\libc.a(lib_a-snprintf.o)
                0x4003a718                snprintf
                0x4003a7c0                _snprintf_r
 .text          0x4003a864       0xba c:/nburn/gcc-m68k/bin/../lib/gcc/m68k-elf/4.2.1/../../../../m68k-elf/lib/m5206e\libc.a(lib_a-sprintf.o)
                0x4003a8c2                _sprintf_r
                0x4003a864                sprintf
 *fill*         0x4003a91e        0x2 00
 .text          0x4003a920      0x254 c:/nburn/gcc-m68k/bin/../lib/gcc/m68k-elf/4.2.1/../../../../m68k-elf/lib/m5206e\libc.a(lib_a-strtoll_r.o)
                0x4003a920                _strtoll_r
 .text          0x4003ab74      0x2ba c:/nburn/gcc-m68k/bin/../lib/gcc/m68k-elf/4.2.1/../../../../m68k-elf/lib/m5206e\libc.a(lib_a-strtoull_r.o)
                0x4003ab74                _strtoull_r
 *fill*         0x4003ae2e        0x2 00
 .text          0x4003ae30      0x19e c:/nburn/gcc-m68k/bin/../lib/gcc/m68k-elf/4.2.1/../../../../m68k-elf/lib/m5206e\libc.a(lib_a-strtoul.o)
                0x4003afb0                strtoul
                0x4003ae30                _strtoul_r
 *fill*         0x4003afce        0x2 00
 .text          0x4003afd0       0x92 c:/nburn/gcc-m68k/bin/../lib/gcc/m68k-elf/4.2.1/../../../../m68k-elf/lib/m5206e\libc.a(lib_a-callocr.o)
                0x4003afd0                _calloc_r
 *fill*         0x4003b062        0x2 00
 .text          0x4003b064      0xba0 c:/nburn/gcc-m68k/bin/../lib/gcc/m68k-elf/4.2.1/m5206e\libgcc.a(_double.o)
                0x4003bb62                __cmpdf2
                0x4003b0c4                __adddf3
                0x4003ba2c                __negdf2
                0x4003b73c                __divdf3
                0x4003ba8a                __cmpdf2_internal
                0x4003b560                __muldf3
                0x4003b0be                __subdf3
 .text          0x4003bc04       0x74 c:/nburn/gcc-m68k/bin/../lib/gcc/m68k-elf/4.2.1/m5206e\libgcc.a(_floatex.o)
                0x4003bc10                $_exception_handler
                0x4003bc04                __clear_sticky_bit
 .text          0x4003bc78       0x22 c:/nburn/gcc-m68k/bin/../lib/gcc/m68k-elf/4.2.1/m5206e\libgcc.a(_eqdf2.o)
                0x4003bc78                __eqdf2
 *fill*         0x4003bc9a        0x2 00
 .text          0x4003bc9c       0x22 c:/nburn/gcc-m68k/bin/../lib/gcc/m68k-elf/4.2.1/m5206e\libgcc.a(_nedf2.o)
                0x4003bc9c                __nedf2
 *fill*         0x4003bcbe        0x2 00