Archive member included because of file (symbol)

C:\nburn/lib/NANO54415.a(hardware_init.o)
                              c:/nburn/gcc-m68k/bin/../lib/gcc/m68k-elf/4.2.1/../../../../m68k-elf/lib/m5206e\nb-crt0.o (hardware_init_hook)
C:\nburn/lib/NANO54415.a(bsp.o)
                              main.o (SetIntc)
C:\nburn/lib/NANO54415.a(localio.o)
                              C:\nburn/lib/NANO54415.a(bsp.o) (LocalOutByte)
C:\nburn/lib/NANO54415.a(defpins.o)
                              C:\nburn/lib/NANO54415.a(bsp.o) (SetDefPinUsage)
C:\nburn/lib/NANO54415.a(pins.o)
                              main.o (PinIO::set(unsigned char))
C:\nburn/lib/NANO54415.a(FlashOps.o)
                              C:\nburn/lib/NANO54415.a(hardware_init.o) (CopySPIFlashImageOnBoot)
C:\nburn/lib/NANO54415.a(multichanneli2c.o)
                              main.o (I2CRXAvail)
C:\nburn/lib/NANO54415.a(SPIFlash.o)
                              C:\nburn/lib/NANO54415.a(FlashOps.o) (SPIFlash::SPIFlash(int))
C:\nburn/lib/NetBurner.a(ucosmcfa.o)
                              C:\nburn/lib/NANO54415.a(bsp.o) (OSCtxSw)
C:\nburn/lib/NetBurner.a(software_init.o)
                              c:/nburn/gcc-m68k/bin/../lib/gcc/m68k-elf/4.2.1/../../../../m68k-elf/lib/m5206e\nb-crt0.o (software_init_hook)
C:\nburn/lib/NetBurner.a(ucos.o)
                              main.o (OSIntNesting)
C:\nburn/lib/NetBurner.a(ucosmain.o)
                              C:\nburn/lib/NANO54415.a(bsp.o) (critical_count)
C:\nburn/lib/NetBurner.a(fileio.o)
                              main.o (charavail)
C:\nburn/lib/NetBurner.a(main.o)
                              c:/nburn/gcc-m68k/bin/../lib/gcc/m68k-elf/4.2.1/../../../../m68k-elf/lib/m5206e\nb-crt0.o (main)
C:\nburn/lib/NetBurner.a(ip.o)
                              main.o (InitializeStack(unsigned long, unsigned long, unsigned long, unsigned long))
C:\nburn/lib/NetBurner.a(buffers.o)
                              C:\nburn/lib/NetBurner.a(ip.o) (FreeBuffer)
C:\nburn/lib/NetBurner.a(arp.o)
                              C:\nburn/lib/NetBurner.a(ip.o) (wArpLifetime)
C:\nburn/lib/NetBurner.a(udp.o)
                              C:\nburn/lib/NetBurner.a(ip.o) (process_udp(pool_buffer*, IPPKT*, unsigned short))
C:\nburn/lib/NetBurner.a(tcp.o)
                              C:\nburn/lib/NetBurner.a(ip.o) (DumpTcpPacket(IPPKT*))
C:\nburn/lib/NetBurner.a(iosys.o)
                              C:\nburn/lib/NetBurner.a(tcp.o) (FD_ZERO)
C:\nburn/lib/NetBurner.a(autoip.o)
                              C:\nburn/lib/NetBurner.a(arp.o) (AutoIPClient::addressCollision())
C:\nburn/lib/NetBurner.a(dhcpc.o)
                              main.o (GetDHCPAddress(int))
C:\nburn/lib/NetBurner.a(netinterface.o)
                              C:\nburn/lib/NetBurner.a(ip.o) (GetFirstInterface())
C:\nburn/lib/NetBurner.a(taskmon.o)
                              main.o (EnableTaskMonitor())
C:\nburn/lib/NetBurner.a(smarttrap.o)
                              main.o (EnableSmartTraps())
C:\nburn/lib/NetBurner.a(autoupdate.o)
                              main.o (EnableAutoUpdate)
C:\nburn/lib/NetBurner.a(device.o)
                              C:\nburn/lib/NetBurner.a(main.o) (DeviceInitializeSem)
C:\nburn/lib/NetBurner.a(ucosmcfc.o)
                              C:\nburn/lib/NetBurner.a(ucos.o) (OSTaskCreatewName)
C:\nburn/lib/NetBurner.a(system.o)
                              C:\nburn/lib/NetBurner.a(udp.o) (isvalidcr)
C:\nburn/lib/NetBurner.a(utils.o)
                              C:\nburn/lib/NetBurner.a(system.o) (AsciiToIp)
C:\nburn/lib/NetBurner.a(new_ops.o)
                              C:\nburn/lib/NetBurner.a(autoip.o) (operator new(unsigned long))
C:\nburn/lib/NANO54415.a(serial.o)
                              C:\nburn/lib/NetBurner.a(fileio.o) (SerialClose)
C:\nburn/lib/NANO54415.a(ethernet.o)
                              C:\nburn/lib/NetBurner.a(netinterface.o) (AddEthernetInterface())
C:\nburn/lib/NANO54415.a(etherprint.o)
                              C:\nburn/lib/NANO54415.a(ethernet.o) (EtherLink())
C:\nburn/lib/NANO54415.a(emulticast.o)
                              C:\nburn/lib/NANO54415.a(ethernet.o) (EthEnableMulticast(MACADR))
C:\nburn/lib/NetBurner.a(extraio.o)
                              C:\nburn/lib/NANO54415.a(serial.o) (GetExtraFD)
C:\nburn/lib/NetBurner.a(netrx.o)
                              C:\nburn/lib/NANO54415.a(ethernet.o) (NetDoRX(pool_buffer*, unsigned short, int))
c:/nburn/gcc-m68k/bin/../lib/gcc/m68k-elf/4.2.1/../../../../m68k-elf/lib/m5206e\libstdc++.a(functexcept.o)
                              main.o (std::__throw_out_of_range(char const*))
c:/nburn/gcc-m68k/bin/../lib/gcc/m68k-elf/4.2.1/../../../../m68k-elf/lib/m5206e\libstdc++.a(globals_io.o)
                              main.o (std::cout)
c:/nburn/gcc-m68k/bin/../lib/gcc/m68k-elf/4.2.1/../../../../m68k-elf/lib/m5206e\libstdc++.a(ios_failure.o)
[...]
Memory Configuration

Name             Origin             Length             Attributes
ram              0x40000400         0x03fffcff         xrw
SRAM             0x80000400         0x0000fbf0         xrw
*default*        0x00000000         0xffffffff

Linker script and memory map

LOAD c:/nburn/gcc-m68k/bin/../lib/gcc/m68k-elf/4.2.1/../../../../m68k-elf/lib/m5206e\nb-crt0.o
LOAD c:/nburn/gcc-m68k/bin/../lib/gcc/m68k-elf/4.2.1/m5206e/crtbegin.o
LOAD main.o
LOAD C:\nburn/NANO54415/lib/sys.ld
                0x40000000                ovector_base = 0x40000000
                0x80000000                vector_base = 0x80000000
                0x80000400                SRAM_START_ADDR = 0x80000400
                0x80010000                SRAM_END_ADDR = 0x80010000
                0xec008000                sim1 = 0xec008000
                0xfc004000                sim2 = 0xfc004000
                0x00004000                FlashAppBase = 0x4000
                0xfc0d4008                DBETHER_EMIR_REG = 0xfc0d4008
START GROUP
LOAD C:\nburn/lib/NANO54415.a
LOAD C:\nburn/lib/NetBurner.a
LOAD C:\nburn/lib/FatFile.a
LOAD C:\nburn\lib\debugLibrary.a
LOAD C:\nburn\lib\Lua_Full.a
LOAD C:\nburn\lib\nb-libxively.a
LOAD C:\nburn\lib\nbwifilib.a
LOAD C:\nburn\lib\webclient.a
END GROUP
LOAD c:/nburn/gcc-m68k/bin/../lib/gcc/m68k-elf/4.2.1/../../../../m68k-elf/lib/m5206e\libstdc++.a
LOAD c:/nburn/gcc-m68k/bin/../lib/gcc/m68k-elf/4.2.1/../../../../m68k-elf/lib/m5206e\libm.a
LOAD c:/nburn/gcc-m68k/bin/../lib/gcc/m68k-elf/4.2.1/m5206e\libgcc.a
LOAD c:/nburn/gcc-m68k/bin/../lib/gcc/m68k-elf/4.2.1/../../../../m68k-elf/lib/m5206e\libc.a
LOAD c:/nburn/gcc-m68k/bin/../lib/gcc/m68k-elf/4.2.1/m5206e\libgcc.a
LOAD c:/nburn/gcc-m68k/bin/../lib/gcc/m68k-elf/4.2.1/m5206e/crtend.o
START GROUP
LOAD c:/nburn/gcc-m68k/bin/../lib/gcc/m68k-elf/4.2.1/../../../../m68k-elf/lib/m5206e\libc.a
LOAD c:/nburn/gcc-m68k/bin/../lib/gcc/m68k-elf/4.2.1/m5206e\libgcc.a
LOAD c:/nburn/gcc-m68k/bin/../lib/gcc/m68k-elf/4.2.1/../../../../m68k-elf/lib/m5206e\libm.a
END GROUP
                0x00000000                __DYNAMIC = 0x0
                0x44000000                PROVIDE (__stack, 0x44000000)
                0x00000000                PROVIDE (hardware_init_hook, 0x0)
                0x00000000                PROVIDE (_hardware_init_hook, 0x0)
                0x00000000                PROVIDE (software_init_hook, 0x0)
                0x00000000                PROVIDE (_software_init_hook, 0x0)

.SRAM_SECT      0x80000400     0x88f0
                0x80000400                SRAM_START = .
 *(SYS_VAR_SECT)
 SYS_VAR_SECT   0x80000400      0x238 C:\nburn/lib/NetBurner.a(ucos.o)
                0x8000052c                TimeTick
                0x8000051c                OSLockNesting
                0x80000526                OSRunning
                0x80000508                OSTCBList
                0x80000530                OSMapTbl
                0x80000528                Secs
                0x80000514                OSTCBFreeList
                0x80000524                OSISRLevel
                0x80000510                OSTCBHighRdy
                0x80000520                OSRdyGrp
                0x80000538                OSUnMapTbl
                0x80000500                OSRdyTbl
                0x80000518                OSIntNesting
                0x8000050c                OSTCBCur
                0x80000400                OSTCBPrioTbl
 SYS_VAR_SECT   0x80000638      0x1ac C:\nburn/lib/NetBurner.a(ucosmain.o)
                0x80000638                OSTcbStructSize
                0x80000650                critical_count
                0x80000654                OSTCBTbl
 SYS_VAR_SECT   0x800007e4       0x1c C:\nburn/lib/NetBurner.a(fileio.o)
                0x800007fc                pExtraFdFunc
 SYS_VAR_SECT   0x80000800       0x20 C:\nburn/lib/NetBurner.a(iosys.o)
                0x80000800                read_file_sets
                0x80000810                error_file_sets
                0x80000808                write_file_sets
                0x80000820                SYS_VAR_SECT_END = .
                0x80000820                . = ALIGN (0x10)
 *(IDLE_STK_SECT)
                0x80000820                IDLE_STK_SECT_END = .
                0x80000820                . = ALIGN (0x10)
 *(MAIN_STK_SECT)
 MAIN_STK_SECT  0x80000820     0x2000 C:\nburn/lib/NetBurner.a(main.o)
                0x80000820                MainStk
                0x80002820                MAIN_STK_SECT_END = .
                0x80002820                . = ALIGN (0x4)
 *(ETHER_VAR_SECT)
 ETHER_VAR_SECT
                0x80002820      0x110 C:\nburn/lib/NANO54415.a(ethernet.o)
                0x800028f6                TxcPosts
                0x800028fa                TxcSems
                0x80002820                EthernetMac
                0x800028ee                LastIsrStatus
                0x80002850                RxBD
                0x800028e0                TxBDFlag
                0x800028fe                RxIsr
                0x8000290c                PHY_addr
                0x800028f2                RxPosts
                0x8000290e                PHY_ID
                0x80002906                bEthLink
                0x800028d4                RxBDFlag
                0x800028ea                last_rxbd
                0x800028a0                RxBDpp
                0x80002908                phy_data_pd
                0x80002826                nTx
                0x80002902                TxIsr
                0x800028c8                TxBDpp
                0x80002830                TxBD
                0x80002930                ETHER_VAR_SECT_END = .
                0x80002930                . = ALIGN (0x10)
 *(ETHER_STK_SECT)
 ETHER_STK_SECT
                0x80002930     0x2000 C:\nburn/lib/NANO54415.a(ethernet.o)
                0x80002930                EtherSendStk
                0x80004930                ETHER_STK_SECT_END = .
                0x80004930                . = ALIGN (0x4)
 *(IP_VAR_SECT)
 IP_VAR_SECT    0x80004930      0x2fe C:\nburn/lib/NetBurner.a(ip.o)
                0x8000494e                pDHCPServerTick
                0x80004932                bTTL_Default
                0x80004c26                next_arp_time
                0x80004934                ipRxFifo
                0x8000496a                multi_home_if_record
                0x80004946                IcmpFifo
                0x80004966                nAdditional_Homes
                0x80004930                wGlobalPktId
                0x8000495a                pPromisciousPacketFunc
                0x80004962                pFragFunc
                0x8000495e                pMultiCastFunc
                0x80004c2a                delay
                0x80004956                pAutoIPTick
                0x80004952                pMultiTick
                0x8000494a                pDHCPTick
                0x80004992                multi_if_block
 IP_VAR_SECT    0x80004c2e       0x78 C:\nburn/lib/NetBurner.a(udp.o)
                0x80004ca2                UdpNetbiosNameServicePtr
                0x80004c9a                pDHCPServerProcessFunction
                0x80004c2e                udp_fifos
                0x80004c96                pDHCPProcessFunction
                0x80004c9e                pTaskPacketFunc
                0x80004c92                UDP_fifos_used
                0x80004ca6                IP_VAR_SECT_END = .
                0x80004cb0                . = ALIGN (0x10)
 *fill*         0x80004ca6        0xa 00
 *(IP_STK_SECT)
 IP_STK_SECT    0x80004cb0     0x2000 C:\nburn/lib/NetBurner.a(ip.o)
                0x80004cb0                IPStk
                0x80006cb0                IP_STK_SECT_END = .
                0x80006cb0                . = ALIGN (0x4)
 *(TCP_VAR_SECT)
 TCP_VAR_SECT   0x80006cb0       0x1e C:\nburn/lib/NetBurner.a(tcp.o)
                0x80006cc0                TCP_TimerSemaphore
                0x80006cb0                TCP_critical_section
                0x80006cce                TCP_VAR_SECT_END = .
                0x80006cd0                . = ALIGN (0x10)
 *fill*         0x80006cce        0x2 00
 *(TCP_STK_SECT)
 TCP_STK_SECT   0x80006cd0     0x2000 C:\nburn/lib/NetBurner.a(tcp.o)
                0x80006cd0                TCPStk
                0x80008cd0                TCP_STK_SECT_END = .
                0x80008cd0                . = ALIGN (0x10)
 *(HTTP_STK_SECT)
                0x80008cd0                HTTP_STK_SECT_END = .
                0x80008cd0                . = ALIGN (0x10)
 *(FTP_STK_SECT)
                0x80008cd0                FTP_STK_SECT_END = .
                0x80008cd0                . = ALIGN (0x10)
 *(WIFI_STK_SECT)
                0x80008cd0                WIFI_STK_SECT_END = .
                0x80008cd0                . = ALIGN (0x10)
 *(PPP_STK_SECT)
                0x80008cd0                PPP_STK_SECT_END = .
                0x80008cd0                . = ALIGN (0x10)
 *(COMMAND_STK_SECT)
                0x80008cd0                COMMAND_STK_SECT_END = .
                0x80008cd0                . = ALIGN (0x4)
 *(USER_VAR_SECT)
                0x80008cd0                USER_VAR_SECT_END = .
                0x80008cd0                . = ALIGN (0x10)
 *(USER_STK_SECT)
                0x80008cd0                USER_STK_SECT_END = .
                0x80008cd0                BUFFERS_SECT_START = .
                0x80008cd0                . = ALIGN (0x10)
 *(BUFFERS_VAR_SECT)
 BUFFERS_VAR_SECT
                0x80008cd0       0x1c C:\nburn/lib/NetBurner.a(buffers.o)
                0x80008cd0                FAST_BUFFER_POOL_SIZE
                0x80008cde                free_fast_list
                0x80008ce8                free_list_is_initialized
                0x80008cd4                free_list
                0x80008cf0                . = ALIGN (0x10)
 *fill*         0x80008cec        0x4 00
                0x80008cf0                BUFFERS_VAR_SECT_END = .
                0x80008cf0                . = ALIGN (0x10)
                0x80008cf0                SRAM_END = .

.text           0x40000400    0x75fe0
                0x40000400                gConfigRec = .
                0x40002400                . = (. + 0x2000)
 *fill*         0x40000400     0x2000 00
                0x40002400                UserParamBase = .
                0x40004400                . = (. + 0x2000)
 *fill*         0x40002400     0x2000 00
 *(.text)
 .text          0x40004400       0xaa c:/nburn/gcc-m68k/bin/../lib/gcc/m68k-elf/4.2.1/../../../../m68k-elf/lib/m5206e\nb-crt0.o
                0x40004400                start
 *fill*         0x400044aa        0x2 00
 .text          0x400044ac       0x9c c:/nburn/gcc-m68k/bin/../lib/gcc/m68k-elf/4.2.1/m5206e/crtbegin.o
 .text          0x40004548     0x27b6 main.o
                0x40005338                parseBlockIPD(std::string)
                0x40004d9c                menu()
                0x40004a64                doPulses
                0x4000454c                func_isr
                0x40004b14                disableAll
                0x40004f8c                parseBlockPPU(std::string)
                0x400066ac                UserMain
                0x40004b40                real_func_isr
                0x4000459c                setDefaults
                0x40005c50                parseBlockCU(std::string)
                0x400045fc                Ascii2Byte(char*)
                0x40004548                fake_func_isr()
                0x40004c88                parseBlockG(std::string)
                0x400046e0                initDMATIMER1
                0x40004bf4                doSetupIO()
                0x40005d64                parseCMDPacket(char*)
 *fill*         0x40006cfe        0x2 00
 .text          0x40006d00        0x8 C:\nburn/lib/NANO54415.a(hardware_init.o)
                0x40006d00                hardware_init_hook
 .text          0x40006d08      0x3fa C:\nburn/lib/NANO54415.a(bsp.o)
                0x40006d28                fake_faultvector
                0x40006d2c                faultvector
                0x40006ec8                _sbrk_r
                0x40006f94                HardwareSetup
                0x40006e18                DisableCache
                0x40006f20                spaceleft
                0x40006d0c                Tick5441X
                0x40006f78                ForceReboot
                0x40006f64                BspGetTickFraction
                0x40006d08                xTick
                0x40006e10                C_DebugTrap
                0x40006f58                getdipsw
                0x40006f14                atexit
                0x400070ac                real_faultvector
                0x40006e90                EnableCache
                0x40006d48                SetIntc
 *fill*         0x40007102        0x2 00
 .text          0x40007104       0xbc C:\nburn/lib/NANO54415.a(localio.o)
                0x40007104                GetUartRecord
                0x40007148                GetDefUart
                0x4000715c                LocalInByte
                0x40007178                LocalOutByte
                0x400071ac                LocalCharAvail
 .text          0x400071c0      0x1f2 C:\nburn/lib/NANO54415.a(defpins.o)
                0x400071c0                SetDefPinUsage
 *fill*         0x400073b2        0x2 00
 .text          0x400073b4     0x13b6 C:\nburn/lib/NANO54415.a(pins.o)
                0x400073b4                PinIO::set(unsigned char)
                0x40008284                PinIO::function(int)
                0x40007b3c                PinIO::drive()
                0x40007e10                PinIO::read()
 *fill*         0x4000876a        0x2 00
 .text          0x4000876c      0x2d8 C:\nburn/lib/NANO54415.a(FlashOps.o)
                0x4000876c                InConfigRec(void*)
                0x40008854                CopySPIFlashImageOnBoot
                0x40008928                FlashProgram
                0x400089ec                FlashErase
                0x40008794                AddrAdjust(void*)
                0x400088d8                GetSpiFlashCrit()
                0x400088c0                ReleaseSpiFlashCrit()
 .text          0x40008a44     0x1468 C:\nburn/lib/NANO54415.a(multichanneli2c.o)
                0x400090a8                MultiChannel_I2CRestart
                0x40008c5c                fake_i2c5_multichannel_int_routine()
                0x40008cb0                MultiChannel_I2CStop
                0x40009188                MultiChannel_I2CStart
                0x40008d28                I2CRXAvail
                0x40008a44                i2cModuleSwitch(int)
                0x400096d8                I2C_MultiChannel_Isr(int)
                0x40009ad4                real_i2c3_multichannel_int_routine
                0x40008d48                I2CTXAvail
                0x40009b20                MultiChannel_I2CInit
                0x400093ac                MultiChannel_I2CReadBuf
                0x40008ef8                I2CGetByte
                0x40009b10                real_i2c0_multichannel_int_routine
                0x40008bb8                i2c3_multichannel_int_routine
                0x40008f4c                MultiChannel_I2CRead
                0x40009afc                real_i2c1_multichannel_int_routine
                0x400095c0                MultiChannel_I2CSendBuf
                0x40009aac                real_i2c5_multichannel_int_routine
                0x40008abc                i2c0_multichannel_int_routine
                0x40008b64                i2c2_multichannel_int_routine
                0x40008c08                fake_i2c4_multichannel_int_routine()
                0x40009ae8                real_i2c2_multichannel_int_routine
                0x40008b60                fake_i2c2_multichannel_int_routine()
                0x40008c60                i2c5_multichannel_int_routine
                0x40008d88                I2CFillSlaveTXBuf
                0x40008b0c                fake_i2c1_multichannel_int_routine()
                0x40008ea0                I2CMultiChannelResetPeripheral(int)
                0x40008bb4                fake_i2c3_multichannel_int_routine()
                0x40008ff0                MultiChannel_I2CSend
                0x40008b10                i2c1_multichannel_int_routine
                0x40008ab8                fake_i2c0_multichannel_int_routine()
                0x40008c0c                i2c4_multichannel_int_routine
                0x40009ac0                real_i2c4_multichannel_int_routine
 .text          0x40009eac      0xa24 C:\nburn/lib/NANO54415.a(SPIFlash.o)
                0x4000a6e0                SPIFlash::WriteSR(unsigned char)
                0x4000a748                SPIFlash::WriteEnabled()
                0x4000a198                SPIFlash::QFlushSPIRX()
                0x40009eac                SPIFlash::SPIFlash(int)
                0x4000a764                SPIFlash::WriteProtect(int)
                0x4000a7a8                SPIFlash::ResetMe()
                0x4000a008                SPIFlash::SpiFrameWait()
                0x4000a3f4                SPIFlash::EraseSector(int)
                0x4000a1d4                SPIFlash::WriteData(unsigned char*, int, int)
                0x40009fa8                SPIFlash::DoSpiRx()
                0x40009fe4                SPIFlash::~SPIFlash()
                0x40009ff4                SPIFlash::SpiStart()
                0x4000a508                SPIFlash::WriteDataWErase(unsigned char*, int, int)
                0x40009f3c                SPIFlash::SendSPITX(unsigned char, int)
                0x4000a558                SPIFlash::JedecId()
                0x4000a02c                SPIFlash::SpiAscCmd(char const*)
                0x4000a61c                SPIFlash::UniqueIdL()
                0x4000a190                SPIFlash::WriteEnable(bool)
                0x40009ef4                SPIFlash::SPIFlash(int)
                0x4000a800                SPIFlash::ReadData(unsigned char*, int, int)
                0x4000a4cc                SPIFlash::EraseRange(int, int)
                0x40009fec                SPIFlash::~SPIFlash()
                0x4000a5a8                SPIFlash::UniqueIdM()
                0x4000a6a0                SPIFlash::ReadSR()
 .text          0x4000a8d0      0x44a C:\nburn/lib/NetBurner.a(ucosmcfa.o)
                0x4000a9b0                OSDebugTraceHalt
                0x4000a8d0                OSStartHighRdy
                0x4000a9c0                TrapOutByte
                0x4000a9f0                memcpy
                0x4000a9f0                fmemcpy
                0x4000a8f0                OSCtxSw
                0x4000a9e0                TrapCharAvail
                0x4000a920                OSIntCtxSw
                0x4000a9d0                TrapInByte
                0x4000a950                OSTickISR
                0x4000aac0                memcpysum
                0x4000a990                OSSetupVBR
                0x4000acf0                GetSR_IntLevel
                0x4000ac50                memset
                0x4000ac50                fmemset
                0x4000ad00                SetSR_IntLevel
 *fill*         0x4000ad1a        0x2 00
 .text          0x4000ad1c        0x8 C:\nburn/lib/NetBurner.a(software_init.o)
                0x4000ad1c                software_init_hook
 .text          0x4000ad24     0x1e0c C:\nburn/lib/NetBurner.a(ucos.o)
                0x4000c6d0                OSCritEnterNoWait
                0x4000add4                UCOSWAITS_HERE
                0x4000c37c                OSFifoPostFirst
                0x4000c744                OSCritLeave
                0x4000c4dc                getpid
                0x4000afe0                OSLock
                0x4000be4c                OSQPostFirst
                0x4000c85c                OSTaskID
                0x4000bc38                OSQPendNoWait
                0x4000c874                OSSetName
                0x4000c89c                OSIntExit
                0x4000b464                OSSemPendNoWait
                0x4000b14c                OSTaskDelete
                0x4000b008                OSUnlock
                0x4000c4f4                OSCritInit
                0x4000bcb4                OSQPost
                0x4000c530                OSCritEnter
                0x4000c038                OSFifoPend
                0x4000b2c4                OSSemPend
                0x4000b630                OSMboxInit
                0x4000b86c                OSMboxPost
                0x4000bfec                OSFifoInit
                0x4000ba50                OSQPend
                0x4000ad50                OSSched
                0x4000ae0c                OSTimeDly
                0x4000b4a4                OSSemPost
                0x4000b048                OSChangePrio
                0x4000afb0                OSTCBGetFree
                0x4000ade4                OSIntEnterWAS
                0x4000b824                OSMboxPendNoWait
                0x4000c21c                OSFifoPost
                0x4000b264                OSSemInit
                0x4000c938                OSStart
                0x4000aec4                OSTimeTick
                0x4000b9dc                OSQInit
                0x4000c888                OSTaskName
                0x4000c1cc                OSFifoPendNoWait
                0x4000b684                OSMboxPend
                0x4000c9b4                OSInit
                0x4000aea4                OSChangeTaskDly
 .text          0x4000cb30      0x1b8 C:\nburn/lib/NetBurner.a(ucosmain.o)
                0x4000cc0c                __malloc_unlock
                0x4000cb30                UCosBegin
                0x4000cc2c                balloc_lock
                0x4000cc6c                UCosSetup
                0x4000cbf0                balloc_unlock
                0x4000cc4c                __malloc_lock
 .text          0x4000cce8      0x5f8 C:\nburn/lib/NetBurner.a(fileio.o)
                0x4000ce78                ioctl
                0x4000cce8                isatty
                0x4000cdd0                CurrentStdioFD
                0x4000ce48                lseek
                0x4000cd20                ReplaceStdio
                0x4000cee4                write
                0x4000cd04                fstat
                0x4000d014                rawwrite
                0x4000d220                stdioinbyte
                0x4000d098                read
                0x4000ce00                outbyte
                0x4000ce60                open
                0x4000ce18                charavail
                0x4000cdf4                fcntl
                0x4000d298                close
 .text          0x4000d2e0       0x78 C:\nburn/lib/NetBurner.a(main.o)
                0x4000d318                main
                0x4000d2e0                __do_global_ctors
 .text          0x4000d358     0x1aaa C:\nburn/lib/NetBurner.a(ip.o)
                0x4000d7a8                FixUpICMP(IPPKT*, unsigned char, unsigned char, unsigned char*, unsigned short)
                0x4000d518                IsMultiCast(unsigned long)
                0x4000e148                FixHeaderAndSend(pool_buffer*, IPPKT*)
                0x4000dabc                DoIPPacket(pool_buffer*, EFRAME*, unsigned short)
                0x4000d414                GetSum20
                0x4000e444                PingViaInterface
                0x4000da5c                SaveError(pool_buffer*)
                0x4000ddcc                process_icmp(pool_buffer*, IPPKT*, unsigned short)
                0x4000d654                IpProcessEthernetPacket
                0x4000dc80                FixHeaderAndSendViaInterface(pool_buffer*, IPPKT*, int)
                0x4000e6c0                ShowIPBuffer(pool_buffer*)
                0x4000e2a8                SendICMPError(pool_buffer*, unsigned char, unsigned char)
                0x4000d8c0                InitializeStack(unsigned long, unsigned long, unsigned long, unsigned long)
                0x4000d568                GetData(IPPKT*)
                0x4000d9e4                InitializeCStack
                0x4000e554                Ping
                0x4000d358                GetSum
                0x4000d9f0                GetMultiHomeInterface(unsigned long, int)
                0x4000daa0                IsMyIp
                0x4000d864                IsBroadCast(unsigned long, int)
                0x4000d810                KillStack
                0x4000d594                PrepareIPOutput(pool_buffer*, unsigned long, unsigned short)
                0x4000d538                GetMultiAddress(unsigned long)
                0x4000e37c                SendPing
                0x4000d44c                GetSumHdr
                0x4000d81c                IsLocal(unsigned long, int)
                0x4000e588                GetLocalIPInterface(unsigned long)
                0x4000e5e0                AddInterface(unsigned long, unsigned long, unsigned long, int)
                0x4000dee8                IPTask(void*)
 *fill*         0x4000ee02        0x2 00
 .text          0x4000ee04      0xef8 C:\nburn/lib/NetBurner.a(buffers.o)
                0x4000eee8                FreeBufferList
                0x4000f2f4                fifo_buffer_storage::Full()
                0x4000f3e4                ShowBuffer
                0x4000f6c8                fifo_buffer_storage::Reset(unsigned char)
                0x4000ef18                InitBuffers
                0x4000f044                buffer_list::InsertBefore(pool_buffer*, pool_buffer*)
                0x4000f21c                GetBuffer
                0x4000f3c4                fifo_buffer_storage::fifo_buffer_storage(unsigned char, unsigned char)
                0x4000f2dc                fifo_buffer_storage::Empty()
                0x4000fb40                fifo_buffer_storage::ReadDatawSum(unsigned char*, int, unsigned long&)
                0x4000f2c8                fifo_buffer_storage::SpaceUsed()
                0x4000ee04                ShowBuffers()
                0x4000ee30                buffer_list::InsertHead(pool_buffer*)
                0x4000f510                GetFreeCount
                0x4000ee14                IncUsageCount
                0x4000f3a4                fifo_buffer_storage::fifo_buffer_storage(unsigned char, unsigned char)
                0x4000efe0                buffer_list::InsertTail(pool_buffer*)
                0x4000f788                fifo_buffer_storage::~fifo_buffer_storage()
                0x4000f878                fifo_buffer_storage::SetMaxBuffers(unsigned char)
                0x4000f588                fifo_buffer_storage::ReadData(unsigned char*, int)
                0x4000f33c                fifo_buffer_storage::Init(unsigned char, unsigned char)
                0x4000ee0c                DumpBuffers()
                0x4000f1b4                buffer_list::RemoveHead()
                0x4000f12c                buffer_list::Remove(pool_buffer*)
                0x4000f268                buffer_list::RemoveTail()
                0x4000f79c                fifo_buffer_storage::LongSpaceAvail()
                0x4000f908                fifo_buffer_storage::WriteData(unsigned char*, int)
                0x4000eea0                FreeBuffer
                0x4000f0b8                buffer_list::InsertAfter(pool_buffer*, pool_buffer*)
                0x4000f854                fifo_buffer_storage::SpaceAvail()
                0x4000f774                fifo_buffer_storage::~fifo_buffer_storage()
 .text          0x4000fcfc     0x1922 C:\nburn/lib/NetBurner.a(arp.o)
                0x40010a30                FindAddArp(unsigned long)
                0x4000fe58                sendGratuitousArp(int)
                0x4000fd24                MacEqual(MACADR, MACADR)
                0x40010060                InitializeArp()
                0x40010108                FindArp(unsigned long)
                0x40010364                SendArp(ArpRecord*, int)
                0x40010014                GetInterface(unsigned long)
                0x40011314                AddCheckArp(MACADR*, unsigned long, int)
                0x4000fd84                SetMac(ArpRecord*, MACADR, int)
                0x4001086c                DeleteArpFromIp(unsigned long)
                0x4001020c                GetArpMacFromIp(unsigned long, MACADR&)
                0x40010e3c                RouteOutVia(EFRAME*, unsigned long, pool_buffer*, int)
                0x400102c0                GetProperInterface(unsigned long)
                0x40010980                FreeOneArp()
                0x400113a0                processArp(pool_buffer*, EFRAME*)
                0x4000fe1c                NeedsArp(int)
                0x40010494                GetNextArp(ArpRecord*)
                0x4000ff28                RawSendArp(ArpRecord*, unsigned long, int)
                0x4001088c                AgeArp()
                0x4001105c                RouteOut(EFRAME*, unsigned long, pool_buffer*)
                0x4001055c                ShowArp()
                0x4001069c                DeleteArp(ArpRecord*)
                0x40010504                GetFirstArp()
                0x400103d0                GetSrcIp
                0x40010ccc                IsMyAddressUsedArpDetect(unsigned short, int)
                0x4000fd1c                Cleanup()
                0x4000fcfc                IsNull(ArpRecord*)
                0x400105f0                fShowArp(__sFILE*)
                0x40010264                AddPending(MACADR*, unsigned long, int)
 *fill*         0x4001161e        0x2 00
 .text          0x40011620     0x13dc C:\nburn/lib/NetBurner.a(udp.o)
                0x40011ee8                UDPPacket::Send(unsigned long, unsigned char)
                0x40011768                UDPPacket::SetDestinationPort(unsigned short)
                0x4001182c                UDPPacket::GetPacketId()
                0x40011878                UDPPacket::GetSourceAddress()
                0x40012634                UDPPacket::UDPPacket()
                0x40011c24                UDPPacket::AddDataByte(unsigned char)
                0x40012000                UDPPacket::SendAndKeep(unsigned long, unsigned char)
                0x4001189c                RegisterUDPFifo(unsigned short, os_fifo*)
                0x40011c6c                UDPPacket::AddData(char const*)
                0x40011694                UDPPacket::UDPPacket(pool_buffer*)
                0x40011d2c                UDPPacket::SendViaInterface(unsigned long, int, unsigned char)
                0x40011814                UDPPacket::GetIpPacket()
                0x40011e54                UDPPacket::SendVia(unsigned long, unsigned long, unsigned char)
                0x40012070                UDPPacket::~UDPPacket()
                0x40011620                GetUdpFifoRec(unsigned short)
                0x400117a4                UDPPacket::GetDataBuffer()
                0x40011964                RegisterUDPFifoWithNotify(unsigned short, os_fifo*, void (*)(os_fifo*, unsigned short))
                0x400116e0                UDPPacket::UDPPacket(pool_buffer*)
                0x400117d8                UDPPacket::GetDataSize() const
                0x400120dc                ProcessIDPacket(UDPPacket&, int)
                0x40011c48                UDPPacket::AddDataWord(unsigned short)
                0x40012678                process_udp(pool_buffer*, IPPKT*, unsigned short)
                0x40011c9c                UDPPacket::Validate()
                0x40011784                UDPPacket::GetDestinationPort() const
                0x40011b78                UDPPacket::AddData(unsigned char const*, unsigned short)
                0x40011a2c                UnregisterUDPFifo(unsigned short)
                0x4001293c                UDPPacket::UDPPacket(os_fifo*, unsigned long)
                0x400117b8                UDPPacket::SetDataSize(unsigned short)
                0x40011af4                FixIDDataPacket(UDPPacket&, _InterfaceBlock*)
                0x40011800                UDPPacket::ResetData()
                0x40012048                UDPPacket::~UDPPacket()
                0x4001299c                UDPPacket::UDPPacket(os_fifo*, unsigned long)
                0x40011e94                UDPPacket::SendAndKeepVia(unsigned long, unsigned long, unsigned char)
                0x4001172c                UDPPacket::SetSourcePort(unsigned short)
                0x40011748                UDPPacket::GetSourcePort() const
                0x40011b50                FixIDDataPacket(UDPPacket&, int)
                0x40012098                UDPPacket::UDPPacket()
                0x40011854                UDPPacket::GetDestinationAddress()
 .text          0x400129fc     0x5406 C:\nburn/lib/NetBurner.a(tcp.o)
                0x400140a4                SendTcpRst(IPPKT*)
                0x40013038                GetTcpState(int)
                0x40014354                InitTCP()
                0x40014e38                _Socket_Private_read
                0x40012fec                ShortSocketList::ShortSocketList()
                0x40013098                SetOutOfOrderbuffers(int, unsigned char)
                0x40012c6c                GetSocketRemotePort(int)
                0x4001380c                socket_struct::MyAdvertisedWindow()
                0x400136a8                SetSocketTxBuffers(int, int)
                0x40012d80                setsockoption(int, int)
                0x40013b58                TcpSend(socket_struct*, unsigned long, pool_buffer*, unsigned short, unsigned char)
                0x40016f84                TCPTimerTask(void*)
                0x40017774                process_tcp(pool_buffer*, IPPKT*, unsigned short)
                0x40015494                socket_struct::ProcessRST()
                0x40017d38                NoBlockconnectvia(unsigned long, unsigned short, unsigned short, unsigned long)
                0x400130dc                TcpGetLastRxTime(int)
                0x400155b0                abortsocket
                0x40015994                socket_struct::ProcessDataSegment(TCPPKT*, unsigned short, unsigned char*, pool_buffer*&)
                0x40017b90                connectvia(unsigned long, unsigned short, unsigned short, unsigned long, unsigned long)
                0x4001496c                HashSocketList::RemoveSocket(socket_struct*) const
                0x4001602c                _Socket_Private_write
                0x40012db8                getsockoption(int)
                0x40016674                socket_struct::ProcessAck(TCPPKT*)
                0x40014e54                socket_struct::SaveData(unsigned char*, unsigned short, unsigned char)
                0x4001465c                GetTcpRtxCount(int)
                0x40012b60                fixoverlap(unsigned long, unsigned long, unsigned long&, unsigned long&)
                0x40015134                socket_struct::SetTimer(unsigned long)
                0x40017d10                connect(unsigned long, unsigned short, unsigned short, unsigned long)
                0x40012e44                HashSocketList::HashSocketList()
                0x40014bb0                GetTcpSocket(TCPPKT*, unsigned long)
                0x40017d88                NoBlockConnect(unsigned long, unsigned short, unsigned short, unsigned long)
                0x40013328                TcpGetRxBufferSpaceUsed(int)
                0x40015c74                socket_struct::DoRawSend()
                0x40013368                ShowFdTcpSocket(int)
                0x4001362c                socket_struct::ClearPending(int)
                0x400146d0                ShortSocketList::findsocket(unsigned short, unsigned short, unsigned long) const
                0x40017c88                connect(unsigned long, unsigned short, unsigned short, unsigned long, unsigned long)
                0x400145e8                TcpSendKeepAlive(int)
                0x40012bdc                getsocketerror(int)
                0x40012e2c                EnableTcpDebug(unsigned short)
                0x40016e90                socket_struct::ProcessTimer()
                0x40015b50                socket_struct::SetUpNextRetransmit()
                0x40012e3c                HashSocketList::HashSocketList()
                0x40014c68                SockReadWithTimeout
                0x400142e8                GetFreeSocketCount()
                0x40016920                socket_struct::ProcessFIN(TCPPKT*, unsigned short)
                0x40013884                FixHeaderAndSendTcp(pool_buffer*, IPPKT*, socket_struct*)
                0x40012de8                setsocketackbuffers(int, unsigned char)
                0x40012d60                socket_struct::CleanUpDeletedListener()
                0x40012b1c                FindListenSocket(unsigned short, unsigned long)
                0x40013990                TcpSendwSum(socket_struct*, unsigned long, pool_buffer*, unsigned short, unsigned char, unsigned long)
                0x400151b4                socket_struct::DoCleanup()
                0x40014f44                socket_struct::TestOutofOrder()
                0x4001314c                TcpGetLastRxInterval(int)
                0x400129fc                GetFirstSeq()
                0x40014554                FREESOCKET(socket_struct*)
                0x4001538c                ShortSocketList::AddSocket(socket_struct*)
                0x40016558                socket_struct::DoRetransmit(unsigned char)
                0x40012ffc                ShortSocketList::Init()
                0x40014774                ShortSocketList::processTick()
                0x40017880                socket_struct::CoreConnect(unsigned long, unsigned short, unsigned short, unsigned long)
                0x40016a94                _Socket_Private_close
                0x40016bd4                accept(int, unsigned long*, unsigned short*, unsigned short)
                0x40012ff4                ShortSocketList::ShortSocketList()
                0x400136e8                SetSocketRxBuffers(int, int)
                0x400157d0                listen(unsigned long, unsigned short, unsigned char)
                0x40012e4c                HashSocketList::Init() const
                0x40012e64                ShortSocketList::GetFreeShort()
                0x40012c3c                GetSocketRemoteAddr(int)
                0x40014ad8                HashSocketList::findsocket(unsigned short, unsigned short, unsigned long) const
                0x400132bc                WaitForSocketFlush(int, unsigned long)
                0x40012e34                DumpTcpPacket(IPPKT*)
                0x400158d8                RemoveFromUserCloseList(socket_struct*)
                0x40012a40                ValidateTCP(IPPKT*, unsigned short)
                0x40014824                ShortSocketList::process(pool_buffer*, TCPPKT*, unsigned long) const
                0x40012a2c                socket_struct::SetState(int)
                0x40013728                socket_struct::processoptions(pool_buffer*, TCPPKT*, IPPKT*)
                0x40016254                socket_struct::DoClose(int)
                0x400156e4                GetFreeSocket()
                0x40012c9c                GetSocketLocalPort(int)
                0x40014a24                HashSocketList::AddSocket(socket_struct*) const
                0x40012fac                ShortSocketList::FreeShort(ShortSocket*) const
                0x40012ccc                socket_struct::CalcRTO(unsigned long)
                0x4001404c                socket_struct::OpenWindow()
                0x400141b8                SendTcpSynRst(IPPKT*)
                0x4001326c                TcpAllDataAcked(int)
                0x40015fac                clrsockoption(int, int)
                0x40013110                TcpGetSocketState(int)
                0x40012e24                DumpTcpDebug()
                0x40012c0c                GetSocketLocalAddr(int)
                0x400170ac                socket_struct::process(pool_buffer*, TCPPKT*)
                0x4001306c                RegisterTCPReadNotify
                0x40013be8                socket_struct::SendState(unsigned short, pool_buffer*)
 *fill*         0x40017e02        0x2 00
 .text          0x40017e04      0x69e C:\nburn/lib/NetBurner.a(iosys.o)
                0x40018240                SetDataAvail
                0x400180e0                writeall
                0x40018140                RawCheckSelects()
                0x400181ec                SetHaveError
                0x4001827c                RemoveSelect(PendingSelect*)
                0x40018204                SetWriteAvail
                0x40017fd0                ZeroWaitSelect
                0x400182fc                AddSelect(PendingSelect*)
                0x40017f24                FD_ISSET
                0x40017ecc                ClrDataAvail
                0x40018354                select
                0x40017eb4                ClrWriteAvail
                0x400181b8                CheckSelects()
                0x40018084                writestring
                0x40017f94                countbits(fd_set*)
                0x40017e04                FD_OVERLAP(fd_set*, fd_set*)
                0x40018054                dataavail
                0x40017e40                FD_ZERO
                0x40017ee4                FD_SET
                0x40017e9c                ClrHaveError
                0x40017f70                countdwbits(unsigned long)
                0x400183f4                ReadWithTimeout
                0x40017e58                FD_CLR
 *fill*         0x400184a2        0x2 00
 .text          0x400184a4      0x71c C:\nburn/lib/NetBurner.a(autoip.o)
                0x400186e0                AutoIPClient::AutoIPClient(int)
                0x400185c0                AutoIPClient::stop()
                0x40018a0c                AutoIPClient::arpCheck()
                0x40018530                AutoIPClient::getNextTick()
                0x40018868                AutoIPClient::announce()
                0x400184e4                AutoIPClient::addressCollision()
                0x40018520                AutoIPClient::getState()
                0x40018944                AutoIPClient::startArp()
                0x40018b68                AutoIPClient::staticTimeTick()
                0x400184a4                AutoIPClient::start()
                0x4001875c                AutoIPClient::AutoIPClient(int)
                0x40018540                AutoIPClient::tickDelay(int)
                0x40018568                AutoIPClient::negotiate()
                0x400188ac                AutoIPClient::setRNG()
                0x4001867c                AutoIPClient::~AutoIPClient()
                0x40018af8                AutoIPClient::timeTick()
                0x400185f8                AutoIPClient::restart()
                0x400187d8                AddAutoIPInterface(int)
                0x40018618                AutoIPClient::~AutoIPClient()
                0x40018908                AutoIPClient::generateNewIPAddr()
 .text          0x40018bc0     0x1d98 C:\nburn/lib/NetBurner.a(dhcpc.o)
                0x40018e34                CompareChaddr(unsigned char*, unsigned char*)
                0x400194b4                DhcpObject::DhcpObject(int)
                0x4001a4c4                DhcpObject::RestartDHCP()
                0x4001936c                DhcpObject::StopBOOTP()
                0x40019358                DhcpObject::StopProcessing()
                0x40018cf8                DHCPMessage::ResetBytes()
                0x40018d60                DHCPMessage::SetRandomXid()
                0x400193d0                DhcpObject::~DhcpObject()
                0x4001a918                DhcpObject::staticDHCPTimer()
                0x40018e18                DHCPMessage::GetOptionData(unsigned char)
                0x4001a7ec                DhcpObject::RenewDHCP()
                0x40019ab4                DHCPMessage::SendServerMsg(unsigned long, int)
                0x4001965c                DHCPMessage::MsgForInterface(int)
                0x40019fd8                DhcpObject::StopDHCP()
                0x4001a230                DhcpObject::ReTransmitPacket(unsigned long)
                0x40019440                DhcpObject::UpdateIPRuntimeVars(unsigned char)
                0x4001a324                DhcpObject::StartDHCP()
                0x4001942c                SetDHCPDiscoverSeconds(unsigned long)
                0x4001a778                DhcpObject::staticDHCPPacket(pool_buffer*)
                0x40018ec4                AddDhcpOptions(DHCPMessage&, int&)
                0x4001a030                DhcpObject::CreateDhcpRenewMsg(DHCPMessage&)
                0x40018c90                DHCPMessage::CreateReply(unsigned long, unsigned long)
                0x40018e70                ValidDhcpMsg(unsigned char*)
                0x40019588                DhcpObject::DhcpObject(int)
                0x40019374                DhcpObject::~DhcpObject()
                0x4001901c                DhcpObject::DhcpConfig(DHCPMessage&)
                0x40019ee4                DhcpObject::CreateDhcpReleaseMsg(DHCPMessage&)
                0x4001932c                DhcpObject::GetRemainingDhcpLeaseTime()
                0x40018d9c                DHCPMessage::GetOptionData(unsigned char, int&)
                0x40019694                DHCPMessage::DHCPMessage(unsigned char*)
                0x4001a4f0                __restartDHCP(DhcpObject*)
                0x4001a818                DhcpObject::DHCPTimer()
                0x40018bc0                DHCPMessage::DHCPMessage()
                0x4001a354                GetDHCPAddress(int)
                0x400196bc                DHCPMessage::DHCPMessage(unsigned char*)
                0x40019300                DhcpObject::GetDHCPState()
                0x40018f7c                DhcpObject::BootpConfig(DHCPMessage&)
                0x4001a478                GetDHCPAddressIfNecessary(int)
                0x4001a2f8                DhcpObject::StartBOOTP()
                0x40019b9c                CreateDhcpDiscoverMsg(DHCPMessage&, int)
                0x40019b28                DHCPMessage::SendMsg(unsigned long, int)
                0x40018cc0                DHCPMessage::ClearOptions()
                0x40019310                DhcpObject::ValidDhcpLease()
                0x4001a4f8                DhcpObject::DHCPPacket(pool_buffer*)
                0x40019d90                DhcpObject::CreateBootpMsg(DHCPMessage&)
                0x400196e4                CreateDhcpRequestMsg(DHCPMessage&, DHCPMessage&, int)
                0x40018c28                DHCPMessage::DHCPMessage()
                0x4001a7c0                DhcpObject::RebindDHCP()
 .text          0x4001a958      0x4b2 C:\nburn/lib/NetBurner.a(netinterface.o)
                0x4001ad3c                InitializeNetwork(void (*)(pool_buffer*, EFRAME*, unsigned short), void (*)(pool_buffer*, EFRAME*))
                0x4001aa10                InterfaceIP(int)
                0x4001ab04                GetEframe(pool_buffer*)
                0x4001acdc                SaveIfConfig(ConfigRecord*, int)
                0x4001abd0                RegisterMultiHomeInterface(_InterfaceBlock*)
                0x4001a958                GetFirstInterface()
                0x4001ad0c                GetIfConfig(int)
                0x4001aac0                InterfaceMAC(int)
                0x4001a9bc                GetInterFaceBlock(int)
                0x4001aa3c                InterfaceDNS(int)
                0x4001aa68                InterfaceMASK(int)
                0x4001a978                GetnextInterface(int)
                0x4001ada8                TransmitBuffer(pool_buffer*, int)
                0x4001ab70                DisableMulticast(MACADR, int)
                0x4001ac38                RegisterInterface(_InterfaceBlock*)
                0x4001ab18                EnableMulticast(MACADR, int)
                0x4001aca8                Removeinterface(int)
                0x4001abc8                StopNetworks()
                0x4001a9e8                GetInterfaceNumber(_InterfaceBlock*)
                0x4001aa94                InterfaceGate(int)
 *fill*         0x4001ae0a        0x2 00
 .text          0x4001ae0c      0x5c8 C:\nburn/lib/NetBurner.a(taskmon.o)
                0x4001b314                ProcessTaskPacket(UDPPacket&, int)
                0x4001ae0c                EnableTaskMonitor()
                0x4001ae20                BufferDumpTCBState(os_tcb*)
 .text          0x4001b3d4     0x131e C:\nburn/lib/NetBurner.a(smarttrap.o)
                0x4001b408                EnableSmartTraps()
                0x4001b4e8                WalkStack(os_tcb*, unsigned long, unsigned long)
                0x4001b9c8                smart_trap_asm
                0x4001b7e8                Local_OutTCBState(os_tcb*, unsigned long, unsigned long)
                0x4001b3d4                SafeRead(unsigned long)
                0x4001b424                Local_OutHex(unsigned long, int)
                0x4001b9c0                Smart_Trap_Holder()
                0x4001b4b8                Local_OutString(char const*)
                0x4001b564                Local_ShowTaskName(os_tcb volatile*)
 *fill*         0x4001c6f2        0x2 00
 .text          0x4001c6f4      0x538 C:\nburn/lib/NetBurner.a(autoupdate.o)
                0x4001cb7c                ProcessAutoUpdatePacket(UDPPacket&)
                0x4001c8b0                DoData(UDPPacket&)
                0x4001c6f4                EnableAutoUpdate
                0x4001c708                DoReboot()
                0x4001c738                DoExecute(UDPPacket&, int)
                0x4001c9a0                DoStart(UDPPacket&)
 .text          0x4001cc2c       0x52 C:\nburn/lib/NetBurner.a(device.o)
                0x4001cc4c                DeviceInitializeSem
                0x4001cc2c                DeviceGetQspiSem()
                0x4001cc3c                DeviceGetI2cSem()
 *fill*         0x4001cc7e        0x2 00
 .text          0x4001cc80      0x320 C:\nburn/lib/NetBurner.a(ucosmcfc.o)
                0x4001cf68                OSTaskCreate
                0x4001cf94                TopOfStackKillfunction
                0x4001cd3c                OSTaskCreatewName
                0x4001cc80                OSTCBInit
                0x4001cf98                KillFunctionLink
 .text          0x4001cfa0      0x684 C:\nburn/lib/NetBurner.a(system.o)
                0x4001d324                UpdateConfigRecord_Num
                0x4001cff4                RawGetConfig
                0x4001cfa0                isvalidcr
                0x4001d4e0                SetupDialog
                0x4001d0b0                ReadLine
                0x4001d4cc                UpdateConfigRecord
                0x4001d020                GetValidConfig
                0x4001d270                IpQuestion
                0x4001d048                ShowChange
 .text          0x4001d624      0xc84 C:\nburn/lib/NetBurner.a(utils.o)
                0x4001e010                fShowMac
                0x4001d814                FancyDump(unsigned char*, int)
                0x4001e144                ShowCounters
                0x4001d75c                convertHexAsciiToBinary
                0x4001d9d4                ShowData
                0x4001e06c                snShowIP
                0x4001d624                kill
                0x4001e1ac                fShowCounters
                0x4001dfd0                fShowIP
                0x4001d634                _fini
                0x4001d940                ShowIP
                0x4001d640                AsciiToIp
                0x4001e224                sShowCounters
                0x4001e110                DiagMenuPicker(int, unsigned char)
                0x4001d97c                ShowMac
                0x4001d6c4                convertBinaryToHexAscii
                0x4001d7fc                __builtin_delete
                0x4001d62c                _exit
                0x4001e0b0                snShowMac
 .text          0x4001e2a8       0x26 C:\nburn/lib/NetBurner.a(new_ops.o)
                0x4001e2a8                operator new(unsigned long)
 *fill*         0x4001e2ce        0x2 00
 .text          0x4001e2d0     0x21da C:\nburn/lib/NANO54415.a(serial.o)
                0x4001e2fc                WakeTx(int)
                0x4001e2d0                FdSerialMap(int)
                0x4001f5f0                SerialClose
                0x4001e8ec                fake_SER_7_ISR()
                0x400203ac                real_SER_5_ISR
                0x4001f57c                SendBreak
                0x4001fdb4                OpenSerial
                0x4001f0b4                GetUartErrorReg
                0x4001e660                fake_SER_0_ISR()
                0x4001e944                SER_8_ISR
                0x4001e708                real_SER_1_ISR
                0x400203ec                real_SER_4_ISR
                0x4001f2fc                fShowSerialData(__sFILE*)
                0x400202ec                real_SER_8_ISR
                0x4001e844                fake_SER_5_ISR()
                0x4001e89c                SER_6_ISR
                0x4001e748                fake_SER_2_ISR()
                0x4001f22c                SerialSendComplete
                0x4001e9e8                SerialEnableTxFlow
                0x4001ea30                SerialEnableRxFlow
                0x4002032c                real_SER_7_ISR
                0x4001e390                DoSerIsr(int)
                0x4001ee18                Serial485HalfDupMode
                0x4002042c                real_SER_3_ISR
                0x4001e998                SER_9_ISR
                0x4001e7a0                SER_3_ISR
                0x4001e994                fake_SER_9_ISR()
                0x4001e848                SER_5_ISR
                0x40020270                real_SER_0_ISR
                0x4001ec44                SerialEnableHwRxFlow
                0x4001f8d0                serread
                0x4001fbf0                BasePutChar(int, unsigned char)
                0x4001f8ec                BaseGetChar(int)
                0x4002046c                real_SER_2_ISR
                0x4001e7f4                SER_4_ISR
                0x4001e6b8                SER_1_ISR
                0x4001f6e4                serreadwto
                0x4001fd14                InitializeMaps()
                0x4001e664                SER_0_ISR
                0x4001faf4                serwriteaddress
                0x4001e8f0                SER_7_ISR
                0x400202ac                real_SER_9_ISR
                0x4001f9ac                serwrite
                0x4001f2ac                SerialExpandRxBuffer(int, int)
                0x4001f6c0                serexternalclose
                0x4001e898                fake_SER_6_ISR()
                0x4001e74c                SER_2_ISR
                0x4001e7f0                fake_SER_4_ISR()
                0x4001e940                fake_SER_8_ISR()
                0x4001e6b4                fake_SER_1_ISR()
                0x4001e79c                fake_SER_3_ISR()
                0x4002036c                real_SER_6_ISR
                0x4001ea7c                SerialEnableHwTxFlow
 *fill*         0x400204aa        0x2 00
 .text          0x400204ac     0x17ce C:\nburn/lib/NANO54415.a(ethernet.o)
                0x40021090                AddEthernetInterface()
                0x40020690                StopEnet()
                0x40020b48                ResetEnet()
                0x400212b0                ProcessDuplexStatus()
                0x400204ac                read_eth_addr(MACADR*)
                0x40021184                WarmEnetReset()
                0x40021acc                real_rxenetisr
                0x400204d8                fake_rxenetisr()
                0x400204dc                rxenetisr
                0x4002052c                fake_txenetisr()
                0x40021280                EnablePHY()
                0x400206e4                EthMultifunc(MACADR, unsigned char)
                0x40020580                GetMII(unsigned char, unsigned char)
                0x40020700                ResetEnetPart2()
                0x40020530                txenetisr
                0x40020604                SetMII(unsigned char, unsigned char, unsigned short)
                0x40020edc                InitializeEthernet()
                0x40021728                real_txenetisr
                0x400206c0                DisablePHY()
                0x40021220                ManualEthernetConfig(unsigned char, unsigned char, unsigned char)
                0x400215d4                EthTransmitBuffer(pool_buffer*)
                0x40021920                Ether_ProcessTask(void*)
 *fill*         0x40021c7a        0x2 00
 .text          0x40021c7c     0x16e8 C:\nburn/lib/NANO54415.a(etherprint.o)
                0x4002328c                EtherLink()
                0x40021c7c                EtherSpeed100()
                0x40023280                denet()
                0x40022f20                ShowFECRegisters()
                0x40021d54                ShowMII(unsigned char, unsigned char, char const*, unsigned short)
                0x400232c0                elink()
                0x40023274                dEnet()
                0x40021c9c                SwitchMIIPage(unsigned long)
                0x40021c8c                EtherDuplex()
                0x40021cc8                showbinary(unsigned short, unsigned short)
                0x40021dbc                ShowPhyterMII()
 .text          0x40023364      0x196 C:\nburn/lib/NANO54415.a(emulticast.o)
                0x40023448                EthDisableMulticast(MACADR)
                0x400233a4                EthEnableMulticast(MACADR)
                0x40023364                GetMultiCastCRC(MACADR)
 *fill*         0x400234fa        0x2 00
 .text          0x400234fc      0x23c C:\nburn/lib/NetBurner.a(extraio.o)
                0x4002352c                ExpandWrite(int, char const*, int)
                0x4002355c                ExpandClose(int)
                0x4002358c                InitExtras()
                0x400235c8                GetExtraFD
                0x400234fc                ExpandRead(int, char*, int)
                0x400236fc                GetFreeExtraFDCount
                0x40023658                FreeExtraFd
                0x40023690                GetExtraData
                0x400236c4                GetExtraExtraData
 .text          0x40023738      0x1f2 C:\nburn/lib/NetBurner.a(netrx.o)
                0x40023738                NetDoRX(pool_buffer*, unsigned short, int)
 *fill*         0x4002392a        0x2 00
 .text          0x4002392c        0x0 c:/nburn/gcc-m68k/bin/../lib/gcc/m68k-elf/4.2.1/../../../../m68k-elf/lib/m5206e\libstdc++.a(functexcept.o)
 .text          0x4002392c        0x0 c:/nburn/gcc-m68k/bin/../lib/gcc/m68k-elf/4.2.1/../../../../m68k-elf/lib/m5206e\libstdc++.a(globals_io.o)
 .text          0x4002392c        0x0 c:/nburn/gcc-m68k/bin/../lib/gcc/m68k-elf/4.2.1/../../../../m68k-elf/lib/m5206e\libstdc++.a(ios_failure.o)
 .text          0x4002392c        0x0 c:/nburn/gcc-m68k/bin/../lib/gcc/m68k-elf/4.2.1/../../../../m68k-elf/lib/m5206e\libstdc++.a(ios_init.o)
 .text          0x4002392c        0x0 c:/nburn/gcc-m68k/bin/../lib/gcc/m68k-elf/4.2.1/../../../../m68k-elf/lib/m5206e\libstdc++.a(locale.o)
 .text          0x4002392c        0x0 c:/nburn/gcc-m68k/bin/../lib/gcc/m68k-elf/4.2.1/../../../../m68k-elf/lib/m5206e\libstdc++.a(locale_init.o)
 .text          0x4002392c        0x0 c:/nburn/gcc-m68k/bin/../lib/gcc/m68k-elf/4.2.1/../../../../m68k-elf/lib/m5206e\libstdc++.a(stdexcept.o)
 .text          0x4002392c        0x0 c:/nburn/gcc-m68k/bin/../lib/gcc/m68k-elf/4.2.1/../../../../m68k-elf/lib/m5206e\libstdc++.a(ext-inst.o)
 .text          0x4002392c        0x0 c:/nburn/gcc-m68k/bin/../lib/gcc/m68k-elf/4.2.1/../../../../m68k-elf/lib/m5206e\libstdc++.a(ios-inst.o)
 .text          0x4002392c        0x0 c:/nburn/gcc-m68k/bin/../lib/gcc/m68k-elf/4.2.1/../../../../m68k-elf/lib/m5206e\libstdc++.a(istream-inst.o)
 .text          0x4002392c        0x0 c:/nburn/gcc-m68k/bin/../lib/gcc/m68k-elf/4.2.1/../../../../m68k-elf/lib/m5206e\libstdc++.a(istream.o)
 .text          0x4002392c        0x0 c:/nburn/gcc-m68k/bin/../lib/gcc/m68k-elf/4.2.1/../../../../m68k-elf/lib/m5206e\libstdc++.a(locale-inst.o)
 .text          0x4002392c        0x0 c:/nburn/gcc-m68k/bin/../lib/gcc/m68k-elf/4.2.1/../../../../m68k-elf/lib/m5206e\libstdc++.a(misc-inst.o)
 .text          0x4002392c        0x0 c:/nburn/gcc-m68k/bin/../lib/gcc/m68k-elf/4.2.1/../../../../m68k-elf/lib/m5206e\libstdc++.a(ostream-inst.o)
 .text          0x4002392c        0x0 c:/nburn/gcc-m68k/bin/../lib/gcc/m68k-elf/4.2.1/../../../../m68k-elf/lib/m5206e\libstdc++.a(streambuf-inst.o)
 .text          0x4002392c        0x0 c:/nburn/gcc-m68k/bin/../lib/gcc/m68k-elf/4.2.1/../../../../m68k-elf/lib/m5206e\libstdc++.a(streambuf.o)
 .text          0x4002392c        0x0 c:/nburn/gcc-m68k/bin/../lib/gcc/m68k-elf/4.2.1/../../../../m68k-elf/lib/m5206e\libstdc++.a(string-inst.o)
 .text          0x4002392c        0x0 c:/nburn/gcc-m68k/bin/../lib/gcc/m68k-elf/4.2.1/../../../../m68k-elf/lib/m5206e\libstdc++.a(collate_members.o)
 .text          0x4002392c        0x0 c:/nburn/gcc-m68k/bin/../lib/gcc/m68k-elf/4.2.1/../../../../m68k-elf/lib/m5206e\libstdc++.a(messages_members.o)
 .text          0x4002392c        0x0 c:/nburn/gcc-m68k/bin/../lib/gcc/m68k-elf/4.2.1/../../../../m68k-elf/lib/m5206e\libstdc++.a(monetary_members.o)
 .text          0x4002392c        0x0 c:/nburn/gcc-m68k/bin/../lib/gcc/m68k-elf/4.2.1/../../../../m68k-elf/lib/m5206e\libstdc++.a(numeric_members.o)
 .text          0x4002392c        0x0 c:/nburn/gcc-m68k/bin/../lib/gcc/m68k-elf/4.2.1/../../../../m68k-elf/lib/m5206e\libstdc++.a(time_members.o)
 .text          0x4002392c        0x0 c:/nburn/gcc-m68k/bin/../lib/gcc/m68k-elf/4.2.1/../../../../m68k-elf/lib/m5206e\libstdc++.a(basic_file.o)
 .text          0x4002392c        0x0 c:/nburn/gcc-m68k/bin/../lib/gcc/m68k-elf/4.2.1/../../../../m68k-elf/lib/m5206e\libstdc++.a(c++locale.o)
 .text          0x4002392c        0x0 c:/nburn/gcc-m68k/bin/../lib/gcc/m68k-elf/4.2.1/../../../../m68k-elf/lib/m5206e\libstdc++.a(eh_throw.o)
 .text          0x4002392c        0x0 c:/nburn/gcc-m68k/bin/../lib/gcc/m68k-elf/4.2.1/../../../../m68k-elf/lib/m5206e\libstdc++.a(new_handler.o)
 .text          0x4002392c        0x0 c:/nburn/gcc-m68k/bin/../lib/gcc/m68k-elf/4.2.1/../../../../m68k-elf/lib/m5206e\libstdc++.a(eh_globals.o)
 .text          0x4002392c        0x0 c:/nburn/gcc-m68k/bin/../lib/gcc/m68k-elf/4.2.1/../../../../m68k-elf/lib/m5206e\libstdc++.a(del_opv.o)
 .text          0x4002392c        0x0 c:/nburn/gcc-m68k/bin/../lib/gcc/m68k-elf/4.2.1/../../../../m68k-elf/lib/m5206e\libstdc++.a(eh_exception.o)
 .text          0x4002392c        0x0 c:/nburn/gcc-m68k/bin/../lib/gcc/m68k-elf/4.2.1/../../../../m68k-elf/lib/m5206e\libstdc++.a(guard.o)
 .text          0x4002392c        0x0 c:/nburn/gcc-m68k/bin/../lib/gcc/m68k-elf/4.2.1/../../../../m68k-elf/lib/m5206e\libstdc++.a(new_opv.o)
 .text          0x4002392c        0x0 c:/nburn/gcc-m68k/bin/../lib/gcc/m68k-elf/4.2.1/../../../../m68k-elf/lib/m5206e\libstdc++.a(eh_catch.o)
 .text          0x4002392c        0x0 c:/nburn/gcc-m68k/bin/../lib/gcc/m68k-elf/4.2.1/../../../../m68k-elf/lib/m5206e\libstdc++.a(eh_terminate.o)
 .text          0x4002392c        0x0 c:/nburn/gcc-m68k/bin/../lib/gcc/m68k-elf/4.2.1/../../../../m68k-elf/lib/m5206e\libstdc++.a(bad_typeid.o)
 .text          0x4002392c        0x0 c:/nburn/gcc-m68k/bin/../lib/gcc/m68k-elf/4.2.1/../../../../m68k-elf/lib/m5206e\libstdc++.a(vmi_class_type_info.o)
 .text          0x4002392c        0x0 c:/nburn/gcc-m68k/bin/../lib/gcc/m68k-elf/4.2.1/../../../../m68k-elf/lib/m5206e\libstdc++.a(del_op.o)
 .text          0x4002392c        0x0 c:/nburn/gcc-m68k/bin/../lib/gcc/m68k-elf/4.2.1/../../../../m68k-elf/lib/m5206e\libstdc++.a(tinfo.o)
 .text          0x4002392c        0x0 c:/nburn/gcc-m68k/bin/../lib/gcc/m68k-elf/4.2.1/../../../../m68k-elf/lib/m5206e\libstdc++.a(class_type_info.o)
 .text          0x4002392c        0x0 c:/nburn/gcc-m68k/bin/../lib/gcc/m68k-elf/4.2.1/../../../../m68k-elf/lib/m5206e\libstdc++.a(eh_term_handler.o)
 .text          0x4002392c        0x0 c:/nburn/gcc-m68k/bin/../lib/gcc/m68k-elf/4.2.1/../../../../m68k-elf/lib/m5206e\libstdc++.a(eh_personality.o)
 .text          0x4002392c        0x0 c:/nburn/gcc-m68k/bin/../lib/gcc/m68k-elf/4.2.1/../../../../m68k-elf/lib/m5206e\libstdc++.a(pure.o)
 .text          0x4002392c        0x0 c:/nburn/gcc-m68k/bin/../lib/gcc/m68k-elf/4.2.1/../../../../m68k-elf/lib/m5206e\libstdc++.a(eh_alloc.o)
 .text          0x4002392c        0x0 c:/nburn/gcc-m68k/bin/../lib/gcc/m68k-elf/4.2.1/../../../../m68k-elf/lib/m5206e\libstdc++.a(bad_cast.o)
 .text          0x4002392c        0x0 c:/nburn/gcc-m68k/bin/../lib/gcc/m68k-elf/4.2.1/../../../../m68k-elf/lib/m5206e\libstdc++.a(eh_unex_handler.o)
 .text          0x4002392c        0x0 c:/nburn/gcc-m68k/bin/../lib/gcc/m68k-elf/4.2.1/../../../../m68k-elf/lib/m5206e\libstdc++.a(si_class_type_info.o)
 .text          0x4002392c        0x0 c:/nburn/gcc-m68k/bin/../lib/gcc/m68k-elf/4.2.1/../../../../m68k-elf/lib/m5206e\libstdc++.a(vterminate.o)
 .text          0x4002392c        0x0 c:/nburn/gcc-m68k/bin/../lib/gcc/m68k-elf/4.2.1/../../../../m68k-elf/lib/m5206e\libstdc++.a(codecvt.o)
 .text          0x4002392c        0x0 c:/nburn/gcc-m68k/bin/../lib/gcc/m68k-elf/4.2.1/../../../../m68k-elf/lib/m5206e\libstdc++.a(compatibility.o)
 .text          0x4002392c        0x0 c:/nburn/gcc-m68k/bin/../lib/gcc/m68k-elf/4.2.1/../../../../m68k-elf/lib/m5206e\libstdc++.a(ctype.o)
 .text          0x4002392c        0x0 c:/nburn/gcc-m68k/bin/../lib/gcc/m68k-elf/4.2.1/../../../../m68k-elf/lib/m5206e\libstdc++.a(ios.o)
 .text          0x4002392c        0x0 c:/nburn/gcc-m68k/bin/../lib/gcc/m68k-elf/4.2.1/../../../../m68k-elf/lib/m5206e\libstdc++.a(ios_locale.o)
 .text          0x4002392c        0x0 c:/nburn/gcc-m68k/bin/../lib/gcc/m68k-elf/4.2.1/../../../../m68k-elf/lib/m5206e\libstdc++.a(locale_facets.o)
 .text          0x4002392c        0x0 c:/nburn/gcc-m68k/bin/../lib/gcc/m68k-elf/4.2.1/../../../../m68k-elf/lib/m5206e\libstdc++.a(fstream-inst.o)
 .text          0x4002392c        0x0 c:/nburn/gcc-m68k/bin/../lib/gcc/m68k-elf/4.2.1/../../../../m68k-elf/lib/m5206e\libstdc++.a(iostream-inst.o)
 .text          0x4002392c        0x0 c:/nburn/gcc-m68k/bin/../lib/gcc/m68k-elf/4.2.1/../../../../m68k-elf/lib/m5206e\libstdc++.a(eh_call.o)
 .text          0x4002392c     0x4ae6 c:/nburn/gcc-m68k/bin/../lib/gcc/m68k-elf/4.2.1/../../../../m68k-elf/lib/m5206e\libstdc++.a(cp-demangle.o)
                0x4002833a                __cxa_demangle
 *fill*         0x40028412        0x2 00
 .text          0x40028414        0x0 c:/nburn/gcc-m68k/bin/../lib/gcc/m68k-elf/4.2.1/../../../../m68k-elf/lib/m5206e\libstdc++.a(eh_type.o)
 .text          0x40028414      0xba0 c:/nburn/gcc-m68k/bin/../lib/gcc/m68k-elf/4.2.1/m5206e\libgcc.a(_double.o)
                0x40028f12                __cmpdf2
                0x40028474                __adddf3
                0x40028ddc                __negdf2
                0x40028aec                __divdf3
                0x40028e3a                __cmpdf2_internal
                0x40028910                __muldf3
                0x4002846e                __subdf3
 .text          0x40028fb4       0x74 c:/nburn/gcc-m68k/bin/../lib/gcc/m68k-elf/4.2.1/m5206e\libgcc.a(_floatex.o)
                0x40028fc0                $_exception_handler
                0x40028fb4                __clear_sticky_bit
 .text          0x40029028       0x72 c:/nburn/gcc-m68k/bin/../lib/gcc/m68k-elf/4.2.1/m5206e\libgcc.a(_muldi3.o)
                0x40029028                __muldi3
 *fill*         0x4002909a        0x2 00
 .text          0x4002909c       0x7a c:/nburn/gcc-m68k/bin/../lib/gcc/m68k-elf/4.2.1/m5206e\libgcc.a(_fixunsdfsi.o)
                0x4002909c                __fixunsdfsi
 *fill*         0x40029116        0x2 00
 .text          0x40029118      0x4f6 c:/nburn/gcc-m68k/bin/../lib/gcc/m68k-elf/4.2.1/m5206e\libgcc.a(_udivdi3.o)
                0x40029118                __udivdi3
 *fill*         0x4002960e        0x2 00
 .text          0x40029610      0x4f8 c:/nburn/gcc-m68k/bin/../lib/gcc/m68k-elf/4.2.1/m5206e\libgcc.a(_umoddi3.o)
                0x40029610                __umoddi3
 .text          0x40029b08      0x49a c:/nburn/gcc-m68k/bin/../lib/gcc/m68k-elf/4.2.1/m5206e\libgcc.a(fpgnulib.o)
                0x40029f88                __fixsfsi
                0x40029c70                __floatsidf
                0x40029d46                __extendsfdf2
                0x40029bfe                __floatunsidf
                0x40029f08                __fixdfsi
                0x40029d2c                __floatsisf
                0x40029de0                __truncdfsf2
                0x40029b08                __unordsf2
                0x40029d12                __floatunsisf
                0x40029b6a                __unorddf2
 *fill*         0x40029fa2        0x2 00
 .text          0x40029fa4     0x1f0e c:/nburn/gcc-m68k/bin/../lib/gcc/m68k-elf/4.2.1/m5206e\libgcc.a(unwind-dw2.o)
                0x4002a346                _Unwind_GetIPInfo
                0x4002a02a                _Unwind_GetIP
                0x4002bd16                _Unwind_Resume_or_Rethrow
                0x4002a05c                _Unwind_GetRegionStart
                0x4002ba1e                _Unwind_Backtrace
                0x4002a01a                _Unwind_GetCFA
                0x4002ac14                __frame_state_for
                0x4002bda4                _Unwind_Resume
                0x4002a08c                _Unwind_DeleteException
                0x4002bb3a                _Unwind_RaiseException
                0x4002a03a                _Unwind_SetIP
                0x4002a07c                _Unwind_GetTextRelBase
                0x4002a322                _Unwind_FindEnclosingFunction
                0x4002a04c                _Unwind_GetLanguageSpecificData
                0x4002be2a                _Unwind_ForcedUnwind
                0x4002a0aa                _Unwind_SetGR
                0x4002a110                _Unwind_GetGR
                0x4002a06c                _Unwind_GetDataRelBase
 *fill*         0x4002beb2        0x2 00
 .text          0x4002beb4     0x126c c:/nburn/gcc-m68k/bin/../lib/gcc/m68k-elf/4.2.1/m5206e\libgcc.a(unwind-dw2-fde.o)
                0x4002cfd2                _Unwind_Find_FDE
                0x4002c7c8                __register_frame
                0x4002c7a6                __register_frame_table
                0x4002bf2a                __register_frame_info_bases
                0x4002cf0a                __deregister_frame_info
                0x4002ce4c                __deregister_frame_info_bases
                0x4002bf96                __register_frame_info_table_bases
                0x4002cf14                __deregister_frame
                0x4002bfe8                __register_frame_info_table
                0x4002bf7a                __register_frame_info
 .text          0x4002d120       0x22 c:/nburn/gcc-m68k/bin/../lib/gcc/m68k-elf/4.2.1/m5206e\libgcc.a(_gedf2.o)
                0x4002d120                __gedf2
 *fill*         0x4002d142        0x2 00
 .text          0x4002d144        0x0 c:/nburn/gcc-m68k/bin/../lib/gcc/m68k-elf/4.2.1/m5206e\libgcc.a(_clz.o)
 .text          0x4002d144       0x18 c:/nburn/gcc-m68k/bin/../lib/gcc/m68k-elf/4.2.1/../../../../m68k-elf/lib/m5206e\libc.a(lib_a-abort.o)
                0x4002d144                abort
 .text          0x4002d15c        0x0 c:/nburn/gcc-m68k/bin/../lib/gcc/m68k-elf/4.2.1/../../../../m68k-elf/lib/m5206e\libc.a(lib_a-ctype_.o)
 .text          0x4002d15c       0x1e c:/nburn/gcc-m68k/bin/../lib/gcc/m68k-elf/4.2.1/../../../../m68k-elf/lib/m5206e\libc.a(lib_a-cxa_atexit.o)
                0x4002d15c                __cxa_atexit
 *fill*         0x4002d17a        0x2 00
 .text          0x4002d17c        0xe c:/nburn/gcc-m68k/bin/../lib/gcc/m68k-elf/4.2.1/../../../../m68k-elf/lib/m5206e\libc.a(lib_a-errno.o)
                0x4002d17c                __errno
 *fill*         0x4002d18a        0x2 00
 .text          0x4002d18c       0xfe c:/nburn/gcc-m68k/bin/../lib/gcc/m68k-elf/4.2.1/../../../../m68k-elf/lib/m5206e\libc.a(lib_a-fclose.o)
                0x4002d18c                _fclose_r
                0x4002d274                fclose
 *fill*         0x4002d28a        0x2 00
 .text          0x4002d28c       0xaa c:/nburn/gcc-m68k/bin/../lib/gcc/m68k-elf/4.2.1/../../../../m68k-elf/lib/m5206e\libc.a(lib_a-fdopen.o)
                0x4002d28c                _fdopen_r
                0x4002d31c                fdopen
 *fill*         0x4002d336        0x2 00
 .text          0x4002d338      0x198 c:/nburn/gcc-m68k/bin/../lib/gcc/m68k-elf/4.2.1/../../../../m68k-elf/lib/m5206e\libc.a(lib_a-fflush.o)
                0x4002d338                fflush
 .text          0x4002d4d0       0x3a c:/nburn/gcc-m68k/bin/../lib/gcc/m68k-elf/4.2.1/../../../../m68k-elf/lib/m5206e\libc.a(lib_a-fileno.o)
                0x4002d4d0                fileno
 *fill*         0x4002d50a        0x2 00
 .text          0x4002d50c      0x25e c:/nburn/gcc-m68k/bin/../lib/gcc/m68k-elf/4.2.1/../../../../m68k-elf/lib/m5206e\libc.a(lib_a-findfp.o)
                0x4002d566                __sinit
                0x4002d61e                __sfmoreglue
                0x4002d60c                _cleanup
                0x4002d5f2                _cleanup_r
                0x4002d68c                __sfp
 *fill*         0x4002d76a        0x2 00
 .text          0x4002d76c       0x24 c:/nburn/gcc-m68k/bin/../lib/gcc/m68k-elf/4.2.1/../../../../m68k-elf/lib/m5206e\libc.a(lib_a-fiprintf.o)
                0x4002d76c                fiprintf
 .text          0x4002d790       0x96 c:/nburn/gcc-m68k/bin/../lib/gcc/m68k-elf/4.2.1/../../../../m68k-elf/lib/m5206e\libc.a(lib_a-flags.o)
                0x4002d790                __sflags
 *fill*         0x4002d826        0x2 00
 .text          0x4002d828       0xf0 c:/nburn/gcc-m68k/bin/../lib/gcc/m68k-elf/4.2.1/../../../../m68k-elf/lib/m5206e\libc.a(lib_a-fopen.o)
                0x4002d8fe                fopen
                0x4002d828                _fopen_r
 .text          0x4002d918       0xaa c:/nburn/gcc-m68k/bin/../lib/gcc/m68k-elf/4.2.1/../../../../m68k-elf/lib/m5206e\libc.a(lib_a-fputc.o)
                0x4002d966                _fputc_r
                0x4002d918                fputc
 *fill*         0x4002d9c2        0x2 00
 .text          0x4002d9c4       0x90 c:/nburn/gcc-m68k/bin/../lib/gcc/m68k-elf/4.2.1/../../../../m68k-elf/lib/m5206e\libc.a(lib_a-fputs.o)
                0x4002d9c4                _fputs_r
                0x4002da3a                fputs
 .text          0x4002da54      0x248 c:/nburn/gcc-m68k/bin/../lib/gcc/m68k-elf/4.2.1/../../../../m68k-elf/lib/m5206e\libc.a(lib_a-fread.o)
                0x4002dc7a                fread
                0x4002da54                _fread_r
 .text          0x4002dc9c      0x422 c:/nburn/gcc-m68k/bin/../lib/gcc/m68k-elf/4.2.1/../../../../m68k-elf/lib/m5206e\libc.a(lib_a-freer.o)
                0x4002dd8c                _free_r
                0x4002dc9c                _malloc_trim_r
 *fill*         0x4002e0be        0x2 00
 .text          0x4002e0c0      0x460 c:/nburn/gcc-m68k/bin/../lib/gcc/m68k-elf/4.2.1/../../../../m68k-elf/lib/m5206e\libc.a(lib_a-fseek.o)
                0x4002e502                fseek
                0x4002e0c0                _fseek_r
 .text          0x4002e520       0x36 c:/nburn/gcc-m68k/bin/../lib/gcc/m68k-elf/4.2.1/../../../../m68k-elf/lib/m5206e\libc.a(lib_a-fstatr.o)
                0x4002e520                _fstat_r
 *fill*         0x4002e556        0x2 00
 .text          0x4002e558       0xd6 c:/nburn/gcc-m68k/bin/../lib/gcc/m68k-elf/4.2.1/../../../../m68k-elf/lib/m5206e\libc.a(lib_a-ftell.o)
                0x4002e618                ftell
                0x4002e558                _ftell_r
 *fill*         0x4002e62e        0x2 00
 .text          0x4002e630      0x37e c:/nburn/gcc-m68k/bin/../lib/gcc/m68k-elf/4.2.1/../../../../m68k-elf/lib/m5206e\libc.a(lib_a-fvwrite.o)
                0x4002e630                __sfvwrite_r
 *fill*         0x4002e9ae        0x2 00
 .text          0x4002e9b0       0xe4 c:/nburn/gcc-m68k/bin/../lib/gcc/m68k-elf/4.2.1/../../../../m68k-elf/lib/m5206e\libc.a(lib_a-fwalk.o)
                0x4002e9b0                _fwalk
                0x4002ea20                _fwalk_reent
 .text          0x4002ea94       0x9e c:/nburn/gcc-m68k/bin/../lib/gcc/m68k-elf/4.2.1/../../../../m68k-elf/lib/m5206e\libc.a(lib_a-fwrite.o)
                0x4002ea94                _fwrite_r
                0x4002eb10                fwrite
 *fill*         0x4002eb32        0x2 00
 .text          0x4002eb34       0xcc c:/nburn/gcc-m68k/bin/../lib/gcc/m68k-elf/4.2.1/../../../../m68k-elf/lib/m5206e\libc.a(lib_a-getc.o)
                0x4002eb98                _getc_r
                0x4002eb34                getc
 .text          0x4002ec00       0x6c c:/nburn/gcc-m68k/bin/../lib/gcc/m68k-elf/4.2.1/../../../../m68k-elf/lib/m5206e\libc.a(lib_a-gets.o)
                0x4002ec58                gets
                0x4002ec00                _gets_r
 .text          0x4002ec6c        0x0 c:/nburn/gcc-m68k/bin/../lib/gcc/m68k-elf/4.2.1/../../../../m68k-elf/lib/m5206e\libc.a(lib_a-impure.o)
 .text          0x4002ec6c       0x54 c:/nburn/gcc-m68k/bin/../lib/gcc/m68k-elf/4.2.1/../../../../m68k-elf/lib/m5206e\libc.a(lib_a-iprintf.o)
                0x4002ec6c                _iprintf_r
                0x4002ec96                iprintf
 .text          0x4002ecc0       0xa6 c:/nburn/gcc-m68k/bin/../lib/gcc/m68k-elf/4.2.1/../../../../m68k-elf/lib/m5206e\libc.a(lib_a-locale.o)
                0x4002ecee                _setlocale_r
                0x4002ecc0                __locale_charset
                0x4002ecce                _localeconv_r
                0x4002ed4e                setlocale
                0x4002ecdc                localeconv
 *fill*         0x4002ed66        0x2 00
 .text          0x4002ed68      0x178 c:/nburn/gcc-m68k/bin/../lib/gcc/m68k-elf/4.2.1/../../../../m68k-elf/lib/m5206e\libc.a(lib_a-makebuf.o)
                0x4002ed68                __smakebuf
 .text          0x4002eee0       0x32 c:/nburn/gcc-m68k/bin/../lib/gcc/m68k-elf/4.2.1/../../../../m68k-elf/lib/m5206e\libc.a(lib_a-malloc.o)
                0x4002eefa                malloc
                0x4002eee0                free
 *fill*         0x4002ef12        0x2 00
 .text          0x4002ef14      0x78c c:/nburn/gcc-m68k/bin/../lib/gcc/m68k-elf/4.2.1/../../../../m68k-elf/lib/m5206e\libc.a(lib_a-mallocr.o)
                0x4002ef14                _malloc_r
 .text          0x4002f6a0       0xd2 c:/nburn/gcc-m68k/bin/../lib/gcc/m68k-elf/4.2.1/../../../../m68k-elf/lib/m5206e\libc.a(lib_a-memchr.o)
                0x4002f6a0                memchr
 *fill*         0x4002f772        0x2 00
 .text          0x4002f774       0x72 c:/nburn/gcc-m68k/bin/../lib/gcc/m68k-elf/4.2.1/../../../../m68k-elf/lib/m5206e\libc.a(lib_a-memcmp.o)
                0x4002f774                memcmp
 *fill*         0x4002f7e6        0x2 00
 .text          0x4002f7e8       0xb6 c:/nburn/gcc-m68k/bin/../lib/gcc/m68k-elf/4.2.1/../../../../m68k-elf/lib/m5206e\libc.a(lib_a-memmove.o)
                0x4002f7e8                memmove
 *fill*         0x4002f89e        0x2 00
 .text          0x4002f8a0       0x3e c:/nburn/gcc-m68k/bin/../lib/gcc/m68k-elf/4.2.1/../../../../m68k-elf/lib/m5206e\libc.a(lib_a-openr.o)
                0x4002f8a0                _open_r
 *fill*         0x4002f8de        0x2 00
 .text          0x4002f8e0       0x54 c:/nburn/gcc-m68k/bin/../lib/gcc/m68k-elf/4.2.1/../../../../m68k-elf/lib/m5206e\libc.a(lib_a-printf.o)
                0x4002f8e0                printf
                0x4002f90a                _printf_r
 .text          0x4002f934      0x16a c:/nburn/gcc-m68k/bin/../lib/gcc/m68k-elf/4.2.1/../../../../m68k-elf/lib/m5206e\libc.a(lib_a-putc.o)
                0x4002f9ee                _putc_r
                0x4002f934                putc
 *fill*         0x4002fa9e        0x2 00
 .text          0x4002faa0       0x8a c:/nburn/gcc-m68k/bin/../lib/gcc/m68k-elf/4.2.1/../../../../m68k-elf/lib/m5206e\libc.a(lib_a-puts.o)
                0x4002faa0                _puts_r
                0x4002fb14                puts
 *fill*         0x4002fb2a        0x2 00
 .text          0x4002fb2c       0x6a c:/nburn/gcc-m68k/bin/../lib/gcc/m68k-elf/4.2.1/../../../../m68k-elf/lib/m5206e\libc.a(lib_a-rand.o)
                0x4002fb44                rand
                0x4002fb2c                srand
 *fill*         0x4002fb96        0x2 00
 .text          0x4002fb98       0x1c c:/nburn/gcc-m68k/bin/../lib/gcc/m68k-elf/4.2.1/../../../../m68k-elf/lib/m5206e\libc.a(lib_a-realloc.o)
                0x4002fb98                realloc
 .text          0x4002fbb4      0x502 c:/nburn/gcc-m68k/bin/../lib/gcc/m68k-elf/4.2.1/../../../../m68k-elf/lib/m5206e\libc.a(lib_a-reallocr.o)
                0x4002fbb4                _realloc_r
 *fill*         0x400300b6        0x2 00
 .text          0x400300b8      0x21c c:/nburn/gcc-m68k/bin/../lib/gcc/m68k-elf/4.2.1/../../../../m68k-elf/lib/m5206e\libc.a(lib_a-refill.o)
                0x400300dc                __srefill_r
 .text          0x400302d4       0x4e c:/nburn/gcc-m68k/bin/../lib/gcc/m68k-elf/4.2.1/../../../../m68k-elf/lib/m5206e\libc.a(lib_a-rget.o)
                0x4003030e                __srget
                0x400302d4                __srget_r
 *fill*         0x40030322        0x2 00
 .text          0x40030324      0x1ee c:/nburn/gcc-m68k/bin/../lib/gcc/m68k-elf/4.2.1/../../../../m68k-elf/lib/m5206e\libc.a(lib_a-setvbuf.o)
                0x40030324                setvbuf
 *fill*         0x40030512        0x2 00
 .text          0x40030514      0x270 c:/nburn/gcc-m68k/bin/../lib/gcc/m68k-elf/4.2.1/../../../../m68k-elf/lib/m5206e\libc.a(lib_a-signal.o)
                0x40030708                _signal_r
                0x40030628                _raise_r
                0x4003058e                __sigtramp_r
                0x4003076c                signal
                0x4003057e                _init_signal
                0x40030514                _init_signal_r
                0x40030612                __sigtramp
                0x400306f2                raise
 .text          0x40030784       0x42 c:/nburn/gcc-m68k/bin/../lib/gcc/m68k-elf/4.2.1/../../../../m68k-elf/lib/m5206e\libc.a(lib_a-signalr.o)
                0x40030790                _kill_r
                0x40030784                _getpid_r
 *fill*         0x400307c6        0x2 00
 .text          0x400307c8       0xba c:/nburn/gcc-m68k/bin/../lib/gcc/m68k-elf/4.2.1/../../../../m68k-elf/lib/m5206e\libc.a(lib_a-siprintf.o)
                0x40030826                _siprintf_r
                0x400307c8                siprintf
 *fill*         0x40030882        0x2 00
 .text          0x40030884      0x14c c:/nburn/gcc-m68k/bin/../lib/gcc/m68k-elf/4.2.1/../../../../m68k-elf/lib/m5206e\libc.a(lib_a-sniprintf.o)
                0x4003092c                _sniprintf_r
                0x40030884                sniprintf
 .text          0x400309d0       0xe0 c:/nburn/gcc-m68k/bin/../lib/gcc/m68k-elf/4.2.1/../../../../m68k-elf/lib/m5206e\libc.a(lib_a-sscanf.o)
                0x40030a44                sscanf
                0x400309da                _sscanf_r
 .text          0x40030ab0      0x162 c:/nburn/gcc-m68k/bin/../lib/gcc/m68k-elf/4.2.1/../../../../m68k-elf/lib/m5206e\libc.a(lib_a-stdio.o)
                0x40030ace                __sseek
                0x40030bc0                __sread
                0x40030ab0                __sclose
                0x40030b30                __swrite
 *fill*         0x40030c12        0x2 00
 .text          0x40030c14       0x7c c:/nburn/gcc-m68k/bin/../lib/gcc/m68k-elf/4.2.1/../../../../m68k-elf/lib/m5206e\libc.a(lib_a-strcat.o)
                0x40030c14                strcat
 .text          0x40030c90       0x70 c:/nburn/gcc-m68k/bin/../lib/gcc/m68k-elf/4.2.1/../../../../m68k-elf/lib/m5206e\libc.a(lib_a-strcmp.o)
                0x40030c90                strcmp
 .text          0x40030d00        0xc c:/nburn/gcc-m68k/bin/../lib/gcc/m68k-elf/4.2.1/../../../../m68k-elf/lib/m5206e\libc.a(lib_a-strcoll.o)
                0x40030d00                strcoll
 .text          0x40030d0c       0x22 c:/nburn/gcc-m68k/bin/../lib/gcc/m68k-elf/4.2.1/../../../../m68k-elf/lib/m5206e\libc.a(lib_a-strcpy.o)
                0x40030d0c                strcpy
 *fill*         0x40030d2e        0x2 00
 .text          0x40030d30       0x18 c:/nburn/gcc-m68k/bin/../lib/gcc/m68k-elf/4.2.1/../../../../m68k-elf/lib/m5206e\libc.a(lib_a-strdup.o)
                0x40030d30                strdup
 .text          0x40030d48       0x4c c:/nburn/gcc-m68k/bin/../lib/gcc/m68k-elf/4.2.1/../../../../m68k-elf/lib/m5206e\libc.a(lib_a-strdup_r.o)
                0x40030d48                _strdup_r
 .text          0x40030d94      0xd96 c:/nburn/gcc-m68k/bin/../lib/gcc/m68k-elf/4.2.1/../../../../m68k-elf/lib/m5206e\libc.a(lib_a-strftime.o)
                0x40030e9e                strftime
 *fill*         0x40031b2a        0x2 00
 .text          0x40031b2c       0x1a c:/nburn/gcc-m68k/bin/../lib/gcc/m68k-elf/4.2.1/../../../../m68k-elf/lib/m5206e\libc.a(lib_a-strlen.o)
                0x40031b2c                strlen
 *fill*         0x40031b46        0x2 00
 .text          0x40031b48       0xda c:/nburn/gcc-m68k/bin/../lib/gcc/m68k-elf/4.2.1/../../../../m68k-elf/lib/m5206e\libc.a(lib_a-strncmp.o)
                0x40031b48                strncmp
 *fill*         0x40031c22        0x2 00
 .text          0x40031c24     0x174a c:/nburn/gcc-m68k/bin/../lib/gcc/m68k-elf/4.2.1/../../../../m68k-elf/lib/m5206e\libc.a(lib_a-strtod.o)
                0x40031c76                _strtod_r
                0x40033354                strtod
                0x4003326e                strtof
 *fill*         0x4003336e        0x2 00
 .text          0x40033370      0x18a c:/nburn/gcc-m68k/bin/../lib/gcc/m68k-elf/4.2.1/../../../../m68k-elf/lib/m5206e\libc.a(lib_a-strtol.o)
                0x400334dc                strtol
                0x40033370                _strtol_r
 *fill*         0x400334fa        0x2 00
 .text          0x400334fc       0x58 c:/nburn/gcc-m68k/bin/../lib/gcc/m68k-elf/4.2.1/../../../../m68k-elf/lib/m5206e\libc.a(lib_a-strxfrm.o)
                0x400334fc                strxfrm
 .text          0x40033554       0x26 c:/nburn/gcc-m68k/bin/../lib/gcc/m68k-elf/4.2.1/../../../../m68k-elf/lib/m5206e\libc.a(lib_a-toupper.o)
                0x40033554                toupper
 *fill*         0x4003357a        0x2 00
 .text          0x4003357c        0x0 c:/nburn/gcc-m68k/bin/../lib/gcc/m68k-elf/4.2.1/../../../../m68k-elf/lib/m5206e\libc.a(lib_a-tzvars.o)
 .text          0x4003357c      0x230 c:/nburn/gcc-m68k/bin/../lib/gcc/m68k-elf/4.2.1/../../../../m68k-elf/lib/m5206e\libc.a(lib_a-ungetc.o)
                0x40033792                ungetc
                0x4003357c                __submore
                0x4003363a                _ungetc_r
 .text          0x400337ac     0x1280 c:/nburn/gcc-m68k/bin/../lib/gcc/m68k-elf/4.2.1/../../../../m68k-elf/lib/m5206e\libc.a(lib_a-vfiprintf.o)
                0x40034a0e                vfiprintf
                0x400337f0                _vfiprintf_r
 .text          0x40034a2c     0x1fac c:/nburn/gcc-m68k/bin/../lib/gcc/m68k-elf/4.2.1/../../../../m68k-elf/lib/m5206e\libc.a(lib_a-vfprintf.o)
                0x40034a70                _vfprintf_r
                0x400369ba                vfprintf
 .text          0x400369d8     0x11ec c:/nburn/gcc-m68k/bin/../lib/gcc/m68k-elf/4.2.1/../../../../m68k-elf/lib/m5206e\libc.a(lib_a-vfscanf.o)
                0x40037af0                __svfscanf
                0x40037b0e                _vfscanf_r
                0x40037b72                vfscanf
                0x400369d8                __svfscanf_r
 .text          0x40037bc4       0x9a c:/nburn/gcc-m68k/bin/../lib/gcc/m68k-elf/4.2.1/../../../../m68k-elf/lib/m5206e\libc.a(lib_a-vsprintf.o)
                0x40037c10                vsprintf
                0x40037bc4                _vsprintf_r
 *fill*         0x40037c5e        0x2 00
 .text          0x40037c60      0x124 c:/nburn/gcc-m68k/bin/../lib/gcc/m68k-elf/4.2.1/../../../../m68k-elf/lib/m5206e\libc.a(lib_a-wbuf.o)
                0x40037c60                __swbuf_r
                0x40037d6a                __swbuf
 .text          0x40037d84       0x7c c:/nburn/gcc-m68k/bin/../lib/gcc/m68k-elf/4.2.1/../../../../m68k-elf/lib/m5206e\libc.a(lib_a-wcrtomb.o)
                0x40037d84                _wcrtomb_r
                0x40037de4                wcrtomb
 .text          0x40037e00      0x130 c:/nburn/gcc-m68k/bin/../lib/gcc/m68k-elf/4.2.1/../../../../m68k-elf/lib/m5206e\libc.a(lib_a-wcsrtombs.o)
                0x40037e00                _wcsrtombs_r
                0x40037f0e                wcsrtombs
 .text          0x40037f30      0x452 c:/nburn/gcc-m68k/bin/../lib/gcc/m68k-elf/4.2.1/../../../../m68k-elf/lib/m5206e\libc.a(lib_a-wctomb_r.o)
                0x40037f30                _wctomb_r
 *fill*         0x40038382        0x2 00
 .text          0x40038384       0x3e c:/nburn/gcc-m68k/bin/../lib/gcc/m68k-elf/4.2.1/../../../../m68k-elf/lib/m5206e\libc.a(lib_a-writer.o)
                0x40038384                _write_r
 *fill*         0x400383c2        0x2 00
 .text          0x400383c4      0x130 c:/nburn/gcc-m68k/bin/../lib/gcc/m68k-elf/4.2.1/../../../../m68k-elf/lib/m5206e\libc.a(lib_a-wsetup.o)
                0x400383c4                __swsetup
 .text          0x400384f4       0x14 c:/nburn/gcc-m68k/bin/../lib/gcc/m68k-elf/4.2.1/../../../../m68k-elf/lib/m5206e\libc.a(lib_a-abs.o)
                0x400384f4                abs
 .text          0x40038508       0xe8 c:/nburn/gcc-m68k/bin/../lib/gcc/m68k-elf/4.2.1/../../../../m68k-elf/lib/m5206e\libc.a(lib_a-__atexit.o)
                0x40038508                __register_exitproc
 .text          0x400385f0       0x32 c:/nburn/gcc-m68k/bin/../lib/gcc/m68k-elf/4.2.1/../../../../m68k-elf/lib/m5206e\libc.a(lib_a-closer.o)
                0x400385f0                _close_r
 *fill*         0x40038622        0x2 00
 .text          0x40038624     0x160a c:/nburn/gcc-m68k/bin/../lib/gcc/m68k-elf/4.2.1/../../../../m68k-elf/lib/m5206e\libc.a(lib_a-dtoa.o)
                0x400387d6                _dtoa_r
 *fill*         0x40039c2e        0x2 00
 .text          0x40039c30      0x800 c:/nburn/gcc-m68k/bin/../lib/gcc/m68k-elf/4.2.1/../../../../m68k-elf/lib/m5206e\libc.a(lib_a-gdtoa-gethex.o)
                0x40039c62                __hexdig_init
                0x40039d28                __gethex
 .text          0x4003a430      0x1d2 c:/nburn/gcc-m68k/bin/../lib/gcc/m68k-elf/4.2.1/../../../../m68k-elf/lib/m5206e\libc.a(lib_a-gdtoa-hexnan.o)
                0x4003a46e                __hexnan
 *fill*         0x4003a602        0x2 00
 .text          0x4003a604       0x32 c:/nburn/gcc-m68k/bin/../lib/gcc/m68k-elf/4.2.1/../../../../m68k-elf/lib/m5206e\libc.a(lib_a-getchar.o)
                0x4003a604                getchar
                0x4003a61e                _getchar_r
 *fill*         0x4003a636        0x2 00
 .text          0x4003a638        0xe c:/nburn/gcc-m68k/bin/../lib/gcc/m68k-elf/4.2.1/../../../../m68k-elf/lib/m5206e\libc.a(lib_a-gettzinfo.o)
                0x4003a638                __gettzinfo
 *fill*         0x4003a646        0x2 00
 .text          0x4003a648       0x2a c:/nburn/gcc-m68k/bin/../lib/gcc/m68k-elf/4.2.1/../../../../m68k-elf/lib/m5206e\libc.a(lib_a-iswspace.o)
                0x4003a648                iswspace
 *fill*         0x4003a672        0x2 00
 .text          0x4003a674       0x14 c:/nburn/gcc-m68k/bin/../lib/gcc/m68k-elf/4.2.1/../../../../m68k-elf/lib/m5206e\libc.a(lib_a-labs.o)
                0x4003a674                labs
 .text          0x4003a688       0x3e c:/nburn/gcc-m68k/bin/../lib/gcc/m68k-elf/4.2.1/../../../../m68k-elf/lib/m5206e\libc.a(lib_a-lseekr.o)
                0x4003a688                _lseek_r
 *fill*         0x4003a6c6        0x2 00
 .text          0x4003a6c8       0x8c c:/nburn/gcc-m68k/bin/../lib/gcc/m68k-elf/4.2.1/../../../../m68k-elf/lib/m5206e\libc.a(lib_a-mbrtowc.o)
                0x4003a732                mbrtowc
                0x4003a6c8                _mbrtowc_r
 .text          0x4003a754       0x56 c:/nburn/gcc-m68k/bin/../lib/gcc/m68k-elf/4.2.1/../../../../m68k-elf/lib/m5206e\libc.a(lib_a-mbtowc_r.o)
                0x4003a754                _mbtowc_r
 *fill*         0x4003a7aa        0x2 00
 .text          0x4003a7ac      0xc78 c:/nburn/gcc-m68k/bin/../lib/gcc/m68k-elf/4.2.1/../../../../m68k-elf/lib/m5206e\libc.a(lib_a-mprec.o)
                0x4003ab00                _mprec_log10
                0x4003abb6                __any_on
                0x4003ac5c                _Balloc
                0x4003aa6e                __ratio
                0x4003b184                __i2b
                0x4003a97e                __b2d
                0x4003b34c                __s2b
                0x4003a89c                __mcmp
                0x4003a7ac                __hi0bits
                0x4003b26a                __pow5mult
                0x4003af68                __lshift
                0x4003b016                __multiply
                0x4003ad12                __d2b
                0x4003ab72                __copybits