Archive member included because of file (symbol)

D:\nburn\lib\MOD5270.a(bsp.o)
                              main.o (SetIntc)
D:\nburn\lib\MOD5270.a(pins.o)
                              main.o (PinIO::set(unsigned char))
D:\nburn\lib\NetBurner.a(ucosmcfa.o)
                              D:\nburn\lib\MOD5270.a(bsp.o) (OSCtxSw)
D:\nburn\lib\NetBurner.a(ucosmcfc.o)
                              main.o (OSTaskCreate)
D:\nburn\lib\NetBurner.a(ucos.o)
                              main.o (OSIntNesting)
D:\nburn\lib\NetBurner.a(ucosmain.o)
                              D:\nburn\lib\NetBurner.a(ucos.o) (OSTCBTbl)
D:\nburn\lib\NetBurner.a(fileio.o)
                              D:\nburn\lib\NetBurner.a(ucosmain.o) (ioctl)
D:\nburn\lib\NetBurner.a(tzsetchar.o)
                              main.o (tzsetchar)
D:\nburn\lib\NetBurner.a(main.o)
                              d:/nburn/gcc-m68k/bin/../lib/gcc/m68k-elf/4.2.1/../../../../m68k-elf/lib/m5208\nb-crt0.o (main)
D:\nburn\lib\NetBurner.a(utils.o)
                              main.o (ShowIP)
D:\nburn\lib\NetBurner.a(ip.o)
                              main.o (InitializeStack(unsigned long, unsigned long, unsigned long, unsigned long))
D:\nburn\lib\NetBurner.a(buffers.o)
                              D:\nburn\lib\NetBurner.a(ip.o) (FreeBuffer)
D:\nburn\lib\NetBurner.a(arp.o)
                              D:\nburn\lib\NetBurner.a(ip.o) (wArpLifetime)
D:\nburn\lib\NetBurner.a(dns.o)
                              main.o (GetHostByName)
D:\nburn\lib\NetBurner.a(udp.o)
                              D:\nburn\lib\NetBurner.a(dns.o) (UDPPacket::SetSourcePort(unsigned short))
D:\nburn\lib\NetBurner.a(tcp.o)
                              main.o (GetSocketRemoteAddr(int))
D:\nburn\lib\NetBurner.a(iosys.o)
                              D:\nburn\lib\NetBurner.a(tcp.o) (FD_ZERO)
D:\nburn\lib\NetBurner.a(dhcpc.o)
                              main.o (GetDHCPAddress(int))
D:\nburn\lib\NetBurner.a(nbtime.o)
                              main.o (time)
D:\nburn\lib\NetBurner.a(ntpclient.o)
                              main.o (SetNTPTime)
D:\nburn\lib\NetBurner.a(netinterface.o)
                              D:\nburn\lib\NetBurner.a(arp.o) (GetFirstInterface())
D:\nburn\lib\NetBurner.a(taskmon.o)
                              main.o (EnableTaskMonitor())
D:\nburn\lib\NetBurner.a(autoupdate.o)
                              main.o (EnableAutoUpdate)
D:\nburn\lib\NetBurner.a(device.o)
                              D:\nburn\lib\NetBurner.a(main.o) (DeviceInitializeSem)
D:\nburn\lib\NetBurner.a(system.o)
                              D:\nburn\lib\NetBurner.a(udp.o) (isvalidcr)
D:\nburn\lib\NetBurner.a(new_ops.o)
                              D:\nburn\lib\NetBurner.a(dhcpc.o) (operator new(unsigned long))
D:\nburn\lib\MOD5270.a(ioboard.o)
                              D:\nburn\lib\NetBurner.a(ucos.o) (putleds)
D:\nburn\lib\MOD5270.a(serial.o)
                              D:\nburn\lib\NetBurner.a(fileio.o) (SerialClose)
D:\nburn\lib\MOD5270.a(ethernet.o)
                              D:\nburn\lib\NetBurner.a(netinterface.o) (AddEthernetInterface())
D:\nburn\lib\MOD5270.a(etherprint.o)
                              D:\nburn\lib\MOD5270.a(ethernet.o) (EtherLink())
D:\nburn\lib\MOD5270.a(emulticast.o)
                              D:\nburn\lib\MOD5270.a(ethernet.o) (EthEnableMulticast(MACADR))
D:\nburn\lib\NetBurner.a(extraio.o)
                              D:\nburn\lib\MOD5270.a(serial.o) (GetExtraFD)
d:/nburn/gcc-m68k/bin/../lib/gcc/m68k-elf/4.2.1/../../../../m68k-elf/lib/m5208\libstdc++.a(string-inst.o)
                              main.o (std::string::_Rep::_S_empty_rep_storage)
d:/nburn/gcc-m68k/bin/../lib/gcc/m68k-elf/4.2.1/../../../../m68k-elf/lib/m5208\libstdc++.a(del_op.o)
                              d:/nburn/gcc-m68k/bin/../lib/gcc/m68k-elf/4.2.1/../../../../m68k-elf/lib/m5208\libstdc++.a(string-inst.o) (operator delete(void*))
d:/nburn/gcc-m68k/bin/../lib/gcc/m68k-elf/4.2.1/../../../../m68k-elf/lib/m5208\libstdc++.a(eh_personality.o)
                              d:/nburn/gcc-m68k/bin/../lib/gcc/m68k-elf/4.2.1/../../../../m68k-elf/lib/m5208\libstdc++.a(string-inst.o) (__gxx_personality_v0)
d:/nburn/gcc-m68k/bin/../lib/gcc/m68k-elf/4.2.1/../../../../m68k-elf/lib/m5208\libstdc++.a(eh_alloc.o)
                              d:/nburn/gcc-m68k/bin/../lib/gcc/m68k-elf/4.2.1/../../../../m68k-elf/lib/m5208\libstdc++.a(eh_personality.o) (__cxa_allocate_exception)
d:/nburn/gcc-m68k/bin/../lib/gcc/m68k-elf/4.2.1/../../../../m68k-elf/lib/m5208\libstdc++.a(functexcept.o)
                              d:/nburn/gcc-m68k/bin/../lib/gcc/m68k-elf/4.2.1/../../../../m68k-elf/lib/m5208\libstdc++.a(string-inst.o) (std::__throw_logic_error(char const*))
d:/nburn/gcc-m68k/bin/../lib/gcc/m68k-elf/4.2.1/../../../../m68k-elf/lib/m5208\libstdc++.a(ios_failure.o)
[...]
Memory Configuration

Name             Origin             Length             Attributes
ram              0x02000000         0x00200000         xrw
SRAM             0x20000400         0x0000fc00         xrw
*default*        0x00000000         0xffffffff

Linker script and memory map

LOAD d:/nburn/gcc-m68k/bin/../lib/gcc/m68k-elf/4.2.1/../../../../m68k-elf/lib/m5208\nb-crt0.o
LOAD d:/nburn/gcc-m68k/bin/../lib/gcc/m68k-elf/4.2.1/m5208/crtbegin.o
LOAD main.o
LOAD D:\nburn\MOD5270\lib\sys.ld
                0x20000000                vector_base = 0x20000000
                0x20010000                SRAM_END_ADDR = 0x20010000
                0x40000000                sim = 0x40000000
                0xffc04000                gConfigRec = 0xffc04000
                0xffc06000                UserParamBase = 0xffc06000
                0xffc00008                _RESET_ADDR = 0xffc00008
                0xffc08000                FlashAppBase = 0xffc08000
START GROUP
LOAD D:\nburn\lib\MOD5270.a
LOAD D:\nburn\lib\NetBurner.a
LOAD D:\nburn\lib\FatFile.a
LOAD D:\nburn\lib\rtl8711Library.a
END GROUP
LOAD d:/nburn/gcc-m68k/bin/../lib/gcc/m68k-elf/4.2.1/../../../../m68k-elf/lib/m5208\libstdc++.a
LOAD d:/nburn/gcc-m68k/bin/../lib/gcc/m68k-elf/4.2.1/../../../../m68k-elf/lib/m5208\libm.a
LOAD d:/nburn/gcc-m68k/bin/../lib/gcc/m68k-elf/4.2.1/m5208\libgcc.a
LOAD d:/nburn/gcc-m68k/bin/../lib/gcc/m68k-elf/4.2.1/../../../../m68k-elf/lib/m5208\libc.a
LOAD d:/nburn/gcc-m68k/bin/../lib/gcc/m68k-elf/4.2.1/m5208\libgcc.a
LOAD d:/nburn/gcc-m68k/bin/../lib/gcc/m68k-elf/4.2.1/m5208/crtend.o
START GROUP
LOAD d:/nburn/gcc-m68k/bin/../lib/gcc/m68k-elf/4.2.1/../../../../m68k-elf/lib/m5208\libc.a
LOAD d:/nburn/gcc-m68k/bin/../lib/gcc/m68k-elf/4.2.1/m5208\libgcc.a
LOAD d:/nburn/gcc-m68k/bin/../lib/gcc/m68k-elf/4.2.1/../../../../m68k-elf/lib/m5208\libm.a
END GROUP
                0x00000000                __DYNAMIC = 0x0
                0x02200000                PROVIDE (__stack, 0x2200000)
                0x00000000                PROVIDE (hardware_init_hook, 0x0)
                0x00000000                PROVIDE (_hardware_init_hook, 0x0)
                0x00000000                PROVIDE (software_init_hook, 0x0)
                0x00000000                PROVIDE (_software_init_hook, 0x0)

.SRAM_SECT      0x20000400     0x8640
                0x20000400                SRAM_START = .
 *(SYS_VAR_SECT)
 SYS_VAR_SECT   0x20000400      0x238 D:\nburn\lib\NetBurner.a(ucos.o)
                0x2000052c                TimeTick
                0x2000051c                OSLockNesting
                0x20000526                OSRunning
                0x20000508                OSTCBList
                0x20000530                OSMapTbl
                0x20000528                Secs
                0x20000514                OSTCBFreeList
                0x20000527                OSShowTasksOnLeds
                0x20000524                OSISRLevel
                0x20000510                OSTCBHighRdy
                0x20000520                OSRdyGrp
                0x20000538                OSUnMapTbl
                0x20000500                OSRdyTbl
                0x20000518                OSIntNesting
                0x2000050c                OSTCBCur
                0x20000400                OSTCBPrioTbl
 SYS_VAR_SECT   0x20000638      0x1a8 D:\nburn\lib\NetBurner.a(ucosmain.o)
                0x2000064c                critical_count
                0x20000650                OSTCBTbl
 SYS_VAR_SECT   0x200007e0       0x1c D:\nburn\lib\NetBurner.a(fileio.o)
                0x200007f8                pExtraFdFunc
 SYS_VAR_SECT   0x200007fc       0x20 D:\nburn\lib\NetBurner.a(iosys.o)
                0x200007fc                read_file_sets
                0x2000080c                error_file_sets
                0x20000804                write_file_sets
                0x2000081c                SYS_VAR_SECT_END = .
                0x20000820                . = ALIGN (0x10)
 *fill*         0x2000081c        0x4 00
 *(IDLE_STK_SECT)
                0x20000820                IDLE_STK_SECT_END = .
                0x20000820                . = ALIGN (0x10)
 *(MAIN_STK_SECT)
 MAIN_STK_SECT  0x20000820     0x2000 D:\nburn\lib\NetBurner.a(main.o)
                0x20000820                MainStk
                0x20002820                MAIN_STK_SECT_END = .
                0x20002820                . = ALIGN (0x4)
 *(ETHER_VAR_SECT)
 ETHER_VAR_SECT
                0x20002820      0x128 D:\nburn\lib\MOD5270.a(ethernet.o)
                0x200028f6                TxcPosts
                0x200028fa                TxcSems
                0x20002820                EthernetMac
                0x200028ee                LastIsrStatus
                0x20002912                MIILockOut
                0x20002850                RxBD
                0x200028e0                TxBDFlag
                0x200028fe                RxIsr
                0x2000291a                PHY_addr
                0x200028f2                RxPosts
                0x20002916                phy_data
                0x20002920                PHY_ID
                0x2000291c                PHY_OUI_ID
                0x2000290a                bEthLink
                0x2000290e                bEverHadLink
                0x200028d4                RxBDFlag
                0x200028ea                last_rxbd
                0x20002906                bEthAutoNeg
                0x200028a0                RxBDpp
                0x20002924                last_phy_read
                0x20002826                nTx
                0x20002902                TxIsr
                0x200028c8                TxBDpp
                0x20002830                TxBD
                0x20002948                ETHER_VAR_SECT_END = .
                0x20002950                . = ALIGN (0x10)
 *fill*         0x20002948        0x8 00
 *(ETHER_STK_SECT)
 ETHER_STK_SECT
                0x20002950     0x2000 D:\nburn\lib\MOD5270.a(ethernet.o)
                0x20002950                EtherSendStk
                0x20004950                ETHER_STK_SECT_END = .
                0x20004950                . = ALIGN (0x4)
 *(IP_VAR_SECT)
 IP_VAR_SECT    0x20004950       0x36 D:\nburn\lib\NetBurner.a(ip.o)
                0x20004952                bTTL_Default
                0x2000497e                next_arp_time
                0x20004954                ipRxFifo
                0x20004966                IcmpFifo
                0x20004950                wGlobalPktId
                0x20004972                pPromisciousPacketFunc
                0x2000497a                pFragFunc
                0x20004976                pMultiCastFunc
                0x20004982                delay
                0x2000496e                pMultiTick
                0x2000496a                pDHCPTick
 IP_VAR_SECT    0x20004986       0x74 D:\nburn\lib\NetBurner.a(udp.o)
                0x200049f6                UdpNetbiosNameServicePtr
                0x20004986                udp_fifos
                0x200049ee                pDHCPProcessFunction
                0x200049f2                pTaskPacketFunc
                0x200049ea                UDP_fifos_used
                0x200049fa                IP_VAR_SECT_END = .
                0x20004a00                . = ALIGN (0x10)
 *fill*         0x200049fa        0x6 00
 *(IP_STK_SECT)
 IP_STK_SECT    0x20004a00     0x2000 D:\nburn\lib\NetBurner.a(ip.o)
                0x20004a00                IPStk
                0x20006a00                IP_STK_SECT_END = .
                0x20006a00                . = ALIGN (0x4)
 *(TCP_VAR_SECT)
 TCP_VAR_SECT   0x20006a00       0x1e D:\nburn\lib\NetBurner.a(tcp.o)
                0x20006a10                TCP_TimerSemaphore
                0x20006a00                TCP_critical_section
                0x20006a1e                TCP_VAR_SECT_END = .
                0x20006a20                . = ALIGN (0x10)
 *fill*         0x20006a1e        0x2 00
 *(TCP_STK_SECT)
 TCP_STK_SECT   0x20006a20     0x2000 D:\nburn\lib\NetBurner.a(tcp.o)
                0x20006a20                TCPStk
                0x20008a20                TCP_STK_SECT_END = .
                0x20008a20                . = ALIGN (0x10)
 *(HTTP_STK_SECT)
                0x20008a20                HTTP_STK_SECT_END = .
                0x20008a20                . = ALIGN (0x10)
 *(FTP_STK_SECT)
                0x20008a20                FTP_STK_SECT_END = .
                0x20008a20                . = ALIGN (0x10)
 *(WIFI_STK_SECT)
                0x20008a20                WIFI_STK_SECT_END = .
                0x20008a20                . = ALIGN (0x10)
 *(PPP_STK_SECT)
                0x20008a20                PPP_STK_SECT_END = .
                0x20008a20                . = ALIGN (0x10)
 *(COMMAND_STK_SECT)
                0x20008a20                COMMAND_STK_SECT_END = .
                0x20008a20                . = ALIGN (0x4)
 *(USER_VAR_SECT)
                0x20008a20                USER_VAR_SECT_END = .
                0x20008a20                . = ALIGN (0x10)
 *(USER_STK_SECT)
                0x20008a20                USER_STK_SECT_END = .
                0x20008a20                BUFFERS_SECT_START = .
                0x20008a20                . = ALIGN (0x10)
 *(BUFFERS_VAR_SECT)
 BUFFERS_VAR_SECT
                0x20008a20       0x1c D:\nburn\lib\NetBurner.a(buffers.o)
                0x20008a20                FAST_BUFFER_POOL_SIZE
                0x20008a2e                free_fast_list
                0x20008a38                free_list_is_initialized
                0x20008a24                free_list
                0x20008a40                . = ALIGN (0x10)
 *fill*         0x20008a3c        0x4 00
                0x20008a40                BUFFERS_VAR_SECT_END = .
                0x20008a40                . = ALIGN (0x10)
                0x20008a40                SRAM_END = .

.text           0x02000000    0x3d4b0
 *(.text)
 .text          0x02000000       0xaa d:/nburn/gcc-m68k/bin/../lib/gcc/m68k-elf/4.2.1/../../../../m68k-elf/lib/m5208\nb-crt0.o
                0x02000000                start
 *fill*         0x020000aa        0x2 00
 .text          0x020000ac       0x9c d:/nburn/gcc-m68k/bin/../lib/gcc/m68k-elf/4.2.1/m5208/crtbegin.o
 .text          0x02000148     0x124c main.o
                0x0200060c                ShowAppRevision
                0x020006d4                ShowLocalIPAddr
                0x0200090c                doPulses
                0x0200014c                func_isr
                0x020009cc                disableAll
                0x020007c4                displayCLIMenu
                0x02000380                pollNTPServer
                0x02000694                ShowRemoteIPAddr
                0x02000408                ShowImpulseComponentEvents
                0x02000654                IPtoString(unsigned long, char*)
                0x02000b04                UserMain
                0x02000a00                real_func_isr
                0x02000320                displayConfig
                0x020002c0                setDefaults
                0x0200026c                PrintTimeStruct
                0x02000148                fake_func_isr()
                0x02000714                htmlDisplayUTCClock
                0x02000898                initDMATIMER1
                0x0200078c                writeTimeStampUTC
 .text          0x02001394      0x5d0 D:\nburn\lib\MOD5270.a(bsp.o)
                0x020016d8                _sbrk_r
                0x02001840                HardwareSetup
                0x0200166c                DisableCache
                0x020017d8                spaceleft
                0x02001730                LocalInByte
                0x02001824                ForceReboot
                0x020015b0                FlashProgram
                0x02001810                BspGetTickFraction
                0x02001394                xTick
                0x02001530                FlashErase
                0x02001764                LocalOutByte
                0x02001724                atexit
                0x02001488                GetPreciseTime
                0x02001680                EnableCache
                0x020013b0                SetIntc
                0x020017b4                LocalCharAvail
                0x02001398                Tick5270
 .text          0x02001964     0x1ca2 D:\nburn\lib\MOD5270.a(pins.o)
                0x02001964                PinIO::set(unsigned char)
                0x0200301c                PinIO::function(int)
                0x0200251c                PinIO::drive()
                0x020035a4                CReadPin
                0x02002964                PinIO::read()
                0x020035c8                CGPInPin
 *fill*         0x02003606        0xa 00
 .text          0x02003610      0x44a D:\nburn\lib\NetBurner.a(ucosmcfa.o)
                0x020036f0                OSDebugTraceHalt
                0x02003610                OSStartHighRdy
                0x02003700                TrapOutByte
                0x02003730                memcpy
                0x02003730                fmemcpy
                0x02003630                OSCtxSw
                0x02003720                TrapCharAvail
                0x02003660                OSIntCtxSw
                0x02003710                TrapInByte
                0x02003690                OSTickISR
                0x02003800                memcpysum
                0x020036d0                OSSetupVBR
                0x02003a30                GetSR_IntLevel
                0x02003990                memset
                0x02003990                fmemset
                0x02003a40                SetSR_IntLevel
 *fill*         0x02003a5a        0x2 00
 .text          0x02003a5c      0x320 D:\nburn\lib\NetBurner.a(ucosmcfc.o)
                0x02003d44                OSTaskCreate
                0x02003d70                TopOfStackKillfunction
                0x02003b18                OSTaskCreatewName
                0x02003a5c                OSTCBInit
                0x02003d74                KillFunctionLink
 .text          0x02003d7c     0x1e14 D:\nburn\lib\NetBurner.a(ucos.o)
                0x02004210                OSCritEnterNoWait
                0x020043e6                UCOSWAITS_HERE
                0x020046d8                OSFifoPostFirst
                0x02004420                OSCritLeave
                0x020041bc                getpid
                0x02003ee0                OSLock
                0x02004b2c                OSQPostFirst
                0x02004284                OSTaskID
                0x020040a4                OSQPendNoWait
                0x0200429c                OSSetName
                0x020042c4                OSIntExit
                0x02003f68                OSSemPendNoWait
                0x02005674                OSTaskDelete
                0x02005890                OSUnlock
                0x020041d4                OSCritInit
                0x02004ccc                OSQPost
                0x02004538                OSCritEnter
                0x02004998                OSFifoPend
                0x020054d4                OSSemPend
                0x02003fa8                OSMboxInit
                0x0200504c                OSMboxPost
                0x02004120                OSFifoInit
                0x02004e64                OSQPend
                0x02004360                OSSched
                0x020058d0                OSTimeDly
                0x02005348                OSSemPost
                0x0200578c                OSChangePrio
                0x02003eb0                OSTCBGetFree
                0x02003d7c                OSIntEnterWAS
                0x02003ff0                OSMboxPendNoWait
                0x02004838                OSFifoPost
                0x02003f08                OSSemInit
                0x02005998                OSStart
                0x02003dc4                OSTimeTick
                0x02004030                OSQInit
                0x020042b0                OSTaskName
                0x0200416c                OSFifoPendNoWait
                0x020051b4                OSMboxPend
                0x02005a14                OSInit
                0x02003da4                OSChangeTaskDly
 .text          0x02005b90      0x16c D:\nburn\lib\NetBurner.a(ucosmain.o)
                0x02005c6c                __malloc_unlock
                0x02005b90                UCosBegin
                0x02005c8c                balloc_lock
                0x02005ccc                UCosSetup
                0x02005c50                balloc_unlock
                0x02005cac                __malloc_lock
 .text          0x02005cfc      0x5f8 D:\nburn\lib\NetBurner.a(fileio.o)
                0x02005e8c                ioctl
                0x02005cfc                isatty
                0x02005de4                CurrentStdioFD
                0x02005e5c                lseek
                0x02005d34                ReplaceStdio
                0x02005ef8                write
                0x02005d18                fstat
                0x02006028                rawwrite
                0x02006234                stdioinbyte
                0x020060ac                read
                0x02005e14                outbyte
                0x02005e74                open
                0x02005e2c                charavail
                0x02005e08                fcntl
                0x020062ac                close
 .text          0x020062f4      0x43c D:\nburn\lib\NetBurner.a(tzsetchar.o)
                0x020062f4                tzsetchar
 .text          0x02006730       0xb6 D:\nburn\lib\NetBurner.a(main.o)
                0x02006768                main
                0x02006730                __do_global_ctors
 *fill*         0x020067e6        0x2 00
 .text          0x020067e8      0xbe0 D:\nburn\lib\NetBurner.a(utils.o)
                0x020071d4                fShowMac
                0x020069d8                FancyDump(unsigned char*, int)
                0x02007264                ShowCounters
                0x02006920                convertHexAsciiToBinary
                0x02006b98                ShowData
                0x020067e8                kill
                0x020072cc                fShowCounters
                0x02007194                fShowIP
                0x020067f8                _fini
                0x02006b04                ShowIP
                0x02006804                AsciiToIp
                0x02007344                sShowCounters
                0x02007230                DiagMenuPicker(int, unsigned char)
                0x02006b40                ShowMac
                0x02006888                convertBinaryToHexAscii
                0x020069c0                __builtin_delete
                0x020067f0                _exit
 .text          0x020073c8     0x187a D:\nburn\lib\NetBurner.a(ip.o)
                0x02007818                FixUpICMP(IPPKT*, unsigned char, unsigned char, unsigned char*, unsigned short)
                0x02007588                IsMultiCast(unsigned long)
                0x020080c0                FixHeaderAndSend(pool_buffer*, IPPKT*)
                0x02007ac0                DoIPPacket(pool_buffer*, EFRAME*, unsigned short)
                0x02007484                GetSum20
                0x020083bc                PingViaInterface
                0x02007a60                SaveError(pool_buffer*)
                0x02007dd8                process_icmp(pool_buffer*, IPPKT*, unsigned short)
                0x020076c4                IpProcessEthernetPacket
                0x02007c8c                FixHeaderAndSendViaInterface(pool_buffer*, IPPKT*, int)
                0x02008500                ShowIPBuffer(pool_buffer*)
                0x02008220                SendICMPError(pool_buffer*, unsigned char, unsigned char)
                0x02007930                InitializeStack(unsigned long, unsigned long, unsigned long, unsigned long)
                0x020075d8                GetData(IPPKT*)
                0x02007a54                InitializeCStack
                0x020084cc                Ping
                0x020073c8                GetSum
                0x02007aa4                IsMyIp
                0x020078d4                IsBroadCast(unsigned long, int)
                0x02007880                KillStack
                0x02007604                PrepareIPOutput(pool_buffer*, unsigned long, unsigned short)
                0x020075a8                GetMultiAddress(unsigned long)
                0x020082f4                SendPing
                0x020074bc                GetSumHdr
                0x0200788c                IsLocal(unsigned long, int)
                0x02007ef4                IPTask(void*)
 *fill*         0x02008c42        0x2 00
 .text          0x02008c44      0xec8 D:\nburn\lib\NetBurner.a(buffers.o)
                0x02009104                fifo_buffer_storage::Full()
                0x020091f4                ShowBuffer
                0x020094d8                fifo_buffer_storage::Reset(unsigned char)
                0x02008d28                InitBuffers
                0x02008e54                buffer_list::InsertBefore(pool_buffer*, pool_buffer*)
                0x0200902c                GetBuffer
                0x020091d4                fifo_buffer_storage::fifo_buffer_storage(unsigned char, unsigned char)
                0x020090ec                fifo_buffer_storage::Empty()
                0x02009950                fifo_buffer_storage::ReadDatawSum(unsigned char*, int, unsigned long&)
                0x020090d8                fifo_buffer_storage::SpaceUsed()
                0x02008c44                ShowBuffers()
                0x02008c70                buffer_list::InsertHead(pool_buffer*)
                0x02009320                GetFreeCount
                0x02008c54                IncUsageCount
                0x020091b4                fifo_buffer_storage::fifo_buffer_storage(unsigned char, unsigned char)
                0x02008df0                buffer_list::InsertTail(pool_buffer*)
                0x02009598                fifo_buffer_storage::~fifo_buffer_storage()
                0x02009688                fifo_buffer_storage::SetMaxBuffers(unsigned char)
                0x02009398                fifo_buffer_storage::ReadData(unsigned char*, int)
                0x0200914c                fifo_buffer_storage::Init(unsigned char, unsigned char)
                0x02008c4c                DumpBuffers()
                0x02008fc4                buffer_list::RemoveHead()
                0x02008f3c                buffer_list::Remove(pool_buffer*)
                0x02009078                buffer_list::RemoveTail()
                0x020095ac                fifo_buffer_storage::LongSpaceAvail()
                0x02009718                fifo_buffer_storage::WriteData(unsigned char*, int)
                0x02008ce0                FreeBuffer
                0x02008ec8                buffer_list::InsertAfter(pool_buffer*, pool_buffer*)
                0x02009664                fifo_buffer_storage::SpaceAvail()
                0x02009584                fifo_buffer_storage::~fifo_buffer_storage()
 .text          0x02009b0c     0x182c D:\nburn\lib\NetBurner.a(arp.o)
                0x0200a840                FindAddArp(unsigned long)
                0x02009c68                sendGratuitousArp(int)
                0x02009b34                MacEqual(MACADR, MACADR)
                0x02009e70                InitializeArp()
                0x02009f18                FindArp(unsigned long)
                0x0200a174                SendArp(ArpRecord*, int)
                0x02009e24                GetInterface(unsigned long)
                0x0200b154                AddCheckArp(MACADR*, unsigned long, int)
                0x02009b94                SetMac(ArpRecord*, MACADR, int)
                0x0200a67c                DeleteArpFromIp(unsigned long)
                0x0200a01c                GetArpMacFromIp(unsigned long, MACADR&)
                0x0200ac7c                RouteOutVia(EFRAME*, unsigned long, pool_buffer*, int)
                0x0200a0d0                GetProperInterface(unsigned long)
                0x0200a790                FreeOneArp()
                0x0200b1e0                processArp(pool_buffer*, EFRAME*)
                0x02009c2c                NeedsArp(int)
                0x0200a2a4                GetNextArp(ArpRecord*)
                0x02009d38                RawSendArp(ArpRecord*, unsigned long, int)
                0x0200a69c                AgeArp()
                0x0200ae9c                RouteOut(EFRAME*, unsigned long, pool_buffer*)
                0x0200a36c                ShowArp()
                0x0200a4ac                DeleteArp(ArpRecord*)
                0x0200a314                GetFirstArp()
                0x0200a1e0                GetSrcIp
                0x0200aadc                IsMyAddressUsedArpDetect(unsigned short, int)
                0x02009b2c                Cleanup()
                0x02009b0c                IsNull(ArpRecord*)
                0x0200a400                fShowArp(__sFILE*)
                0x0200a074                AddPending(MACADR*, unsigned long, int)
 .text          0x0200b338      0x492 D:\nburn\lib\NetBurner.a(dns.o)
                0x0200b384                GetHostByName
 *fill*         0x0200b7ca        0x2 00
 .text          0x0200b7cc     0x1300 D:\nburn\lib\NetBurner.a(udp.o)
                0x0200c004                UDPPacket::Send(unsigned long, unsigned char)
                0x0200b914                UDPPacket::SetDestinationPort(unsigned short)
                0x0200b9d8                UDPPacket::GetPacketId()
                0x0200ba24                UDPPacket::GetSourceAddress()
                0x0200c74c                UDPPacket::UDPPacket()
                0x0200bdd4                UDPPacket::AddDataByte(unsigned char)
                0x0200c11c                UDPPacket::SendAndKeep(unsigned long, unsigned char)
                0x0200bd28                UDPPacket::AddData(unsigned char*, unsigned short)
                0x0200ba48                RegisterUDPFifo(unsigned short, os_fifo*)
                0x0200be1c                UDPPacket::AddData(char const*)
                0x0200b840                UDPPacket::UDPPacket(pool_buffer*)
                0x0200bedc                UDPPacket::SendViaInterface(unsigned long, int, unsigned char)
                0x0200b9c0                UDPPacket::GetIpPacket()
                0x0200c18c                UDPPacket::~UDPPacket()
                0x0200b7cc                GetUdpFifoRec(unsigned short)
                0x0200b950                UDPPacket::GetDataBuffer()
                0x0200bb10                RegisterUDPFifoWithNotify(unsigned short, os_fifo*, void (*)(os_fifo*, unsigned short))
                0x0200b88c                UDPPacket::UDPPacket(pool_buffer*)
                0x0200b984                UDPPacket::GetDataSize() const
                0x0200c1f8                ProcessIDPacket(UDPPacket&, int)
                0x0200bdf8                UDPPacket::AddDataWord(unsigned short)
                0x0200c790                process_udp(pool_buffer*, IPPKT*, unsigned short)
                0x0200be4c                UDPPacket::Validate()
                0x0200b930                UDPPacket::GetDestinationPort() const
                0x0200bbd8                UnregisterUDPFifo(unsigned short)
                0x0200ca0c                UDPPacket::UDPPacket(os_fifo*, unsigned long)
                0x0200b964                UDPPacket::SetDataSize(unsigned short)
                0x0200b9ac                UDPPacket::ResetData()
                0x0200c164                UDPPacket::~UDPPacket()
                0x0200ca6c                UDPPacket::UDPPacket(os_fifo*, unsigned long)
                0x0200b8d8                UDPPacket::SetSourcePort(unsigned short)
                0x0200b8f4                UDPPacket::GetSourcePort() const
                0x0200bca0                FixIDDataPacket(UDPPacket&, int)
                0x0200c1b4                UDPPacket::UDPPacket()
                0x0200ba00                UDPPacket::GetDestinationAddress()
 .text          0x0200cacc     0x5252 D:\nburn\lib\NetBurner.a(tcp.o)
                0x0200e18c                SendTcpRst(IPPKT*)
                0x0200d0d8                GetTcpState(int)
                0x0200d10c                GetTcpDState
                0x0200e3d0                InitTCP()
                0x0200edd0                _Socket_Private_read
                0x0200d08c                ShortSocketList::ShortSocketList()
                0x0200d140                SetOutOfOrderbuffers(int, unsigned char)
                0x0200cd0c                GetSocketRemotePort(int)
                0x0200d8f4                socket_struct::MyAdvertisedWindow()
                0x0200d750                SetSocketTxBuffers(int, int)
                0x0200ce20                setsockoption(int, int)
                0x0200dc40                TcpSend(socket_struct*, unsigned long, pool_buffer*, unsigned short, unsigned char)
                0x02010bf4                TCPTimerTask(void*)
                0x02011c14                process_tcp(pool_buffer*, IPPKT*, unsigned short)
                0x0201021c                socket_struct::ProcessRST()
                0x0200d184                TcpGetLastRxTime(int)
                0x0200f324                abortsocket
                0x0200f458                socket_struct::ProcessDataSegment(TCPPKT*, unsigned short, unsigned char*, pool_buffer*&)
                0x0200e9bc                HashSocketList::RemoveSocket(socket_struct*) const
                0x0200faf0                _Socket_Private_write
                0x0200ce58                getsockoption(int)
                0x02011160                socket_struct::ProcessAck(TCPPKT*)
                0x0200edec                socket_struct::SaveData(unsigned char*, unsigned short, unsigned char)
                0x0200e6ac                GetTcpRtxCount(int)
                0x0200cc30                fixoverlap(unsigned long, unsigned long, unsigned long&, unsigned long&)
                0x0200f0cc                socket_struct::SetTimer(unsigned long)
                0x02011138                connect(unsigned long, unsigned short, unsigned short, unsigned long)
                0x0200cee4                HashSocketList::HashSocketList()
                0x0200fd18                GetTcpSocket(TCPPKT*, unsigned long)
                0x0200d3d0                TcpGetRxBufferSpaceUsed(int)
                0x0200f738                socket_struct::DoRawSend()
                0x0200d410                ShowFdTcpSocket(int)
                0x0200d6d4                socket_struct::ClearPending(int)
                0x0200e720                ShortSocketList::findsocket(unsigned short, unsigned short, unsigned long) const
                0x02010d1c                connect(unsigned long, unsigned short, unsigned short, unsigned long, unsigned long)
                0x0200e638                TcpSendKeepAlive(int)
                0x0200ccac                getsocketerror(int)
                0x0200cecc                EnableTcpDebug(unsigned short)
                0x02010b00                socket_struct::ProcessTimer()
                0x0200f614                socket_struct::SetUpNextRetransmit()
                0x0200cedc                HashSocketList::HashSocketList()
                0x0200ec00                SockReadWithTimeout
                0x0200e5cc                GetFreeSocketCount()
                0x0201140c                socket_struct::ProcessFIN(TCPPKT*, unsigned short)
                0x0200d96c                FixHeaderAndSendTcp(pool_buffer*, IPPKT*, socket_struct*)
                0x0200ce88                setsocketackbuffers(int, unsigned char)
                0x0200ce00                socket_struct::CleanUpDeletedListener()
                0x0200cbec                FindListenSocket(unsigned short, unsigned long)
                0x0200da78                TcpSendwSum(socket_struct*, unsigned long, pool_buffer*, unsigned short, unsigned char, unsigned long)
                0x0200f14c                socket_struct::DoCleanup()
                0x0200eedc                socket_struct::TestOutofOrder()
                0x0200d1f4                TcpGetLastRxInterval(int)
                0x0200cacc                GetFirstSeq()
                0x02010080                FREESOCKET(socket_struct*)
                0x02010114                ShortSocketList::AddSocket(socket_struct*)
                0x0201061c                socket_struct::DoRetransmit(unsigned char)
                0x0200d09c                ShortSocketList::Init()
                0x0200e7c4                ShortSocketList::processTick()
                0x02010734                _Socket_Private_close
                0x02010874                accept(int, unsigned long*, unsigned short*, unsigned short)
                0x0200d094                ShortSocketList::ShortSocketList()
                0x0200d790                SetSocketRxBuffers(int, int)
                0x0200febc                listen(unsigned long, unsigned short, unsigned char)
                0x0200ceec                HashSocketList::Init() const
                0x0200cf04                ShortSocketList::GetFreeShort()
                0x0200ccdc                GetSocketRemoteAddr(int)
                0x0200eb28                HashSocketList::findsocket(unsigned short, unsigned short, unsigned long) const
                0x0200d364                WaitForSocketFlush(int, unsigned long)
                0x0200ced4                DumpTcpPacket(IPPKT*)
                0x0200ffc4                RemoveFromUserCloseList(socket_struct*)
                0x0200cb10                ValidateTCP(IPPKT*, unsigned short)
                0x0200e874                ShortSocketList::process(pool_buffer*, TCPPKT*, unsigned long) const
                0x0200cafc                socket_struct::SetState(int)
                0x0200d810                socket_struct::processoptions(pool_buffer*, TCPPKT*, IPPKT*)
                0x02010328                socket_struct::DoClose(int)
                0x0200fdd0                GetFreeSocket()
                0x0200cd3c                GetSocketLocalPort(int)
                0x0200ea74                HashSocketList::AddSocket(socket_struct*) const
                0x0200d04c                ShortSocketList::FreeShort(ShortSocket*) const
                0x0200cd6c                socket_struct::CalcRTO(unsigned long)
                0x0200e134                socket_struct::OpenWindow()
                0x0200e2a0                SendTcpSynRst(IPPKT*)
                0x0200d314                TcpAllDataAcked(int)
                0x0200fa70                clrsockoption(int, int)
                0x0200d1b8                TcpGetSocketState(int)
                0x0200cec4                DumpTcpDebug()
                0x0200d7d0                GetSocketLocalAddr(int)
                0x02011580                socket_struct::process(pool_buffer*, TCPPKT*)
                0x0200d114                RegisterTCPReadNotify
                0x0200dcd0                socket_struct::SendState(unsigned short, pool_buffer*)
 *fill*         0x02011d1e        0x2 00
 .text          0x02011d20      0x69e D:\nburn\lib\NetBurner.a(iosys.o)
                0x0201215c                SetDataAvail
                0x02011ffc                writeall
                0x0201205c                RawCheckSelects()
                0x02012108                SetHaveError
                0x02012198                RemoveSelect(PendingSelect*)
                0x02012120                SetWriteAvail
                0x02011eec                ZeroWaitSelect
                0x02012218                AddSelect(PendingSelect*)
                0x02011e40                FD_ISSET
                0x02011de8                ClrDataAvail
                0x02012270                select
                0x02011dd0                ClrWriteAvail
                0x020120d4                CheckSelects()
                0x02011fa0                writestring
                0x02011eb0                countbits(fd_set*)
                0x02011d20                FD_OVERLAP(fd_set*, fd_set*)
                0x02011f70                dataavail
                0x02011d5c                FD_ZERO
                0x02011e00                FD_SET
                0x02011db8                ClrHaveError
                0x02011e8c                countdwbits(unsigned long)
                0x02012310                ReadWithTimeout
                0x02011d74                FD_CLR
 *fill*         0x020123be        0x2 00
 .text          0x020123c0     0x1cb4 D:\nburn\lib\NetBurner.a(dhcpc.o)
                0x020125c8                CompareChaddr(unsigned char*, unsigned char*)
                0x02012be0                DhcpObject::DhcpObject(int)
                0x02012b0c                DhcpObject::StopBOOTP()
                0x02012af8                DhcpObject::StopProcessing()
                0x020124c8                DHCPMessage::ResetBytes()
                0x02012b70                DhcpObject::~DhcpObject()
                0x02014034                DhcpObject::staticDHCPTimer()
                0x020125ac                DHCPMessage::GetOptionData(unsigned char)
                0x02013ef0                DhcpObject::RenewDHCP()
                0x02012e00                DHCPMessage::MsgForInterface(int)
                0x02013784                DhcpObject::StopDHCP()
                0x020139dc                DhcpObject::ReTransmitPacket(unsigned long)
                0x02012e88                DhcpObject::UpdateIPRuntimeVars(unsigned char)
                0x02013ad0                DhcpObject::StartDHCP()
                0x02012bcc                SetDHCPDiscoverSeconds(unsigned long)
                0x02013e7c                DhcpObject::staticDHCPPacket(pool_buffer*)
                0x02012658                AddDhcpOptions(DHCPMessage&, int&)
                0x020137dc                DhcpObject::CreateDhcpRenewMsg(DHCPMessage&)
                0x02012604                ValidDhcpMsg(unsigned char*)
                0x02012cf0                DhcpObject::DhcpObject(int)
                0x02012b14                DhcpObject::~DhcpObject()
                0x020127b0                DhcpObject::DhcpConfig(DHCPMessage&)
                0x02013690                DhcpObject::CreateDhcpReleaseMsg(DHCPMessage&)
                0x02012acc                DhcpObject::GetRemainingDhcpLeaseTime()
                0x02012530                DHCPMessage::GetOptionData(unsigned char, int&)
                0x02012e38                DHCPMessage::DHCPMessage(unsigned char*)
                0x02013f1c                DhcpObject::DHCPTimer()
                0x020123c0                DHCPMessage::DHCPMessage()
                0x02013b00                GetDHCPAddress(int)
                0x02012e60                DHCPMessage::DHCPMessage(unsigned char*)
                0x02012aa0                DhcpObject::GetDHCPState()
                0x02012710                DhcpObject::BootpConfig(DHCPMessage&)
                0x02013b4c                GetDHCPAddressIfNecessary(int)
                0x02013aa4                DhcpObject::StartBOOTP()
                0x02013344                CreateDhcpDiscoverMsg(DHCPMessage&, int)
                0x020132d0                DHCPMessage::SendMsg(unsigned long, int)
                0x02012490                DHCPMessage::ClearOptions()
                0x02012ab0                DhcpObject::ValidDhcpLease()
                0x02013bfc                DhcpObject::DHCPPacket(pool_buffer*)
                0x02013538                DhcpObject::CreateBootpMsg(DHCPMessage&)
                0x02012efc                CreateDhcpRequestMsg(DHCPMessage&, DHCPMessage&, int)
                0x02012428                DHCPMessage::DHCPMessage()
                0x02013ec4                DhcpObject::RebindDHCP()
 .text          0x02014074       0x42 D:\nburn\lib\NetBurner.a(nbtime.o)
                0x02014094                set_time
                0x02014074                time
 *fill*         0x020140b6        0x2 00
 .text          0x020140b8      0x28e D:\nburn\lib\NetBurner.a(ntpclient.o)
                0x020140b8                MakeLongLong(unsigned long, unsigned long)
                0x020142cc                SetTimeNTPFromPool
                0x020140c8                GetLsb(unsigned long long)
                0x020140d4                GetMsb(unsigned long long)
                0x020142a0                SetNTPTime
                0x020140e0                GetNTPTime
 *fill*         0x02014346        0x2 00
 .text          0x02014348      0x42a D:\nburn\lib\NetBurner.a(netinterface.o)
                0x020146b4                InitializeNetwork(void (*)(pool_buffer*, EFRAME*, unsigned short), void (*)(pool_buffer*, EFRAME*))
                0x020143d8                InterfaceIP(int)
                0x020144cc                GetEframe(pool_buffer*)
                0x02014654                SaveIfConfig(ConfigRecord*, int)
                0x02014348                GetFirstInterface()
                0x02014684                GetIfConfig(int)
                0x02014488                InterfaceMAC(int)
                0x020143ac                GetInterFaceBlock(int)
                0x02014404                InterfaceDNS(int)
                0x02014430                InterfaceMASK(int)
                0x02014368                GetnextInterface(int)
                0x02014710                TransmitBuffer(pool_buffer*, int)
                0x02014538                DisableMulticast(MACADR, int)
                0x02014598                RegisterInterface(_InterfaceBlock*)
                0x020144e0                EnableMulticast(MACADR, int)
                0x02014620                Removeinterface(int)
                0x02014590                StopNetworks()
                0x0201445c                InterfaceGate(int)
 *fill*         0x02014772        0x2 00
 .text          0x02014774      0x5c8 D:\nburn\lib\NetBurner.a(taskmon.o)
                0x02014c7c                ProcessTaskPacket(UDPPacket&, int)
                0x02014774                EnableTaskMonitor()
                0x02014788                BufferDumpTCBState(os_tcb*)
 .text          0x02014d3c      0x538 D:\nburn\lib\NetBurner.a(autoupdate.o)
                0x020151c4                ProcessAutoUpdatePacket(UDPPacket&)
                0x02014ef8                DoData(UDPPacket&)
                0x02014d3c                EnableAutoUpdate
                0x02014d50                DoReboot()
                0x02014d80                DoExecute(UDPPacket&, int)
                0x02014fe8                DoStart(UDPPacket&)
 .text          0x02015274       0x52 D:\nburn\lib\NetBurner.a(device.o)
                0x02015294                DeviceInitializeSem
                0x02015274                DeviceGetQspiSem()
                0x02015284                DeviceGetI2cSem()
 *fill*         0x020152c6        0x2 00
 .text          0x020152c8      0x6d8 D:\nburn\lib\NetBurner.a(system.o)
                0x02015340                GetUserParameters
                0x020156a0                UpdateConfigRecord_Num
                0x02015314                RawGetConfig
                0x020152c8                isvalidcr
                0x0201585c                SetupDialog
                0x020153b8                ReadLine
                0x02015848                UpdateConfigRecord
                0x02015578                IpQuestion
                0x0201562c                SaveUserParameters
                0x02015350                ShowChange
 .text          0x020159a0       0x26 D:\nburn\lib\NetBurner.a(new_ops.o)
                0x020159a0                operator new(unsigned long)
 *fill*         0x020159c6        0x2 00
 .text          0x020159c8      0x3d8 D:\nburn\lib\MOD5270.a(ioboard.o)
                0x02015b60                getleds
                0x02015d48                getCPLDver
                0x02015c9c                getDecimal
                0x02015b00                putleds
                0x02015b98                putdisp
                0x02015c5c                putDecimal
                0x02015d74                getCPLDrev
                0x020159c8                InitChipBoardSelect
                0x02015c10                getdisp
                0x02015ab0                getdipsw
                0x02015cd0                putSegments
                0x02015a20                OnModDev70
 .text          0x02015da0     0x1c16 D:\nburn\lib\MOD5270.a(serial.o)
                0x0201793c                real_SER0_ISR
                0x02015da0                WakeTx(int)
                0x02016238                Serial485ForceTxActive(int, int)
                0x02016d30                SerialClose
                0x02016c40                SendBreak
                0x02016e78                OpenSerial
                0x0201684c                GetUartErrorReg
                0x020169e0                fShowSerialData(__sFILE*)
                0x02016068                fake_SER0_ISR()
                0x02016150                fake_SER2_ISR()
                0x020160c0                SER1_ISR
                0x020161a4                SerialEnableTxFlow
                0x020161ec                SerialEnableRxFlow
                0x02015e38                DoSerIsr(int)
                0x02016724                Serial485HalfDupMode
                0x020160bc                fake_SER1_ISR()
                0x02016538                SerialEnableHwRxFlow
                0x020174d4                serread
                0x0201781c                BasePutChar(int, unsigned char)
                0x020174f0                BaseGetChar(int)
                0x02017978                real_SER2_ISR
                0x020172b8                serreadwto
                0x020176fc                serwriteaddress
                0x02016110                real_SER1_ISR
                0x02017598                serwrite
                0x02016e54                serexternalclose
                0x0201606c                SER0_ISR
                0x02016154                SER2_ISR
                0x02016334                SerialEnableHwTxFlow
 *fill*         0x020179b6        0x2 00
 .text          0x020179b8     0x1616 D:\nburn\lib\MOD5270.a(ethernet.o)
                0x02018120                AddEthernetInterface()
                0x02017b9c                StopEnet()
                0x02017e34                ResetEnet()
                0x02017ccc                FindSpeedDuplex()
                0x020179b8                read_eth_addr(MACADR*)
                0x020181c8                WarmEnetReset()
                0x02018e20                real_rxenetisr
                0x020179e4                fake_rxenetisr()
                0x02018a88                DoRX(pool_buffer*, unsigned short)
                0x020179e8                rxenetisr
                0x02017a38                fake_txenetisr()
                0x02018268                EnablePHY()
                0x02018048                EthMultifunc(MACADR, unsigned char)
                0x02017a8c                GetMII(unsigned char, unsigned char)
                0x020185a8                ProcessLinkStatus()
                0x02018320                ResetEnetPart2()
                0x02017a3c                txenetisr
                0x02017b10                SetMII(unsigned char, unsigned char, unsigned short)
                0x02018064                InitializeEthernet()
                0x02018890                real_txenetisr
                0x02017bcc                DisablePHY()
                0x020182e0                ManualEthernetConfig(unsigned char, unsigned char, unsigned char)
                0x02017bfc                FindPHYAddr()
                0x0201873c                EthTransmitBuffer(pool_buffer*)
                0x02018c80                Ether_ProcessTask(void*)
 *fill*         0x02018fce        0x2 00
 .text          0x02018fd0     0x1774 D:\nburn\lib\MOD5270.a(etherprint.o)
                0x0201a66c                EtherLink()
                0x02018fd0                EtherSpeed100()
                0x0201a660                denet()
                0x0201a304                ShowFECRegisters()
                0x020190a8                ShowMII(unsigned char, unsigned char, char const*, unsigned short)
                0x0201a6a0                elink()
                0x0201a654                dEnet()
                0x02018ff0                SwitchMIIPage(unsigned long)
                0x02018fe0                EtherDuplex()
                0x0201901c                showbinary(unsigned short, unsigned short)
                0x02019110                ShowPhyterMII()
 .text          0x0201a744      0x196 D:\nburn\lib\MOD5270.a(emulticast.o)
                0x0201a828                EthDisableMulticast(MACADR)
                0x0201a784                EthEnableMulticast(MACADR)
                0x0201a744                GetMultiCastCRC(MACADR)
 *fill*         0x0201a8da        0x2 00
 .text          0x0201a8dc      0x1b4 D:\nburn\lib\NetBurner.a(extraio.o)
                0x0201a90c                ExpandWrite(int, char const*, int)
                0x0201a93c                ExpandClose(int)
                0x0201a96c                InitExtras()
                0x0201a9a8                GetExtraFD
                0x0201a8dc                ExpandRead(int, char*, int)
                0x0201aa24                FreeExtraFd
                0x0201aa5c                GetExtraData
 .text          0x0201aa90        0x0 d:/nburn/gcc-m68k/bin/../lib/gcc/m68k-elf/4.2.1/../../../../m68k-elf/lib/m5208\libstdc++.a(string-inst.o)
 .text          0x0201aa90        0x0 d:/nburn/gcc-m68k/bin/../lib/gcc/m68k-elf/4.2.1/../../../../m68k-elf/lib/m5208\libstdc++.a(del_op.o)
 .text          0x0201aa90        0x0 d:/nburn/gcc-m68k/bin/../lib/gcc/m68k-elf/4.2.1/../../../../m68k-elf/lib/m5208\libstdc++.a(eh_personality.o)
 .text          0x0201aa90        0x0 d:/nburn/gcc-m68k/bin/../lib/gcc/m68k-elf/4.2.1/../../../../m68k-elf/lib/m5208\libstdc++.a(eh_alloc.o)
 .text          0x0201aa90        0x0 d:/nburn/gcc-m68k/bin/../lib/gcc/m68k-elf/4.2.1/../../../../m68k-elf/lib/m5208\libstdc++.a(functexcept.o)
 .text          0x0201aa90        0x0 d:/nburn/gcc-m68k/bin/../lib/gcc/m68k-elf/4.2.1/../../../../m68k-elf/lib/m5208\libstdc++.a(ios_failure.o)
 .text          0x0201aa90        0x0 d:/nburn/gcc-m68k/bin/../lib/gcc/m68k-elf/4.2.1/../../../../m68k-elf/lib/m5208\libstdc++.a(stdexcept.o)
 .text          0x0201aa90        0x0 d:/nburn/gcc-m68k/bin/../lib/gcc/m68k-elf/4.2.1/../../../../m68k-elf/lib/m5208\libstdc++.a(eh_throw.o)
 .text          0x0201aa90        0x0 d:/nburn/gcc-m68k/bin/../lib/gcc/m68k-elf/4.2.1/../../../../m68k-elf/lib/m5208\libstdc++.a(new_handler.o)
 .text          0x0201aa90        0x0 d:/nburn/gcc-m68k/bin/../lib/gcc/m68k-elf/4.2.1/../../../../m68k-elf/lib/m5208\libstdc++.a(eh_globals.o)
 .text          0x0201aa90        0x0 d:/nburn/gcc-m68k/bin/../lib/gcc/m68k-elf/4.2.1/../../../../m68k-elf/lib/m5208\libstdc++.a(eh_exception.o)
 .text          0x0201aa90        0x0 d:/nburn/gcc-m68k/bin/../lib/gcc/m68k-elf/4.2.1/../../../../m68k-elf/lib/m5208\libstdc++.a(eh_catch.o)
 .text          0x0201aa90        0x0 d:/nburn/gcc-m68k/bin/../lib/gcc/m68k-elf/4.2.1/../../../../m68k-elf/lib/m5208\libstdc++.a(eh_terminate.o)
 .text          0x0201aa90        0x0 d:/nburn/gcc-m68k/bin/../lib/gcc/m68k-elf/4.2.1/../../../../m68k-elf/lib/m5208\libstdc++.a(bad_typeid.o)
 .text          0x0201aa90        0x0 d:/nburn/gcc-m68k/bin/../lib/gcc/m68k-elf/4.2.1/../../../../m68k-elf/lib/m5208\libstdc++.a(eh_call.o)
 .text          0x0201aa90        0x0 d:/nburn/gcc-m68k/bin/../lib/gcc/m68k-elf/4.2.1/../../../../m68k-elf/lib/m5208\libstdc++.a(class_type_info.o)
 .text          0x0201aa90        0x0 d:/nburn/gcc-m68k/bin/../lib/gcc/m68k-elf/4.2.1/../../../../m68k-elf/lib/m5208\libstdc++.a(eh_term_handler.o)
 .text          0x0201aa90        0x0 d:/nburn/gcc-m68k/bin/../lib/gcc/m68k-elf/4.2.1/../../../../m68k-elf/lib/m5208\libstdc++.a(bad_cast.o)
 .text          0x0201aa90        0x0 d:/nburn/gcc-m68k/bin/../lib/gcc/m68k-elf/4.2.1/../../../../m68k-elf/lib/m5208\libstdc++.a(eh_unex_handler.o)
 .text          0x0201aa90        0x0 d:/nburn/gcc-m68k/bin/../lib/gcc/m68k-elf/4.2.1/../../../../m68k-elf/lib/m5208\libstdc++.a(si_class_type_info.o)
 .text          0x0201aa90        0x0 d:/nburn/gcc-m68k/bin/../lib/gcc/m68k-elf/4.2.1/../../../../m68k-elf/lib/m5208\libstdc++.a(vterminate.o)
 .text          0x0201aa90     0x4ae6 d:/nburn/gcc-m68k/bin/../lib/gcc/m68k-elf/4.2.1/../../../../m68k-elf/lib/m5208\libstdc++.a(cp-demangle.o)
                0x0201f49e                __cxa_demangle
 *fill*         0x0201f576        0x2 00
 .text          0x0201f578        0x0 d:/nburn/gcc-m68k/bin/../lib/gcc/m68k-elf/4.2.1/../../../../m68k-elf/lib/m5208\libstdc++.a(tinfo.o)
 .text          0x0201f578        0x0 d:/nburn/gcc-m68k/bin/../lib/gcc/m68k-elf/4.2.1/../../../../m68k-elf/lib/m5208\libstdc++.a(eh_type.o)
 .text          0x0201f578      0xba0 d:/nburn/gcc-m68k/bin/../lib/gcc/m68k-elf/4.2.1/m5208\libgcc.a(_double.o)
                0x02020076                __cmpdf2
                0x0201f5d8                __adddf3
                0x0201ff40                __negdf2
                0x0201fc50                __divdf3
                0x0201ff9e                __cmpdf2_internal
                0x0201fa74                __muldf3
                0x0201f5d2                __subdf3
 .text          0x02020118       0x74 d:/nburn/gcc-m68k/bin/../lib/gcc/m68k-elf/4.2.1/m5208\libgcc.a(_floatex.o)
                0x02020124                $_exception_handler
                0x02020118                __clear_sticky_bit
 .text          0x0202018c       0x22 d:/nburn/gcc-m68k/bin/../lib/gcc/m68k-elf/4.2.1/m5208\libgcc.a(_ltdf2.o)
                0x0202018c                __ltdf2
 *fill*         0x020201ae        0x2 00
 .text          0x020201b0       0x72 d:/nburn/gcc-m68k/bin/../lib/gcc/m68k-elf/4.2.1/m5208\libgcc.a(_muldi3.o)
                0x020201b0                __muldi3
 *fill*         0x02020222        0x2 00
 .text          0x02020224       0x7a d:/nburn/gcc-m68k/bin/../lib/gcc/m68k-elf/4.2.1/m5208\libgcc.a(_fixunsdfsi.o)
                0x02020224                __fixunsdfsi
 *fill*         0x0202029e        0x2 00
 .text          0x020202a0      0x49a d:/nburn/gcc-m68k/bin/../lib/gcc/m68k-elf/4.2.1/m5208\libgcc.a(fpgnulib.o)
                0x02020720                __fixsfsi
                0x02020408                __floatsidf
                0x020204de                __extendsfdf2
                0x02020396                __floatunsidf
                0x020206a0                __fixdfsi
                0x020204c4                __floatsisf
                0x02020578                __truncdfsf2
                0x020202a0                __unordsf2
                0x020204aa                __floatunsisf
                0x02020302                __unorddf2
 *fill*         0x0202073a        0x2 00
 .text          0x0202073c     0x1f0e d:/nburn/gcc-m68k/bin/../lib/gcc/m68k-elf/4.2.1/m5208\libgcc.a(unwind-dw2.o)
                0x02020ade                _Unwind_GetIPInfo
                0x020207c2                _Unwind_GetIP
                0x020224ae                _Unwind_Resume_or_Rethrow
                0x020207f4                _Unwind_GetRegionStart
                0x020221b6                _Unwind_Backtrace
                0x020207b2                _Unwind_GetCFA
                0x020213ac                __frame_state_for
                0x0202253c                _Unwind_Resume
                0x02020824                _Unwind_DeleteException
                0x020222d2                _Unwind_RaiseException
                0x020207d2                _Unwind_SetIP
                0x02020814                _Unwind_GetTextRelBase
                0x02020aba                _Unwind_FindEnclosingFunction
                0x020207e4                _Unwind_GetLanguageSpecificData
                0x020225c2                _Unwind_ForcedUnwind
                0x02020842                _Unwind_SetGR
                0x020208a8                _Unwind_GetGR
                0x02020804                _Unwind_GetDataRelBase
 *fill*         0x0202264a        0x2 00
 .text          0x0202264c     0x126c d:/nburn/gcc-m68k/bin/../lib/gcc/m68k-elf/4.2.1/m5208\libgcc.a(unwind-dw2-fde.o)
                0x0202376a                _Unwind_Find_FDE
                0x02022f60                __register_frame
                0x02022f3e                __register_frame_table
                0x020226c2                __register_frame_info_bases
                0x020236a2                __deregister_frame_info
                0x020235e4                __deregister_frame_info_bases
                0x0202272e                __register_frame_info_table_bases
                0x020236ac                __deregister_frame
                0x02022780                __register_frame_info_table
                0x02022712                __register_frame_info
 .text          0x020238b8       0x22 d:/nburn/gcc-m68k/bin/../lib/gcc/m68k-elf/4.2.1/m5208\libgcc.a(_gedf2.o)
                0x020238b8                __gedf2
 *fill*         0x020238da        0x2 00
 .text          0x020238dc       0x18 d:/nburn/gcc-m68k/bin/../lib/gcc/m68k-elf/4.2.1/../../../../m68k-elf/lib/m5208\libc.a(lib_a-abort.o)
                0x020238dc                abort
 .text          0x020238f4       0x20 d:/nburn/gcc-m68k/bin/../lib/gcc/m68k-elf/4.2.1/../../../../m68k-elf/lib/m5208\libc.a(lib_a-asctime.o)
                0x020238f4                asctime
 .text          0x02023914       0x66 d:/nburn/gcc-m68k/bin/../lib/gcc/m68k-elf/4.2.1/../../../../m68k-elf/lib/m5208\libc.a(lib_a-asctime_r.o)
                0x02023914                asctime_r
 *fill*         0x0202397a        0x2 00
 .text          0x0202397c       0x1e d:/nburn/gcc-m68k/bin/../lib/gcc/m68k-elf/4.2.1/../../../../m68k-elf/lib/m5208\libc.a(lib_a-cxa_atexit.o)
                0x0202397c                __cxa_atexit
 *fill*         0x0202399a        0x2 00
 .text          0x0202399c        0xe d:/nburn/gcc-m68k/bin/../lib/gcc/m68k-elf/4.2.1/../../../../m68k-elf/lib/m5208\libc.a(lib_a-errno.o)
                0x0202399c                __errno
 *fill*         0x020239aa        0x2 00
 .text          0x020239ac       0x24 d:/nburn/gcc-m68k/bin/../lib/gcc/m68k-elf/4.2.1/../../../../m68k-elf/lib/m5208\libc.a(lib_a-fiprintf.o)
                0x020239ac                fiprintf
 .text          0x020239d0       0xaa d:/nburn/gcc-m68k/bin/../lib/gcc/m68k-elf/4.2.1/../../../../m68k-elf/lib/m5208\libc.a(lib_a-fputc.o)
                0x02023a1e                _fputc_r
                0x020239d0                fputc
 *fill*         0x02023a7a        0x2 00
 .text          0x02023a7c       0x90 d:/nburn/gcc-m68k/bin/../lib/gcc/m68k-elf/4.2.1/../../../../m68k-elf/lib/m5208\libc.a(lib_a-fputs.o)
                0x02023a7c                _fputs_r
                0x02023af2                fputs
 .text          0x02023b0c      0x37e d:/nburn/gcc-m68k/bin/../lib/gcc/m68k-elf/4.2.1/../../../../m68k-elf/lib/m5208\libc.a(lib_a-fvwrite.o)
                0x02023b0c                __sfvwrite_r
 *fill*         0x02023e8a        0x2 00
 .text          0x02023e8c       0x9e d:/nburn/gcc-m68k/bin/../lib/gcc/m68k-elf/4.2.1/../../../../m68k-elf/lib/m5208\libc.a(lib_a-fwrite.o)
                0x02023e8c                _fwrite_r
                0x02023f08                fwrite
 *fill*         0x02023f2a        0x2 00
 .text          0x02023f2c       0x32 d:/nburn/gcc-m68k/bin/../lib/gcc/m68k-elf/4.2.1/../../../../m68k-elf/lib/m5208\libc.a(lib_a-getchar.o)
                0x02023f2c                getchar
                0x02023f46                _getchar_r
 *fill*         0x02023f5e        0x2 00
 .text          0x02023f60       0xcc d:/nburn/gcc-m68k/bin/../lib/gcc/m68k-elf/4.2.1/../../../../m68k-elf/lib/m5208\libc.a(lib_a-getc.o)
                0x02023fc4                _getc_r
                0x02023f60                getc
 .text          0x0202402c        0xe d:/nburn/gcc-m68k/bin/../lib/gcc/m68k-elf/4.2.1/../../../../m68k-elf/lib/m5208\libc.a(lib_a-gettzinfo.o)
                0x0202402c                __gettzinfo
 *fill*         0x0202403a        0x2 00
 .text          0x0202403c       0x20 d:/nburn/gcc-m68k/bin/../lib/gcc/m68k-elf/4.2.1/../../../../m68k-elf/lib/m5208\libc.a(lib_a-gmtime.o)
                0x0202403c                gmtime
 .text          0x0202405c       0x1a d:/nburn/gcc-m68k/bin/../lib/gcc/m68k-elf/4.2.1/../../../../m68k-elf/lib/m5208\libc.a(lib_a-gmtime_r.o)
                0x0202405c                gmtime_r
 *fill*         0x02024076        0x2 00
 .text          0x02024078        0x0 d:/nburn/gcc-m68k/bin/../lib/gcc/m68k-elf/4.2.1/../../../../m68k-elf/lib/m5208\libc.a(lib_a-impure.o)
 .text          0x02024078       0x54 d:/nburn/gcc-m68k/bin/../lib/gcc/m68k-elf/4.2.1/../../../../m68k-elf/lib/m5208\libc.a(lib_a-iprintf.o)
                0x02024078                _iprintf_r
                0x020240a2                iprintf
 .text          0x020240cc       0x18 d:/nburn/gcc-m68k/bin/../lib/gcc/m68k-elf/4.2.1/../../../../m68k-elf/lib/m5208\libc.a(lib_a-lcltime_r.o)
                0x020240cc                localtime_r
 .text          0x020240e4       0x32 d:/nburn/gcc-m68k/bin/../lib/gcc/m68k-elf/4.2.1/../../../../m68k-elf/lib/m5208\libc.a(lib_a-malloc.o)
                0x020240fe                malloc
                0x020240e4                free
 *fill*         0x02024116        0x2 00
 .text          0x02024118      0x78c d:/nburn/gcc-m68k/bin/../lib/gcc/m68k-elf/4.2.1/../../../../m68k-elf/lib/m5208\libc.a(lib_a-mallocr.o)
                0x02024118                _malloc_r
 .text          0x020248a4       0xd2 d:/nburn/gcc-m68k/bin/../lib/gcc/m68k-elf/4.2.1/../../../../m68k-elf/lib/m5208\libc.a(lib_a-memchr.o)
                0x020248a4                memchr
 *fill*         0x02024976        0x2 00
 .text          0x02024978       0x72 d:/nburn/gcc-m68k/bin/../lib/gcc/m68k-elf/4.2.1/../../../../m68k-elf/lib/m5208\libc.a(lib_a-memcmp.o)
                0x02024978                memcmp
 *fill*         0x020249ea        0x2 00
 .text          0x020249ec       0xb6 d:/nburn/gcc-m68k/bin/../lib/gcc/m68k-elf/4.2.1/../../../../m68k-elf/lib/m5208\libc.a(lib_a-memmove.o)
                0x020249ec                memmove
 *fill*         0x02024aa2        0x2 00
 .text          0x02024aa4      0x628 d:/nburn/gcc-m68k/bin/../lib/gcc/m68k-elf/4.2.1/../../../../m68k-elf/lib/m5208\libc.a(lib_a-mktm_r.o)
                0x02024aa4                __tzcalc_limits
                0x02024ca4                _mktm_r
 .text          0x020250cc      0x16a d:/nburn/gcc-m68k/bin/../lib/gcc/m68k-elf/4.2.1/../../../../m68k-elf/lib/m5208\libc.a(lib_a-putc.o)
                0x02025186                _putc_r
                0x020250cc                putc
 *fill*         0x02025236        0x2 00
 .text          0x02025238       0x8a d:/nburn/gcc-m68k/bin/../lib/gcc/m68k-elf/4.2.1/../../../../m68k-elf/lib/m5208\libc.a(lib_a-puts.o)
                0x02025238                _puts_r
                0x020252ac                puts
 *fill*         0x020252c2        0x2 00
 .text          0x020252c4       0x1c d:/nburn/gcc-m68k/bin/../lib/gcc/m68k-elf/4.2.1/../../../../m68k-elf/lib/m5208\libc.a(lib_a-realloc.o)
                0x020252c4                realloc
 .text          0x020252e0      0x502 d:/nburn/gcc-m68k/bin/../lib/gcc/m68k-elf/4.2.1/../../../../m68k-elf/lib/m5208\libc.a(lib_a-reallocr.o)
                0x020252e0                _realloc_r
 *fill*         0x020257e2        0x2 00
 .text          0x020257e4       0x4e d:/nburn/gcc-m68k/bin/../lib/gcc/m68k-elf/4.2.1/../../../../m68k-elf/lib/m5208\libc.a(lib_a-rget.o)
                0x0202581e                __srget
                0x020257e4                __srget_r
 *fill*         0x02025832        0x2 00
 .text          0x02025834      0x1ee d:/nburn/gcc-m68k/bin/../lib/gcc/m68k-elf/4.2.1/../../../../m68k-elf/lib/m5208\libc.a(lib_a-setvbuf.o)
                0x02025834                setvbuf
 *fill*         0x02025a22        0x2 00
 .text          0x02025a24      0x270 d:/nburn/gcc-m68k/bin/../lib/gcc/m68k-elf/4.2.1/../../../../m68k-elf/lib/m5208\libc.a(lib_a-signal.o)
                0x02025c18                _signal_r
                0x02025b38                _raise_r
                0x02025a9e                __sigtramp_r
                0x02025c7c                signal
                0x02025a8e                _init_signal
                0x02025a24                _init_signal_r
                0x02025b22                __sigtramp
                0x02025c02                raise
 .text          0x02025c94       0x42 d:/nburn/gcc-m68k/bin/../lib/gcc/m68k-elf/4.2.1/../../../../m68k-elf/lib/m5208\libc.a(lib_a-signalr.o)
                0x02025ca0                _kill_r
                0x02025c94                _getpid_r
 *fill*         0x02025cd6        0x2 00
 .text          0x02025cd8       0xba d:/nburn/gcc-m68k/bin/../lib/gcc/m68k-elf/4.2.1/../../../../m68k-elf/lib/m5208\libc.a(lib_a-siprintf.o)
                0x02025d36                _siprintf_r
                0x02025cd8                siprintf
 *fill*         0x02025d92        0x2 00
 .text          0x02025d94       0xba d:/nburn/gcc-m68k/bin/../lib/gcc/m68k-elf/4.2.1/../../../../m68k-elf/lib/m5208\libc.a(lib_a-sprintf.o)
                0x02025df2                _sprintf_r
                0x02025d94                sprintf
 *fill*         0x02025e4e        0x2 00
 .text          0x02025e50       0xe0 d:/nburn/gcc-m68k/bin/../lib/gcc/m68k-elf/4.2.1/../../../../m68k-elf/lib/m5208\libc.a(lib_a-sscanf.o)
                0x02025ec4                sscanf
                0x02025e5a                _sscanf_r
 .text          0x02025f30       0x7c d:/nburn/gcc-m68k/bin/../lib/gcc/m68k-elf/4.2.1/../../../../m68k-elf/lib/m5208\libc.a(lib_a-strcat.o)
                0x02025f30                strcat
 .text          0x02025fac       0x70 d:/nburn/gcc-m68k/bin/../lib/gcc/m68k-elf/4.2.1/../../../../m68k-elf/lib/m5208\libc.a(lib_a-strcmp.o)
                0x02025fac                strcmp
 .text          0x0202601c       0x22 d:/nburn/gcc-m68k/bin/../lib/gcc/m68k-elf/4.2.1/../../../../m68k-elf/lib/m5208\libc.a(lib_a-strcpy.o)
                0x0202601c                strcpy
 *fill*         0x0202603e        0x2 00
 .text          0x02026040       0x1a d:/nburn/gcc-m68k/bin/../lib/gcc/m68k-elf/4.2.1/../../../../m68k-elf/lib/m5208\libc.a(lib_a-strlen.o)
                0x02026040                strlen
 *fill*         0x0202605a        0x2 00
 .text          0x0202605c       0xda d:/nburn/gcc-m68k/bin/../lib/gcc/m68k-elf/4.2.1/../../../../m68k-elf/lib/m5208\libc.a(lib_a-strncmp.o)
                0x0202605c                strncmp
 *fill*         0x02026136        0x2 00
 .text          0x02026138      0x19e d:/nburn/gcc-m68k/bin/../lib/gcc/m68k-elf/4.2.1/../../../../m68k-elf/lib/m5208\libc.a(lib_a-strtoul.o)
                0x020262b8                strtoul
                0x02026138                _strtoul_r
 *fill*         0x020262d6        0x2 00
 .text          0x020262d8        0x0 d:/nburn/gcc-m68k/bin/../lib/gcc/m68k-elf/4.2.1/../../../../m68k-elf/lib/m5208\libc.a(lib_a-tzvars.o)
 .text          0x020262d8     0x1280 d:/nburn/gcc-m68k/bin/../lib/gcc/m68k-elf/4.2.1/../../../../m68k-elf/lib/m5208\libc.a(lib_a-vfiprintf.o)
                0x0202753a                vfiprintf
                0x0202631c                _vfiprintf_r
 .text          0x02027558     0x1fac d:/nburn/gcc-m68k/bin/../lib/gcc/m68k-elf/4.2.1/../../../../m68k-elf/lib/m5208\libc.a(lib_a-vfprintf.o)
                0x0202759c                _vfprintf_r
                0x020294e6                vfprintf
 .text          0x02029504     0x11ec d:/nburn/gcc-m68k/bin/../lib/gcc/m68k-elf/4.2.1/../../../../m68k-elf/lib/m5208\libc.a(lib_a-vfscanf.o)
                0x0202a61c                __svfscanf
                0x0202a63a                _vfscanf_r
                0x0202a69e                vfscanf
                0x02029504                __svfscanf_r
 .text          0x0202a6f0      0x124 d:/nburn/gcc-m68k/bin/../lib/gcc/m68k-elf/4.2.1/../../../../m68k-elf/lib/m5208\libc.a(lib_a-wbuf.o)
                0x0202a6f0                __swbuf_r
                0x0202a7fa                __swbuf
 .text          0x0202a814       0x7c d:/nburn/gcc-m68k/bin/../lib/gcc/m68k-elf/4.2.1/../../../../m68k-elf/lib/m5208\libc.a(lib_a-wcrtomb.o)
                0x0202a814                _wcrtomb_r
                0x0202a874                wcrtomb
 .text          0x0202a890      0x130 d:/nburn/gcc-m68k/bin/../lib/gcc/m68k-elf/4.2.1/../../../../m68k-elf/lib/m5208\libc.a(lib_a-wcsrtombs.o)
                0x0202a890                _wcsrtombs_r
                0x0202a99e                wcsrtombs
 .text          0x0202a9c0      0x452 d:/nburn/gcc-m68k/bin/../lib/gcc/m68k-elf/4.2.1/../../../../m68k-elf/lib/m5208\libc.a(lib_a-wctomb_r.o)
                0x0202a9c0                _wctomb_r
 *fill*         0x0202ae12        0x2 00
 .text          0x0202ae14      0x130 d:/nburn/gcc-m68k/bin/../lib/gcc/m68k-elf/4.2.1/../../../../m68k-elf/lib/m5208\libc.a(lib_a-wsetup.o)
                0x0202ae14                __swsetup
 .text          0x0202af44       0xe8 d:/nburn/gcc-m68k/bin/../lib/gcc/m68k-elf/4.2.1/../../../../m68k-elf/lib/m5208\libc.a(lib_a-__atexit.o)
                0x0202af44                __register_exitproc
 .text          0x0202b02c        0x0 d:/nburn/gcc-m68k/bin/../lib/gcc/m68k-elf/4.2.1/../../../../m68k-elf/lib/m5208\libc.a(lib_a-ctype_.o)
 .text          0x0202b02c     0x160a d:/nburn/gcc-m68k/bin/../lib/gcc/m68k-elf/4.2.1/../../../../m68k-elf/lib/m5208\libc.a(lib_a-dtoa.o)
                0x0202b1de                _dtoa_r
 *fill*         0x0202c636        0x2 00
 .text          0x0202c638      0x198 d:/nburn/gcc-m68k/bin/../lib/gcc/m68k-elf/4.2.1/../../../../m68k-elf/lib/m5208\libc.a(lib_a-fflush.o)
                0x0202c638                fflush
 .text          0x0202c7d0      0x25e d:/nburn/gcc-m68k/bin/../lib/gcc/m68k-elf/4.2.1/../../../../m68k-elf/lib/m5208\libc.a(lib_a-findfp.o)
                0x0202c82a                __sinit
                0x0202c8e2                __sfmoreglue
                0x0202c8d0                _cleanup
                0x0202c8b6                _cleanup_r
                0x0202c950                __sfp
 *fill*         0x0202ca2e        0x2 00
 .text          0x0202ca30      0x248 d:/nburn/gcc-m68k/bin/../lib/gcc/m68k-elf/4.2.1/../../../../m68k-elf/lib/m5208\libc.a(lib_a-fread.o)
                0x0202cc56                fread
                0x0202ca30                _fread_r
 .text          0x0202cc78      0x422 d:/nburn/gcc-m68k/bin/../lib/gcc/m68k-elf/4.2.1/../../../../m68k-elf/lib/m5208\libc.a(lib_a-freer.o)
                0x0202cd68                _free_r
                0x0202cc78                _malloc_trim_r
 *fill*         0x0202d09a        0x2 00
 .text          0x0202d09c       0xe4 d:/nburn/gcc-m68k/bin/../lib/gcc/m68k-elf/4.2.1/../../../../m68k-elf/lib/m5208\libc.a(lib_a-fwalk.o)
                0x0202d09c                _fwalk
                0x0202d10c                _fwalk_reent
 .text          0x0202d180       0x2a d:/nburn/gcc-m68k/bin/../lib/gcc/m68k-elf/4.2.1/../../../../m68k-elf/lib/m5208\libc.a(lib_a-iswspace.o)
                0x0202d180                iswspace
 *fill*         0x0202d1aa        0x2 00
 .text          0x0202d1ac       0xa6 d:/nburn/gcc-m68k/bin/../lib/gcc/m68k-elf/4.2.1/../../../../m68k-elf/lib/m5208\libc.a(lib_a-locale.o)
                0x0202d1da                _setlocale_r
                0x0202d1ac                __locale_charset
                0x0202d1ba                _localeconv_r
                0x0202d23a                setlocale
                0x0202d1c8                localeconv
 *fill*         0x0202d252        0x2 00
 .text          0x0202d254      0x178 d:/nburn/gcc-m68k/bin/../lib/gcc/m68k-elf/4.2.1/../../../../m68k-elf/lib/m5208\libc.a(lib_a-makebuf.o)
                0x0202d254                __smakebuf
 .text          0x0202d3cc       0x8c d:/nburn/gcc-m68k/bin/../lib/gcc/m68k-elf/4.2.1/../../../../m68k-elf/lib/m5208\libc.a(lib_a-mbrtowc.o)
                0x0202d436                mbrtowc
                0x0202d3cc                _mbrtowc_r
 .text          0x0202d458       0x56 d:/nburn/gcc-m68k/bin/../lib/gcc/m68k-elf/4.2.1/../../../../m68k-elf/lib/m5208\libc.a(lib_a-mbtowc_r.o)
                0x0202d458                _mbtowc_r
 *fill*         0x0202d4ae        0x2 00
 .text          0x0202d4b0      0xc78 d:/nburn/gcc-m68k/bin/../lib/gcc/m68k-elf/4.2.1/../../../../m68k-elf/lib/m5208\libc.a(lib_a-mprec.o)
                0x0202d804                _mprec_log10
                0x0202d8ba                __any_on
                0x0202d960                _Balloc
                0x0202d772                __ratio
                0x0202de88                __i2b
                0x0202d682                __b2d
                0x0202e050                __s2b
                0x0202d5a0                __mcmp
                0x0202d4b0                __hi0bits
                0x0202df6e                __pow5mult
                0x0202dc6c                __lshift
                0x0202dd1a                __multiply
                0x0202da16                __d2b
                0x0202d876                __copybits
                0x0202d600                __ulp
                0x0202db2c                __mdiff
                0x0202d514                __lo0bits
                0x0202deaa                __multadd
                0x0202d926                _Bfree
 .text          0x0202e128      0x21c d:/nburn/gcc-m68k/bin/../lib/gcc/m68k-elf/4.2.1/../../../../m68k-elf/lib/m5208\libc.a(lib_a-refill.o)
                0x0202e14c                __srefill_r
 .text          0x0202e344       0xbc d:/nburn/gcc-m68k/bin/../lib/gcc/m68k-elf/4.2.1/../../../../m68k-elf/lib/m5208\libc.a(lib_a-sccl.o)
                0x0202e344                __sccl
 .text          0x0202e400        0xe d:/nburn/gcc-m68k/bin/../lib/gcc/m68k-elf/4.2.1/../../../../m68k-elf/lib/m5208\libc.a(lib_a-sf_nan.o)
                0x0202e400                nanf
 *fill*         0x0202e40e        0x2 00
 .text          0x0202e410       0x42 d:/nburn/gcc-m68k/bin/../lib/gcc/m68k-elf/4.2.1/../../../../m68k-elf/lib/m5208\libc.a(lib_a-s_isinfd.o)
                0x0202e410                __isinfd
 *fill*         0x0202e452        0x2 00
 .text          0x0202e454       0x34 d:/nburn/gcc-m68k/bin/../lib/gcc/m68k-elf/4.2.1/../../../../m68k-elf/lib/m5208\libc.a(lib_a-s_isnand.o)
                0x0202e454                __isnand
 .text          0x0202e488      0x162 d:/nburn/gcc-m68k/bin/../lib/gcc/m68k-elf/4.2.1/../../../../m68k-elf/lib/m5208\libc.a(lib_a-stdio.o)
                0x0202e4a6                __sseek
                0x0202e598                __sread
                0x0202e488                __sclose
                0x0202e508                __swrite
 *fill*         0x0202e5ea        0x2 00
 .text          0x0202e5ec     0x174a d:/nburn/gcc-m68k/bin/../lib/gcc/m68k-elf/4.2.1/../../../../m68k-elf/lib/m5208\libc.a(lib_a-strtod.o)
                0x0202e63e                _strtod_r
                0x0202fd1c                strtod
                0x0202fc36                strtof
 *fill*         0x0202fd36        0x2 00
 .text          0x0202fd38      0x254 d:/nburn/gcc-m68k/bin/../lib/gcc/m68k-elf/4.2.1/../../../../m68k-elf/lib/m5208\libc.a(lib_a-strtoll_r.o)
                0x0202fd38                _strtoll_r
 .text          0x0202ff8c      0x18a d:/nburn/gcc-m68k/bin/../lib/gcc/m68k-elf/4.2.1/../../../../m68k-elf/lib/m5208\libc.a(lib_a-strtol.o)
                0x020300f8                strtol
                0x0202ff8c                _strtol_r
 *fill*         0x02030116        0x2 00
 .text          0x02030118      0x2ba d:/nburn/gcc-m68k/bin/../lib/gcc/m68k-elf/4.2.1/../../../../m68k-elf/lib/m5208\libc.a(lib_a-strtoull_r.o)
                0x02030118                _strtoull_r
 *fill*         0x020303d2        0x2 00
 .text          0x020303d4      0x230 d:/nburn/gcc-m68k/bin/../lib/gcc/m68k-elf/4.2.1/../../../../m68k-elf/lib/m5208\libc.a(lib_a-ungetc.o)
                0x020305ea                ungetc
                0x020303d4                __submore
                0x02030492                _ungetc_r
 .text          0x02030604       0x3e d:/nburn/gcc-m68k/bin/../lib/gcc/m68k-elf/4.2.1/../../../../m68k-elf/lib/m5208\libc.a(lib_a-writer.o)
                0x02030604                _write_r
 *fill*         0x02030642        0x2 00
 .text          0x02030644       0x92 d:/nburn/gcc-m68k/bin/../lib/gcc/m68k-elf/4.2.1/../../../../m68k-elf/lib/m5208\libc.a(lib_a-callocr.o)
                0x02030644                _calloc_r
 *fill*         0x020306d6        0x2 00
 .text          0x020306d8       0x32 d:/nburn/gcc-m68k/bin/../lib/gcc/m68k-elf/4.2.1/../../../../m68k-elf/lib/m5208\libc.a(lib_a-closer.o)
                0x020306d8                _close_r
 *fill*         0x0203070a        0x2 00
 .text          0x0203070c       0xfe d:/nburn/gcc-m68k/bin/../lib/gcc/m68k-elf/4.2.1/../../../../m68k-elf/lib/m5208\libc.a(lib_a-fclose.o)
                0x0203070c                _fclose_r
                0x020307f4                fclose
 *fill*         0x0203080a        0x2 00
 .text          0x0203080c       0x36 d:/nburn/gcc-m68k/bin/../lib/gcc/m68k-elf/4.2.1/../../../../m68k-elf/lib/m5208\libc.a(lib_a-fstatr.o)
                0x0203080c                _fstat_r
 *fill*         0x02030842        0x2 00
 .text          0x02030844      0x800 d:/nburn/gcc-m68k/bin/../lib/gcc/m68k-elf/4.2.1/../../../../m68k-elf/lib/m5208\libc.a(lib_a-gdtoa-gethex.o)
                0x02030876                __hexdig_init
                0x0203093c                __gethex
 .text          0x02031044      0x1d2 d:/nburn/gcc-m68k/bin/../lib/gcc/m68k-elf/4.2.1/../../../../m68k-elf/lib/m5208\libc.a(lib_a-gdtoa-hexnan.o)
                0x02031082                __hexnan
 *fill*         0x02031216        0x2 00
 .text          0x02031218       0x3e d:/nburn/gcc-m68k/bin/../lib/gcc/m68k-elf/4.2.1/../../../../m68k-elf/lib/m5208\libc.a(lib_a-lseekr.o)
                0x02031218                _lseek_r
 *fill*         0x02031256        0x2 00
 .text          0x02031258       0x3e d:/nburn/gcc-m68k/bin/../lib/gcc/m68k-elf/4.2.1/../../../../m68k-elf/lib/m5208\libc.a(lib_a-readr.o)
                0x02031258                _read_r
 *fill*         0x02031296        0x2 00
 .text          0x02031298       0x22 d:/nburn/gcc-m68k/bin/../lib/gcc/m68k-elf/4.2.1/m5208\libgcc.a(_eqdf2.o)
                0x02031298                __eqdf2
 *fill*         0x020312ba        0x2 00
 .text          0x020312bc       0x22 d:/nburn/gcc-m68k/bin/../lib/gcc/m68k-elf/4.2.1/m5208\libgcc.a(_nedf2.o)
                0x020312bc                __nedf2
 *fill*         0x020312de        0x2 00
 .text          0x020312e0       0x22 d:/nburn/gcc-m68k/bin/../lib/gcc/m68k-elf/4.2.1/m5208\libgcc.a(_gtdf2.o)
                0x020312e0                __gtdf2
 *fill*         0x02031302        0x2 00
 .text          0x02031304       0x22 d:/nburn/gcc-m68k/bin/../lib/gcc/m68k-elf/4.2.1/m5208\libgcc.a(_ledf2.o)
                0x02031304                __ledf2
 *fill*         0x02031326        0x2 00
 .text          0x02031328       0x1a d:/nburn/gcc-m68k/bin/../lib/gcc/m68k-elf/4.2.1/m5208\libgcc.a(_nesf2.o)
                0x02031328                __nesf2
 *fill*         0x02031342        0x2 00
 .text          0x02031344       0x1a d:/nburn/gcc-m68k/bin/../lib/gcc/m68k-elf/4.2.1/m5208\libgcc.a(_gtsf2.o)
                0x02031344                __gtsf2
 *fill*         0x0203135e        0x2 00
 .text          0x02031360       0x1a d:/nburn/gcc-m68k/bin/../lib/gcc/m68k-elf/4.2.1/m5208\libgcc.a(_ltsf2.o)
                0x02031360                __ltsf2
 *fill*         0x0203137a        0x2 00
 .text          0x0203137c      0x3d4 d:/nburn/gcc-m68k/bin/../lib/gcc/m68k-elf/4.2.1/m5208\libgcc.a(_udivdi3.o)
                0x0203137c                __udivdi3
 .text          0x02031750      0x3ee d:/nburn/gcc-m68k/bin/../lib/gcc/m68k-elf/4.2.1/m5208\libgcc.a(_umoddi3.o)
                0x02031750                __umoddi3
 *fill*         0x02031b3e        0x2 00
 .text          0x02031b40      0x7ca d:/nburn/gcc-m68k/bin/../lib/gcc/m68k-elf/4.2.1/m5208\libgcc.a(_float.o)
                0x02031fb2                __divsf3
                0x02031b88                __subsf3
                0x020321a6                __negsf2
                0x02032298                __cmpsf2
                0x020321f8                __cmpsf2_internal
                0x02031e70                __mulsf3
                0x02031b8e                __addsf3
 *fill*         0x0203230a        0x2 00
 .text          0x0203230c       0x32 d:/nburn/gcc-m68k/bin/../lib/gcc/m68k-elf/4.2.1/m5208/crtend.o
                0x02032340                . = ALIGN (0x10)
 *fill*         0x0203233e        0x2 00
 *(.text.*)
 .text._ZNKSs7_M_dataEv
                0x02032340        0xe d:/nburn/gcc-m68k/bin/../lib/gcc/m68k-elf/4.2.1/../../../../m68k-elf/lib/m5208\libstdc++.a(string-inst.o)
                0x02032340                std::string::_M_data() const
 .text._ZNSs7_M_dataEPc
                0x0203234e       0x14 d:/nburn/gcc-m68k/bin/../lib/gcc/m68k-elf/4.2.1/../../../../m68k-elf/lib/m5208\libstdc++.a(string-inst.o)
                0x0203234e                std::string::_M_data(char*)
 .text._ZNKSs6_M_repEv
                0x02032362       0x14 d:/nburn/gcc-m68k/bin/../lib/gcc/m68k-elf/4.2.1/../../../../m68k-elf/lib/m5208\libstdc++.a(string-inst.o)
                0x02032362                std::string::_M_rep() const
 .text._ZNKSs9_M_ibeginEv
                0x02032376        0xe d:/nburn/gcc-m68k/bin/../lib/gcc/m68k-elf/4.2.1/../../../../m68k-elf/lib/m5208\libstdc++.a(string-inst.o)
                0x02032376                std::string::_M_ibegin() const
 .text._ZNKSs7_M_iendEv
                0x02032384       0x14 d:/nburn/gcc-m68k/bin/../lib/gcc/m68k-elf/4.2.1/../../../../m68k-elf/lib/m5208\libstdc++.a(string-inst.o)
                0x02032384                std::string::_M_iend() const
 .text._ZNKSs8_M_limitEmm
                0x02032398       0x20 d:/nburn/gcc-m68k/bin/../lib/gcc/m68k-elf/4.2.1/../../../../m68k-elf/lib/m5208\libstdc++.a(string-inst.o)
                0x02032398                std::string::_M_limit(unsigned long, unsigned long) const
 .text._ZNKSs11_M_disjunctEPKc
                0x020323b8       0x28 d:/nburn/gcc-m68k/bin/../lib/gcc/m68k-elf/4.2.1/../../../../m68k-elf/lib/m5208\libstdc++.a(string-inst.o)
                0x020323b8                std::string::_M_disjunct(char const*) const
 .text._ZNSs12_S_empty_repEv
                0x020323e0        0xe d:/nburn/gcc-m68k/bin/../lib/gcc/m68k-elf/4.2.1/../../../../m68k-elf/lib/m5208\libstdc++.a(string-inst.o)
                0x020323e0                std::string::_S_empty_rep()
 .text._ZNSsC1Ev
                0x020323ee       0x12 d:/nburn/gcc-m68k/bin/../lib/gcc/m68k-elf/4.2.1/../../../../m68k-elf/lib/m5208\libstdc++.a(string-inst.o)
                0x020323ee                std::basic_string<char, std::char_traits<char>, std::allocator<char> >::basic_string()
 .text._ZNKSs5beginEv
                0x02032400        0xe d:/nburn/gcc-m68k/bin/../lib/gcc/m68k-elf/4.2.1/../../../../m68k-elf/lib/m5208\libstdc++.a(string-inst.o)
                0x02032400                std::string::begin() const
 .text._ZNKSs3endEv
                0x0203240e       0x14 d:/nburn/gcc-m68k/bin/../lib/gcc/m68k-elf/4.2.1/../../../../m68k-elf/lib/m5208\libstdc++.a(string-inst.o)
                0x0203240e                std::string::end() const
 .text._ZNKSs4sizeEv
                0x02032422       0x12 d:/nburn/gcc-m68k/bin/../lib/gcc/m68k-elf/4.2.1/../../../../m68k-elf/lib/m5208\libstdc++.a(string-inst.o)
                0x02032422                std::string::size() const
 .text._ZNKSs8max_sizeEv
                0x02032434        0xe d:/nburn/gcc-m68k/bin/../lib/gcc/m68k-elf/4.2.1/../../../../m68k-elf/lib/m5208\libstdc++.a(string-inst.o)
                0x02032434                std::string::max_size() const
 .text._ZNKSs8capacityEv
                0x02032442       0x12 d:/nburn/gcc-m68k/bin/../lib/gcc/m68k-elf/4.2.1/../../../../m68k-elf/lib/m5208\libstdc++.a(string-inst.o)
                0x02032442                std::string::capacity() const
 .text._ZNKSs4dataEv
                0x02032454        0xe d:/nburn/gcc-m68k/bin/../lib/gcc/m68k-elf/4.2.1/../../../../m68k-elf/lib/m5208\libstdc++.a(string-inst.o)
                0x02032454                std::string::data() const
 .text._ZNKSs13get_allocatorEv
                0x02032462        0xa d:/nburn/gcc-m68k/bin/../lib/gcc/m68k-elf/4.2.1/../../../../m68k-elf/lib/m5208\libstdc++.a(string-inst.o)
                0x02032462                std::string::get_allocator() const
 .text._ZNSs12_Alloc_hiderC1EPcRKSaIcE
                0x0203246c       0x10 d:/nburn/gcc-m68k/bin/../lib/gcc/m68k-elf/4.2.1/../../../../m68k-elf/lib/m5208\libstdc++.a(string-inst.o)
                0x0203246c                std::string::_Alloc_hider::_Alloc_hider(char*, std::allocator<char> const&)
 .text._ZNSs4_Rep12_S_empty_repEv
                0x0203247c        0xe d:/nburn/gcc-m68k/bin/../lib/gcc/m68k-elf/4.2.1/../../../../m68k-elf/lib/m5208\libstdc++.a(string-inst.o)
                0x0203247c                std::string::_Rep::_S_empty_rep()
 .text._ZNKSs4_Rep12_M_is_leakedEv
                0x0203248a       0x16 d:/nburn/gcc-m68k/bin/../lib/gcc/m68k-elf/4.2.1/../../../../m68k-elf/lib/m5208\libstdc++.a(string-inst.o)
                0x0203248a                std::string::_Rep::_M_is_leaked() const
 .text._ZNKSs4_Rep12_M_is_sharedEv
                0x020324a0       0x16 d:/nburn/gcc-m68k/bin/../lib/gcc/m68k-elf/4.2.1/../../../../m68k-elf/lib/m5208\libstdc++.a(string-inst.o)
                0x020324a0                std::string::_Rep::_M_is_shared() const
 .text._ZNSs4_Rep13_M_set_leakedEv
                0x020324b6       0x12 d:/nburn/gcc-m68k/bin/../lib/gcc/m68k-elf/4.2.1/../../../../m68k-elf/lib/m5208\libstdc++.a(string-inst.o)
                0x020324b6                std::string::_Rep::_M_set_leaked()
 .text._ZNSs4_Rep15_M_set_sharableEv
                0x020324c8       0x10 d:/nburn/gcc-m68k/bin/../lib/gcc/m68k-elf/4.2.1/../../../../m68k-elf/lib/m5208\libstdc++.a(string-inst.o)
                0x020324c8                std::string::_Rep::_M_set_sharable()
 .text._ZNSs4_Rep26_M_set_length_and_sharableEm
                0x020324d8       0x1c d:/nburn/gcc-m68k/bin/../lib/gcc/m68k-elf/4.2.1/../../../../m68k-elf/lib/m5208\libstdc++.a(string-inst.o)
                0x020324d8                std::string::_Rep::_M_set_length_and_sharable(unsigned long)
 .text._ZNSs4_Rep10_M_refdataEv
                0x020324f4       0x12 d:/nburn/gcc-m68k/bin/../lib/gcc/m68k-elf/4.2.1/../../../../m68k-elf/lib/m5208\libstdc++.a(string-inst.o)
                0x020324f4                std::string::_Rep::_M_refdata()
 .text._ZN9__gnu_cxxeqIPcSsEEbRKNS_17__normal_iteratorIT_T0_EES7_
                0x02032506       0x1a d:/nburn/gcc-m68k/bin/../lib/gcc/m68k-elf/4.2.1/../../../../m68k-elf/lib/m5208\libstdc++.a(string-inst.o)
                0x02032506                bool __gnu_cxx::operator==<char*, std::string>(__gnu_cxx::__normal_iterator<char*, std::string> const&, __gnu_cxx::__normal_iterator<char*, std::string> const&)
 .text._ZNSs12_Alloc_hiderC2EPcRKSaIcE
                0x02032520       0x10 d:/nburn/gcc-m68k/bin/../lib/gcc/m68k-elf/4.2.1/../../../../m68k-elf/lib/m5208\libstdc++.a(string-inst.o)
                0x02032520                std::string::_Alloc_hider::_Alloc_hider(char*, std::allocator<char> const&)
 .text._ZNSs4_Rep10_M_refcopyEv
                0x02032530       0x2c d:/nburn/gcc-m68k/bin/../lib/gcc/m68k-elf/4.2.1/../../../../m68k-elf/lib/m5208\libstdc++.a(string-inst.o)
                0x02032530                std::string::_Rep::_M_refcopy()
 .text._ZNKSs15_M_check_lengthEmmPKc
                0x0203255c       0x2e d:/nburn/gcc-m68k/bin/../lib/gcc/m68k-elf/4.2.1/../../../../m68k-elf/lib/m5208\libstdc++.a(string-inst.o)
                0x0203255c                std::string::_M_check_length(unsigned long, unsigned long, char const*) const
 .text._ZNKSs8_M_checkEmPKc
                0x0203258a       0x22 d:/nburn/gcc-m68k/bin/../lib/gcc/m68k-elf/4.2.1/../../../../m68k-elf/lib/m5208\libstdc++.a(string-inst.o)
                0x0203258a                std::string::_M_check(unsigned long, char const*) const
 .text._ZNSs9_M_assignEPcmc
                0x020325ac       0x3c d:/nburn/gcc-m68k/bin/../lib/gcc/m68k-elf/4.2.1/../../../../m68k-elf/lib/m5208\libstdc++.a(string-inst.o)
                0x020325ac                std::string::_M_assign(char*, unsigned long, char)
 .text._ZNSs7_M_moveEPcPKcm
                0x020325e8       0x22 d:/nburn/gcc-m68k/bin/../lib/gcc/m68k-elf/4.2.1/../../../../m68k-elf/lib/m5208\libstdc++.a(string-inst.o)
                0x020325e8                std::string::_M_move(char*, char const*, unsigned long)
 .text._ZNSs7_M_copyEPcPKcm
                0x0203260a       0x22 d:/nburn/gcc-m68k/bin/../lib/gcc/m68k-elf/4.2.1/../../../../m68k-elf/lib/m5208\libstdc++.a(string-inst.o)
                0x0203260a                std::string::_M_copy(char*, char const*, unsigned long)
 .text._ZNKSs5c_strEv
                0x0203262c        0xe d:/nburn/gcc-m68k/bin/../lib/gcc/m68k-elf/4.2.1/../../../../m68k-elf/lib/m5208\libstdc++.a(string-inst.o)
                0x0203262c                std::string::c_str() const
 .text._ZNKSsixEm
                0x0203263a       0x12 d:/nburn/gcc-m68k/bin/../lib/gcc/m68k-elf/4.2.1/../../../../m68k-elf/lib/m5208\libstdc++.a(string-inst.o)
                0x0203263a                std::string::operator[](unsigned long) const
 .text._ZNKSs4findEcm
                0x0203264c       0x4c d:/nburn/gcc-m68k/bin/../lib/gcc/m68k-elf/4.2.1/../../../../m68k-elf/lib/m5208\libstdc++.a(string-inst.o)
                0x0203264c                std::string::find(char, unsigned long) const
 .text._ZNKSs13find_first_ofEcm
                0x02032698       0x16 d:/nburn/gcc-m68k/bin/../lib/gcc/m68k-elf/4.2.1/../../../../m68k-elf/lib/m5208\libstdc++.a(string-inst.o)
                0x02032698                std::string::find_first_of(char, unsigned long) const
 .text._ZNKSs2atEm
                0x020326ae       0x26 d:/nburn/gcc-m68k/bin/../lib/gcc/m68k-elf/4.2.1/../../../../m68k-elf/lib/m5208\libstdc++.a(string-inst.o)
                0x020326ae                std::string::at(unsigned long) const
 .text._ZNKSs5emptyEv
                0x020326d4       0x18 d:/nburn/gcc-m68k/bin/../lib/gcc/m68k-elf/4.2.1/../../../../m68k-elf/lib/m5208\libstdc++.a(string-inst.o)
                0x020326d4                std::string::empty() const
 .text._ZNKSs6lengthEv
                0x020326ec       0x12 d:/nburn/gcc-m68k/bin/../lib/gcc/m68k-elf/4.2.1/../../../../m68k-elf/lib/m5208\libstdc++.a(string-inst.o)
                0x020326ec                std::string::length() const
 .text._ZNSsC2Ev
                0x020326fe       0x12 d:/nburn/gcc-m68k/bin/../lib/gcc/m68k-elf/4.2.1/../../../../m68k-elf/lib/m5208\libstdc++.a(string-inst.o)
                0x020326fe                std::basic_string<char, std::char_traits<char>, std::allocator<char> >::basic_string()
 .text._ZN9__gnu_cxxeqIPKcSsEEbRKNS_17__normal_iteratorIT_T0_EES8_
                0x02032710       0x1a d:/nburn/gcc-m68k/bin/../lib/gcc/m68k-elf/4.2.1/../../../../m68k-elf/lib/m5208\libstdc++.a(string-inst.o)
                0x02032710                bool __gnu_cxx::operator==<char const*, std::string>(__gnu_cxx::__normal_iterator<char const*, std::string> const&, __gnu_cxx::__normal_iterator<char const*, std::string> const&)
 .text._ZNKSs16find_last_not_ofEcm
                0x0203272a       0x5a d:/nburn/gcc-m68k/bin/../lib/gcc/m68k-elf/4.2.1/../../../../m68k-elf/lib/m5208\libstdc++.a(string-inst.o)
                0x0203272a                std::string::find_last_not_of(char, unsigned long) const
 .text._ZNKSs17find_first_not_ofEcm
                0x02032784       0x52 d:/nburn/gcc-m68k/bin/../lib/gcc/m68k-elf/4.2.1/../../../../m68k-elf/lib/m5208\libstdc++.a(string-inst.o)
                0x02032784                std::string::find_first_not_of(char, unsigned long) const
 .text._ZNKSs5rfindEcm
                0x020327d6       0x6a d:/nburn/gcc-m68k/bin/../lib/gcc/m68k-elf/4.2.1/../../../../m68k-elf/lib/m5208\libstdc++.a(string-inst.o)
                0x020327d6                std::string::rfind(char, unsigned long) const
 .text._ZNKSs12find_last_ofEcm
                0x02032840       0x16 d:/nburn/gcc-m68k/bin/../lib/gcc/m68k-elf/4.2.1/../../../../m68k-elf/lib/m5208\libstdc++.a(string-inst.o)
                0x02032840                std::string::find_last_of(char, unsigned long) const
 .text._ZNSs4_Rep9_S_createEmmRKSaIcE
                0x02032856       0xa4 d:/nburn/gcc-m68k/bin/../lib/gcc/m68k-elf/4.2.1/../../../../m68k-elf/lib/m5208\libstdc++.a(string-inst.o)
                0x02032856                std::string::_Rep::_S_create(unsigned long, unsigned long, std::allocator<char> const&)
 .text._ZNSs4_Rep10_M_destroyERKSaIcE
                0x020328fa        0xc d:/nburn/gcc-m68k/bin/../lib/gcc/m68k-elf/4.2.1/../../../../m68k-elf/lib/m5208\libstdc++.a(string-inst.o)
                0x020328fa                std::string::_Rep::_M_destroy(std::allocator<char> const&)
 .text._ZNSs4_Rep10_M_disposeERKSaIcE
                0x02032906       0x2c d:/nburn/gcc-m68k/bin/../lib/gcc/m68k-elf/4.2.1/../../../../m68k-elf/lib/m5208\libstdc++.a(string-inst.o)
                0x02032906                std::string::_Rep::_M_dispose(std::allocator<char> const&)
 .text._ZNKSs16find_last_not_ofEPKcmm