Archive member included because of file (symbol)

C:\nburn/lib/NANO54415.a(hardware_init.o)
                              c:/nburn/gcc-m68k/bin/../lib/gcc/m68k-elf/4.2.1/../../../../m68k-elf/lib/m5206e\nb-crt0.o (hardware_init_hook)
C:\nburn/lib/NANO54415.a(bsp.o)
                              main6C.o (SetIntc)
C:\nburn/lib/NANO54415.a(localio.o)
                              C:\nburn/lib/NANO54415.a(bsp.o) (LocalOutByte)
C:\nburn/lib/NANO54415.a(defpins.o)
                              C:\nburn/lib/NANO54415.a(bsp.o) (SetDefPinUsage)
C:\nburn/lib/NANO54415.a(pins.o)
                              main6C.o (PinIO::set(unsigned char))
C:\nburn/lib/NANO54415.a(FlashOps.o)
                              C:\nburn/lib/NANO54415.a(hardware_init.o) (CopySPIFlashImageOnBoot)
C:\nburn/lib/NANO54415.a(multichanneli2c.o)
                              main6C.o (I2CFillSlaveTXBuf)
C:\nburn/lib/NANO54415.a(SPIFlash.o)
                              C:\nburn/lib/NANO54415.a(FlashOps.o) (SPIFlash::SPIFlash(int))
C:\nburn/lib/NetBurner.a(ucosmcfa.o)
                              C:\nburn/lib/NANO54415.a(bsp.o) (OSCtxSw)
C:\nburn/lib/NetBurner.a(software_init.o)
                              c:/nburn/gcc-m68k/bin/../lib/gcc/m68k-elf/4.2.1/../../../../m68k-elf/lib/m5206e\nb-crt0.o (software_init_hook)
C:\nburn/lib/NetBurner.a(ucos.o)
                              main6C.o (OSIntNesting)
C:\nburn/lib/NetBurner.a(ucosmain.o)
                              C:\nburn/lib/NANO54415.a(bsp.o) (critical_count)
C:\nburn/lib/NetBurner.a(fileio.o)
                              main6C.o (charavail)
C:\nburn/lib/NetBurner.a(main.o)
                              c:/nburn/gcc-m68k/bin/../lib/gcc/m68k-elf/4.2.1/../../../../m68k-elf/lib/m5206e\nb-crt0.o (main)
C:\nburn/lib/NetBurner.a(tcp.o)
                              C:\nburn/lib/NetBurner.a(fileio.o) (_Socket_Private_read)
C:\nburn/lib/NetBurner.a(iosys.o)
                              C:\nburn/lib/NetBurner.a(tcp.o) (FD_ZERO)
C:\nburn/lib/NetBurner.a(netinterface.o)
                              C:\nburn/lib/NetBurner.a(tcp.o) (GetFirstInterface())
C:\nburn/lib/NetBurner.a(smarttrap.o)
                              C:\nburn/lib/NANO54415.a(bsp.o) (smart_trap_asm)
C:\nburn/lib/NetBurner.a(device.o)
                              C:\nburn/lib/NetBurner.a(main.o) (DeviceInitializeSem)
C:\nburn/lib/NetBurner.a(ucosmcfc.o)
                              C:\nburn/lib/NetBurner.a(ucos.o) (OSTaskCreatewName)
C:\nburn/lib/NetBurner.a(system.o)
                              C:\nburn/lib/NetBurner.a(netinterface.o) (RawGetConfig)
C:\nburn/lib/NetBurner.a(utils.o)
                              C:\nburn/lib/NetBurner.a(system.o) (AsciiToIp)
C:\nburn/lib/NetBurner.a(ip.o)
                              C:\nburn/lib/NetBurner.a(tcp.o) (GetSum)
C:\nburn/lib/NetBurner.a(buffers.o)
                              C:\nburn/lib/NetBurner.a(tcp.o) (IncUsageCount)
C:\nburn/lib/NetBurner.a(arp.o)
                              C:\nburn/lib/NetBurner.a(ip.o) (wArpLifetime)
C:\nburn/lib/NetBurner.a(udp.o)
                              C:\nburn/lib/NetBurner.a(ip.o) (process_udp(pool_buffer*, IPPKT*, unsigned short))
C:\nburn/lib/NetBurner.a(autoip.o)
                              C:\nburn/lib/NetBurner.a(arp.o) (AutoIPClient::addressCollision())
C:\nburn/lib/NetBurner.a(new_ops.o)
                              C:\nburn/lib/NetBurner.a(autoip.o) (operator new(unsigned long))
C:\nburn/lib/NANO54415.a(serial.o)
                              C:\nburn/lib/NetBurner.a(fileio.o) (SerialClose)
C:\nburn/lib/NANO54415.a(ethernet.o)
                              C:\nburn/lib/NetBurner.a(netinterface.o) (AddEthernetInterface())
C:\nburn/lib/NANO54415.a(etherprint.o)
                              C:\nburn/lib/NANO54415.a(ethernet.o) (EtherLink())
C:\nburn/lib/NANO54415.a(emulticast.o)
                              C:\nburn/lib/NANO54415.a(ethernet.o) (EthEnableMulticast(MACADR))
C:\nburn/lib/NetBurner.a(extraio.o)
                              C:\nburn/lib/NANO54415.a(serial.o) (GetExtraFD)
C:\nburn/lib/NetBurner.a(netrx.o)
                              C:\nburn/lib/NANO54415.a(ethernet.o) (NetDoRX(pool_buffer*, unsigned short, int))
c:/nburn/gcc-m68k/bin/../lib/gcc/m68k-elf/4.2.1/../../../../m68k-elf/lib/m5206e\libstdc++.a(functexcept.o)
                              main6C.o (std::__throw_out_of_range(char const*))
c:/nburn/gcc-m68k/bin/../lib/gcc/m68k-elf/4.2.1/../../../../m68k-elf/lib/m5206e\libstdc++.a(globals_io.o)
                              main6C.o (std::cout)
c:/nburn/gcc-m68k/bin/../lib/gcc/m68k-elf/4.2.1/../../../../m68k-elf/lib/m5206e\libstdc++.a(ios_failure.o)
                              c:/nburn/gcc-m68k/bin/../lib/gcc/m68k-elf/4.2.1/../../../../m68k-elf/lib/m5206e\libstdc++.a(functexcept.o) (std::ios_base::failure::~failure())
c:/nburn/gcc-m68k/bin/../lib/gcc/m68k-elf/4.2.1/../../../../m68k-elf/lib/m5206e\libstdc++.a(ios_init.o)
                              main6C.o (std::ios_base::Init::~Init())
[...]
Memory Configuration

Name             Origin             Length             Attributes
ram              0x40000400         0x03fffcff         xrw
SRAM             0x80000400         0x0000fbf0         xrw
*default*        0x00000000         0xffffffff

Linker script and memory map

LOAD c:/nburn/gcc-m68k/bin/../lib/gcc/m68k-elf/4.2.1/../../../../m68k-elf/lib/m5206e\nb-crt0.o
LOAD c:/nburn/gcc-m68k/bin/../lib/gcc/m68k-elf/4.2.1/m5206e/crtbegin.o
LOAD main6C.o
LOAD main6C (Samudra Haque N3RDX's conflicted copy 2014-11-27).o
LOAD C:\nburn/NANO54415/lib/sys.ld
                0x40000000                ovector_base = 0x40000000
                0x80000000                vector_base = 0x80000000
                0x80000400                SRAM_START_ADDR = 0x80000400
                0x80010000                SRAM_END_ADDR = 0x80010000
                0xec008000                sim1 = 0xec008000
                0xfc004000                sim2 = 0xfc004000
                0x00004000                FlashAppBase = 0x4000
                0xfc0d4008                DBETHER_EMIR_REG = 0xfc0d4008
START GROUP
LOAD C:\nburn/lib/NANO54415.a
LOAD C:\nburn/lib/NetBurner.a
LOAD C:\nburn/lib/FatFile.a
LOAD C:\nburn\lib\debugLibrary.a
LOAD C:\nburn\lib\Lua_Full.a
LOAD C:\nburn\lib\nb-libxively.a
LOAD C:\nburn\lib\nbwifilib.a
LOAD C:\nburn\lib\webclient.a
END GROUP
LOAD c:/nburn/gcc-m68k/bin/../lib/gcc/m68k-elf/4.2.1/../../../../m68k-elf/lib/m5206e\libstdc++.a
LOAD c:/nburn/gcc-m68k/bin/../lib/gcc/m68k-elf/4.2.1/../../../../m68k-elf/lib/m5206e\libm.a
LOAD c:/nburn/gcc-m68k/bin/../lib/gcc/m68k-elf/4.2.1/m5206e\libgcc.a
LOAD c:/nburn/gcc-m68k/bin/../lib/gcc/m68k-elf/4.2.1/../../../../m68k-elf/lib/m5206e\libc.a
LOAD c:/nburn/gcc-m68k/bin/../lib/gcc/m68k-elf/4.2.1/m5206e\libgcc.a
LOAD c:/nburn/gcc-m68k/bin/../lib/gcc/m68k-elf/4.2.1/m5206e/crtend.o
START GROUP
LOAD c:/nburn/gcc-m68k/bin/../lib/gcc/m68k-elf/4.2.1/../../../../m68k-elf/lib/m5206e\libc.a
LOAD c:/nburn/gcc-m68k/bin/../lib/gcc/m68k-elf/4.2.1/m5206e\libgcc.a
LOAD c:/nburn/gcc-m68k/bin/../lib/gcc/m68k-elf/4.2.1/../../../../m68k-elf/lib/m5206e\libm.a
END GROUP
                0x00000000                __DYNAMIC = 0x0
                0x44000000                PROVIDE (__stack, 0x44000000)
                0x00000000                PROVIDE (hardware_init_hook, 0x0)
                0x00000000                PROVIDE (_hardware_init_hook, 0x0)
                0x00000000                PROVIDE (software_init_hook, 0x0)
                0x00000000                PROVIDE (_software_init_hook, 0x0)

.SRAM_SECT      0x80000400     0x88f0
                0x80000400                SRAM_START = .
 *(SYS_VAR_SECT)
 SYS_VAR_SECT   0x80000400      0x238 C:\nburn/lib/NetBurner.a(ucos.o)
                0x8000052c                TimeTick
                0x8000051c                OSLockNesting
                0x80000526                OSRunning
                0x80000508                OSTCBList
                0x80000530                OSMapTbl
                0x80000528                Secs
                0x80000514                OSTCBFreeList
                0x80000524                OSISRLevel
                0x80000510                OSTCBHighRdy
                0x80000520                OSRdyGrp
                0x80000538                OSUnMapTbl
                0x80000500                OSRdyTbl
                0x80000518                OSIntNesting
                0x8000050c                OSTCBCur
                0x80000400                OSTCBPrioTbl
 SYS_VAR_SECT   0x80000638      0x1ac C:\nburn/lib/NetBurner.a(ucosmain.o)
                0x80000638                OSTcbStructSize
                0x80000650                critical_count
                0x80000654                OSTCBTbl
 SYS_VAR_SECT   0x800007e4       0x1c C:\nburn/lib/NetBurner.a(fileio.o)
                0x800007fc                pExtraFdFunc
 SYS_VAR_SECT   0x80000800       0x20 C:\nburn/lib/NetBurner.a(iosys.o)
                0x80000800                read_file_sets
                0x80000810                error_file_sets
                0x80000808                write_file_sets
                0x80000820                SYS_VAR_SECT_END = .
                0x80000820                . = ALIGN (0x10)
 *(IDLE_STK_SECT)
                0x80000820                IDLE_STK_SECT_END = .
                0x80000820                . = ALIGN (0x10)
 *(MAIN_STK_SECT)
 MAIN_STK_SECT  0x80000820     0x2000 C:\nburn/lib/NetBurner.a(main.o)
                0x80000820                MainStk
                0x80002820                MAIN_STK_SECT_END = .
                0x80002820                . = ALIGN (0x4)
 *(ETHER_VAR_SECT)
 ETHER_VAR_SECT
                0x80002820      0x110 C:\nburn/lib/NANO54415.a(ethernet.o)
                0x800028f6                TxcPosts
                0x800028fa                TxcSems
                0x80002820                EthernetMac
                0x800028ee                LastIsrStatus
                0x80002850                RxBD
                0x800028e0                TxBDFlag
                0x800028fe                RxIsr
                0x8000290c                PHY_addr
                0x800028f2                RxPosts
                0x8000290e                PHY_ID
                0x80002906                bEthLink
                0x800028d4                RxBDFlag
                0x800028ea                last_rxbd
                0x800028a0                RxBDpp
                0x80002908                phy_data_pd
                0x80002826                nTx
                0x80002902                TxIsr
                0x800028c8                TxBDpp
                0x80002830                TxBD
                0x80002930                ETHER_VAR_SECT_END = .
                0x80002930                . = ALIGN (0x10)
 *(ETHER_STK_SECT)
 ETHER_STK_SECT
                0x80002930     0x2000 C:\nburn/lib/NANO54415.a(ethernet.o)
                0x80002930                EtherSendStk
                0x80004930                ETHER_STK_SECT_END = .
                0x80004930                . = ALIGN (0x4)
 *(IP_VAR_SECT)
 IP_VAR_SECT    0x80004930      0x2fe C:\nburn/lib/NetBurner.a(ip.o)
                0x8000494e                pDHCPServerTick
                0x80004932                bTTL_Default
                0x80004c26                next_arp_time
                0x80004934                ipRxFifo
                0x8000496a                multi_home_if_record
                0x80004946                IcmpFifo
                0x80004966                nAdditional_Homes
                0x80004930                wGlobalPktId
                0x8000495a                pPromisciousPacketFunc
                0x80004962                pFragFunc
                0x8000495e                pMultiCastFunc
                0x80004c2a                delay
                0x80004956                pAutoIPTick
                0x80004952                pMultiTick
                0x8000494a                pDHCPTick
                0x80004992                multi_if_block
 IP_VAR_SECT    0x80004c2e       0x78 C:\nburn/lib/NetBurner.a(udp.o)
                0x80004ca2                UdpNetbiosNameServicePtr
                0x80004c9a                pDHCPServerProcessFunction
                0x80004c2e                udp_fifos
                0x80004c96                pDHCPProcessFunction
                0x80004c9e                pTaskPacketFunc
                0x80004c92                UDP_fifos_used
                0x80004ca6                IP_VAR_SECT_END = .
                0x80004cb0                . = ALIGN (0x10)
 *fill*         0x80004ca6        0xa 00
 *(IP_STK_SECT)
 IP_STK_SECT    0x80004cb0     0x2000 C:\nburn/lib/NetBurner.a(ip.o)
                0x80004cb0                IPStk
                0x80006cb0                IP_STK_SECT_END = .
                0x80006cb0                . = ALIGN (0x4)
 *(TCP_VAR_SECT)
 TCP_VAR_SECT   0x80006cb0       0x1e C:\nburn/lib/NetBurner.a(tcp.o)
                0x80006cc0                TCP_TimerSemaphore
                0x80006cb0                TCP_critical_section
                0x80006cce                TCP_VAR_SECT_END = .
                0x80006cd0                . = ALIGN (0x10)
 *fill*         0x80006cce        0x2 00
 *(TCP_STK_SECT)
 TCP_STK_SECT   0x80006cd0     0x2000 C:\nburn/lib/NetBurner.a(tcp.o)
                0x80006cd0                TCPStk
                0x80008cd0                TCP_STK_SECT_END = .
                0x80008cd0                . = ALIGN (0x10)
 *(HTTP_STK_SECT)
                0x80008cd0                HTTP_STK_SECT_END = .
                0x80008cd0                . = ALIGN (0x10)
 *(FTP_STK_SECT)
                0x80008cd0                FTP_STK_SECT_END = .
                0x80008cd0                . = ALIGN (0x10)
 *(WIFI_STK_SECT)
                0x80008cd0                WIFI_STK_SECT_END = .
                0x80008cd0                . = ALIGN (0x10)
 *(PPP_STK_SECT)
                0x80008cd0                PPP_STK_SECT_END = .
                0x80008cd0                . = ALIGN (0x10)
 *(COMMAND_STK_SECT)
                0x80008cd0                COMMAND_STK_SECT_END = .
                0x80008cd0                . = ALIGN (0x4)
 *(USER_VAR_SECT)
                0x80008cd0                USER_VAR_SECT_END = .
                0x80008cd0                . = ALIGN (0x10)
 *(USER_STK_SECT)
                0x80008cd0                USER_STK_SECT_END = .
                0x80008cd0                BUFFERS_SECT_START = .
                0x80008cd0                . = ALIGN (0x10)
 *(BUFFERS_VAR_SECT)
 BUFFERS_VAR_SECT
                0x80008cd0       0x1c C:\nburn/lib/NetBurner.a(buffers.o)
                0x80008cd0                FAST_BUFFER_POOL_SIZE
                0x80008cde                free_fast_list
                0x80008ce8                free_list_is_initialized
                0x80008cd4                free_list
                0x80008cf0                . = ALIGN (0x10)
 *fill*         0x80008cec        0x4 00
                0x80008cf0                BUFFERS_VAR_SECT_END = .
                0x80008cf0                . = ALIGN (0x10)
                0x80008cf0                SRAM_END = .

.text           0x40000400    0x7ac70
                0x40000400                gConfigRec = .
                0x40002400                . = (. + 0x2000)
 *fill*         0x40000400     0x2000 00
                0x40002400                UserParamBase = .
                0x40004400                . = (. + 0x2000)
 *fill*         0x40002400     0x2000 00
 *(.text)
 .text          0x40004400       0xaa c:/nburn/gcc-m68k/bin/../lib/gcc/m68k-elf/4.2.1/../../../../m68k-elf/lib/m5206e\nb-crt0.o
                0x40004400                start
 *fill*         0x400044aa        0x2 00
 .text          0x400044ac       0x9c c:/nburn/gcc-m68k/bin/../lib/gcc/m68k-elf/4.2.1/m5206e/crtbegin.o
 .text          0x40004548     0x4b6c main6C.o
                0x400061a4                parseBlockIPD(std::string)
                0x4000518c                menu()
                0x4000454c                func_isr
                0x40004c18                disableAll
                0x40005b50                debugPrint(std::string)
                0x4000500c                setNewMode(std::string, std::string)
                0x40004fc4                goFIRfromIDL()
                0x40004e5c                goIDLfromSBY()
                0x40004f34                goRUNfromIDL()
                0x40005df8                parseBlockPPU(std::string)
                0x40007018                UserMain
                0x40004b4c                real_func_isr
                0x40005c08                setNewPulseCount()
                0x40004620                setDefaults
                0x40004d24                goFIRfromRUN()
                0x40006abc                parseBlockCU(std::string)
                0x40004ea4                goSBYfromIDL()
                0x40004680                Ascii2Byte(char*)
                0x40004f10                goSBY()
                0x4000459c                disablePeripherals()
                0x40004548                fake_func_isr()
                0x40004f7c                goRUNfromFIR()
                0x40004ec8                goSBYfromRUN()
                0x40006bd0                parseBlockG(std::string)
                0x40004e14                goIDLfromFIR()
                0x40004fa0                goRUN()
                0x40006ce4                doSetup()
                0x40004f58                goRUNfromSBY()
                0x40004764                initDMATIMER1
                0x4000580c                control18L(int, int)
                0x40004e80                goIDL()
                0x40006edc                setTP1(long)
                0x40004c44                controlTP1(unsigned char)
                0x40004fe8                goFIRfromSBY()
                0x40004eec                goSBYfromFIR()
                0x40004e38                goIDLfromRUN()
                0x4000835c                parseCMDPacket(char*)
                0x40005ccc                controlPMA(unsigned char)
                0x40004df0                goFIR()
                0x400054b0                control18Hmanual(int, int)
 .text          0x400090b4     0x4b6c main6C (Samudra Haque N3RDX's conflicted copy 2014-11-27).o
 .text          0x4000dc20        0x8 C:\nburn/lib/NANO54415.a(hardware_init.o)
                0x4000dc20                hardware_init_hook
 .text          0x4000dc28      0x3fa C:\nburn/lib/NANO54415.a(bsp.o)
                0x4000dc48                fake_faultvector
                0x4000dc4c                faultvector
                0x4000dde8                _sbrk_r
                0x4000deb4                HardwareSetup
                0x4000dd38                DisableCache
                0x4000de40                spaceleft
                0x4000dc2c                Tick5441X
                0x4000de98                ForceReboot
                0x4000de84                BspGetTickFraction
                0x4000dc28                xTick
                0x4000dd30                C_DebugTrap
                0x4000de78                getdipsw
                0x4000de34                atexit
                0x4000dfcc                real_faultvector
                0x4000ddb0                EnableCache
                0x4000dc68                SetIntc
 *fill*         0x4000e022        0x2 00
 .text          0x4000e024       0xbc C:\nburn/lib/NANO54415.a(localio.o)
                0x4000e024                GetUartRecord
                0x4000e068                GetDefUart
                0x4000e07c                LocalInByte
                0x4000e098                LocalOutByte
                0x4000e0cc                LocalCharAvail
 .text          0x4000e0e0      0x1f2 C:\nburn/lib/NANO54415.a(defpins.o)
                0x4000e0e0                SetDefPinUsage
 *fill*         0x4000e2d2        0x2 00
 .text          0x4000e2d4     0x13b6 C:\nburn/lib/NANO54415.a(pins.o)
                0x4000e2d4                PinIO::set(unsigned char)
                0x4000f1a4                PinIO::function(int)
                0x4000ea5c                PinIO::drive()
                0x4000ed30                PinIO::read()
 *fill*         0x4000f68a        0x2 00
 .text          0x4000f68c      0x2d8 C:\nburn/lib/NANO54415.a(FlashOps.o)
                0x4000f68c                InConfigRec(void*)
                0x4000f774                CopySPIFlashImageOnBoot
                0x4000f848                FlashProgram
                0x4000f90c                FlashErase
                0x4000f6b4                AddrAdjust(void*)
                0x4000f7f8                GetSpiFlashCrit()
                0x4000f7e0                ReleaseSpiFlashCrit()
 .text          0x4000f964     0x1468 C:\nburn/lib/NANO54415.a(multichanneli2c.o)
                0x4000ffc8                MultiChannel_I2CRestart
                0x4000fb7c                fake_i2c5_multichannel_int_routine()
                0x4000fbd0                MultiChannel_I2CStop
                0x400100a8                MultiChannel_I2CStart
                0x4000fc48                I2CRXAvail
                0x4000f964                i2cModuleSwitch(int)
                0x400105f8                I2C_MultiChannel_Isr(int)
                0x400109f4                real_i2c3_multichannel_int_routine
                0x4000fc68                I2CTXAvail
                0x40010a40                MultiChannel_I2CInit
                0x400102cc                MultiChannel_I2CReadBuf
                0x4000fe18                I2CGetByte
                0x40010a30                real_i2c0_multichannel_int_routine
                0x4000fad8                i2c3_multichannel_int_routine
                0x4000fe6c                MultiChannel_I2CRead
                0x40010a1c                real_i2c1_multichannel_int_routine
                0x400104e0                MultiChannel_I2CSendBuf
                0x400109cc                real_i2c5_multichannel_int_routine
                0x4000f9dc                i2c0_multichannel_int_routine
                0x4000fa84                i2c2_multichannel_int_routine
                0x4000fb28                fake_i2c4_multichannel_int_routine()
                0x40010a08                real_i2c2_multichannel_int_routine
                0x4000fa80                fake_i2c2_multichannel_int_routine()
                0x4000fb80                i2c5_multichannel_int_routine
                0x4000fca8                I2CFillSlaveTXBuf
                0x4000fa2c                fake_i2c1_multichannel_int_routine()
                0x4000fdc0                I2CMultiChannelResetPeripheral(int)
                0x4000fad4                fake_i2c3_multichannel_int_routine()
                0x4000ff10                MultiChannel_I2CSend
                0x4000fa30                i2c1_multichannel_int_routine
                0x4000f9d8                fake_i2c0_multichannel_int_routine()
                0x4000fb2c                i2c4_multichannel_int_routine
                0x400109e0                real_i2c4_multichannel_int_routine
 .text          0x40010dcc      0xa24 C:\nburn/lib/NANO54415.a(SPIFlash.o)
                0x40011600                SPIFlash::WriteSR(unsigned char)
                0x40011668                SPIFlash::WriteEnabled()
                0x400110b8                SPIFlash::QFlushSPIRX()
                0x40010dcc                SPIFlash::SPIFlash(int)
                0x40011684                SPIFlash::WriteProtect(int)
                0x400116c8                SPIFlash::ResetMe()
                0x40010f28                SPIFlash::SpiFrameWait()
                0x40011314                SPIFlash::EraseSector(int)
                0x400110f4                SPIFlash::WriteData(unsigned char*, int, int)
                0x40010ec8                SPIFlash::DoSpiRx()
                0x40010f04                SPIFlash::~SPIFlash()
                0x40010f14                SPIFlash::SpiStart()
                0x40011428                SPIFlash::WriteDataWErase(unsigned char*, int, int)
                0x40010e5c                SPIFlash::SendSPITX(unsigned char, int)
                0x40011478                SPIFlash::JedecId()
                0x40010f4c                SPIFlash::SpiAscCmd(char const*)
                0x4001153c                SPIFlash::UniqueIdL()
                0x400110b0                SPIFlash::WriteEnable(bool)
                0x40010e14                SPIFlash::SPIFlash(int)
                0x40011720                SPIFlash::ReadData(unsigned char*, int, int)
                0x400113ec                SPIFlash::EraseRange(int, int)
                0x40010f0c                SPIFlash::~SPIFlash()
                0x400114c8                SPIFlash::UniqueIdM()
                0x400115c0                SPIFlash::ReadSR()
 .text          0x400117f0      0x44a C:\nburn/lib/NetBurner.a(ucosmcfa.o)
                0x400118d0                OSDebugTraceHalt
                0x400117f0                OSStartHighRdy
                0x400118e0                TrapOutByte
                0x40011910                memcpy
                0x40011910                fmemcpy
                0x40011810                OSCtxSw
                0x40011900                TrapCharAvail
                0x40011840                OSIntCtxSw
                0x400118f0                TrapInByte
                0x40011870                OSTickISR
                0x400119e0                memcpysum
                0x400118b0                OSSetupVBR
                0x40011c10                GetSR_IntLevel
                0x40011b70                memset
                0x40011b70                fmemset
                0x40011c20                SetSR_IntLevel
 *fill*         0x40011c3a        0x2 00
 .text          0x40011c3c        0x8 C:\nburn/lib/NetBurner.a(software_init.o)
                0x40011c3c                software_init_hook
 .text          0x40011c44     0x1e0c C:\nburn/lib/NetBurner.a(ucos.o)
                0x400135f0                OSCritEnterNoWait
                0x40011cf4                UCOSWAITS_HERE
                0x4001329c                OSFifoPostFirst
                0x40013664                OSCritLeave
                0x400133fc                getpid
                0x40011f00                OSLock
                0x40012d6c                OSQPostFirst
                0x4001377c                OSTaskID
                0x40012b58                OSQPendNoWait
                0x40013794                OSSetName
                0x400137bc                OSIntExit
                0x40012384                OSSemPendNoWait
                0x4001206c                OSTaskDelete
                0x40011f28                OSUnlock
                0x40013414                OSCritInit
                0x40012bd4                OSQPost
                0x40013450                OSCritEnter
                0x40012f58                OSFifoPend
                0x400121e4                OSSemPend
                0x40012550                OSMboxInit
                0x4001278c                OSMboxPost
                0x40012f0c                OSFifoInit
                0x40012970                OSQPend
                0x40011c70                OSSched
                0x40011d2c                OSTimeDly
                0x400123c4                OSSemPost
                0x40011f68                OSChangePrio
                0x40011ed0                OSTCBGetFree
                0x40011d04                OSIntEnterWAS
                0x40012744                OSMboxPendNoWait
                0x4001313c                OSFifoPost
                0x40012184                OSSemInit
                0x40013858                OSStart
                0x40011de4                OSTimeTick
                0x400128fc                OSQInit
                0x400137a8                OSTaskName
                0x400130ec                OSFifoPendNoWait
                0x400125a4                OSMboxPend
                0x400138d4                OSInit
                0x40011dc4                OSChangeTaskDly
 .text          0x40013a50      0x1b8 C:\nburn/lib/NetBurner.a(ucosmain.o)
                0x40013b2c                __malloc_unlock
                0x40013a50                UCosBegin
                0x40013b4c                balloc_lock
                0x40013b8c                UCosSetup
                0x40013b10                balloc_unlock
                0x40013b6c                __malloc_lock
 .text          0x40013c08      0x5f8 C:\nburn/lib/NetBurner.a(fileio.o)
                0x40013d98                ioctl
                0x40013c08                isatty
                0x40013cf0                CurrentStdioFD
                0x40013d68                lseek
                0x40013c40                ReplaceStdio
                0x40013e04                write
                0x40013c24                fstat
                0x40013f34                rawwrite
                0x40014140                stdioinbyte
                0x40013fb8                read
                0x40013d20                outbyte
                0x40013d80                open
                0x40013d38                charavail
                0x40013d14                fcntl
                0x400141b8                close
 .text          0x40014200       0x78 C:\nburn/lib/NetBurner.a(main.o)
                0x40014238                main
                0x40014200                __do_global_ctors
 .text          0x40014278     0x5406 C:\nburn/lib/NetBurner.a(tcp.o)
                0x40015920                SendTcpRst(IPPKT*)
                0x400148b4                GetTcpState(int)
                0x40015bd0                InitTCP()
                0x400166b4                _Socket_Private_read
                0x40014868                ShortSocketList::ShortSocketList()
                0x40014914                SetOutOfOrderbuffers(int, unsigned char)
                0x400144e8                GetSocketRemotePort(int)
                0x40015088                socket_struct::MyAdvertisedWindow()
                0x40014f24                SetSocketTxBuffers(int, int)
                0x400145fc                setsockoption(int, int)
                0x400153d4                TcpSend(socket_struct*, unsigned long, pool_buffer*, unsigned short, unsigned char)
                0x40018800                TCPTimerTask(void*)
                0x40018ff0                process_tcp(pool_buffer*, IPPKT*, unsigned short)
                0x40016d10                socket_struct::ProcessRST()
                0x400195b4                NoBlockconnectvia(unsigned long, unsigned short, unsigned short, unsigned long)
                0x40014958                TcpGetLastRxTime(int)
                0x40016e2c                abortsocket
                0x40017210                socket_struct::ProcessDataSegment(TCPPKT*, unsigned short, unsigned char*, pool_buffer*&)
                0x4001940c                connectvia(unsigned long, unsigned short, unsigned short, unsigned long, unsigned long)
                0x400161e8                HashSocketList::RemoveSocket(socket_struct*) const
                0x400178a8                _Socket_Private_write
                0x40014634                getsockoption(int)
                0x40017ef0                socket_struct::ProcessAck(TCPPKT*)
                0x400166d0                socket_struct::SaveData(unsigned char*, unsigned short, unsigned char)
                0x40015ed8                GetTcpRtxCount(int)
                0x400143dc                fixoverlap(unsigned long, unsigned long, unsigned long&, unsigned long&)
                0x400169b0                socket_struct::SetTimer(unsigned long)
                0x4001958c                connect(unsigned long, unsigned short, unsigned short, unsigned long)
                0x400146c0                HashSocketList::HashSocketList()
                0x4001642c                GetTcpSocket(TCPPKT*, unsigned long)
                0x40019604                NoBlockConnect(unsigned long, unsigned short, unsigned short, unsigned long)
                0x40014ba4                TcpGetRxBufferSpaceUsed(int)
                0x400174f0                socket_struct::DoRawSend()
                0x40014be4                ShowFdTcpSocket(int)
                0x40014ea8                socket_struct::ClearPending(int)
                0x40015f4c                ShortSocketList::findsocket(unsigned short, unsigned short, unsigned long) const
                0x40019504                connect(unsigned long, unsigned short, unsigned short, unsigned long, unsigned long)
                0x40015e64                TcpSendKeepAlive(int)
                0x40014458                getsocketerror(int)
                0x400146a8                EnableTcpDebug(unsigned short)
                0x4001870c                socket_struct::ProcessTimer()
                0x400173cc                socket_struct::SetUpNextRetransmit()
                0x400146b8                HashSocketList::HashSocketList()
                0x400164e4                SockReadWithTimeout
                0x40015b64                GetFreeSocketCount()
                0x4001819c                socket_struct::ProcessFIN(TCPPKT*, unsigned short)
                0x40015100                FixHeaderAndSendTcp(pool_buffer*, IPPKT*, socket_struct*)
                0x40014664                setsocketackbuffers(int, unsigned char)
                0x400145dc                socket_struct::CleanUpDeletedListener()
                0x40014398                FindListenSocket(unsigned short, unsigned long)
                0x4001520c                TcpSendwSum(socket_struct*, unsigned long, pool_buffer*, unsigned short, unsigned char, unsigned long)
                0x40016a30                socket_struct::DoCleanup()
                0x400167c0                socket_struct::TestOutofOrder()
                0x400149c8                TcpGetLastRxInterval(int)
                0x40014278                GetFirstSeq()
                0x40015dd0                FREESOCKET(socket_struct*)
                0x40016c08                ShortSocketList::AddSocket(socket_struct*)
                0x40017dd4                socket_struct::DoRetransmit(unsigned char)
                0x40014878                ShortSocketList::Init()
                0x40015ff0                ShortSocketList::processTick()
                0x400190fc                socket_struct::CoreConnect(unsigned long, unsigned short, unsigned short, unsigned long)
                0x40018310                _Socket_Private_close
                0x40018450                accept(int, unsigned long*, unsigned short*, unsigned short)
                0x40014870                ShortSocketList::ShortSocketList()
                0x40014f64                SetSocketRxBuffers(int, int)
                0x4001704c                listen(unsigned long, unsigned short, unsigned char)
                0x400146c8                HashSocketList::Init() const
                0x400146e0                ShortSocketList::GetFreeShort()
                0x400144b8                GetSocketRemoteAddr(int)
                0x40016354                HashSocketList::findsocket(unsigned short, unsigned short, unsigned long) const
                0x40014b38                WaitForSocketFlush(int, unsigned long)
                0x400146b0                DumpTcpPacket(IPPKT*)
                0x40017154                RemoveFromUserCloseList(socket_struct*)
                0x400142bc                ValidateTCP(IPPKT*, unsigned short)
                0x400160a0                ShortSocketList::process(pool_buffer*, TCPPKT*, unsigned long) const
                0x400142a8                socket_struct::SetState(int)
                0x40014fa4                socket_struct::processoptions(pool_buffer*, TCPPKT*, IPPKT*)
                0x40017ad0                socket_struct::DoClose(int)
                0x40016f60                GetFreeSocket()
                0x40014518                GetSocketLocalPort(int)
                0x400162a0                HashSocketList::AddSocket(socket_struct*) const
                0x40014828                ShortSocketList::FreeShort(ShortSocket*) const
                0x40014548                socket_struct::CalcRTO(unsigned long)
                0x400158c8                socket_struct::OpenWindow()
                0x40015a34                SendTcpSynRst(IPPKT*)
                0x40014ae8                TcpAllDataAcked(int)
                0x40017828                clrsockoption(int, int)
                0x4001498c                TcpGetSocketState(int)
                0x400146a0                DumpTcpDebug()
                0x40014488                GetSocketLocalAddr(int)
                0x40018928                socket_struct::process(pool_buffer*, TCPPKT*)
                0x400148e8                RegisterTCPReadNotify
                0x40015464                socket_struct::SendState(unsigned short, pool_buffer*)
 *fill*         0x4001967e        0x2 00
 .text          0x40019680      0x69e C:\nburn/lib/NetBurner.a(iosys.o)
                0x40019abc                SetDataAvail
                0x4001995c                writeall
                0x400199bc                RawCheckSelects()
                0x40019a68                SetHaveError
                0x40019af8                RemoveSelect(PendingSelect*)
                0x40019a80                SetWriteAvail
                0x4001984c                ZeroWaitSelect
                0x40019b78                AddSelect(PendingSelect*)
                0x400197a0                FD_ISSET
                0x40019748                ClrDataAvail
                0x40019bd0                select
                0x40019730                ClrWriteAvail
                0x40019a34                CheckSelects()
                0x40019900                writestring
                0x40019810                countbits(fd_set*)
                0x40019680                FD_OVERLAP(fd_set*, fd_set*)
                0x400198d0                dataavail
                0x400196bc                FD_ZERO
                0x40019760                FD_SET
                0x40019718                ClrHaveError
                0x400197ec                countdwbits(unsigned long)
                0x40019c70                ReadWithTimeout
                0x400196d4                FD_CLR
 *fill*         0x40019d1e        0x2 00
 .text          0x40019d20      0x4b2 C:\nburn/lib/NetBurner.a(netinterface.o)
                0x4001a104                InitializeNetwork(void (*)(pool_buffer*, EFRAME*, unsigned short), void (*)(pool_buffer*, EFRAME*))
                0x40019dd8                InterfaceIP(int)
                0x40019ecc                GetEframe(pool_buffer*)
                0x4001a0a4                SaveIfConfig(ConfigRecord*, int)
                0x40019f98                RegisterMultiHomeInterface(_InterfaceBlock*)
                0x40019d20                GetFirstInterface()
                0x4001a0d4                GetIfConfig(int)
                0x40019e88                InterfaceMAC(int)
                0x40019d84                GetInterFaceBlock(int)
                0x40019e04                InterfaceDNS(int)
                0x40019e30                InterfaceMASK(int)
                0x40019d40                GetnextInterface(int)
                0x4001a170                TransmitBuffer(pool_buffer*, int)
                0x40019f38                DisableMulticast(MACADR, int)
                0x4001a000                RegisterInterface(_InterfaceBlock*)
                0x40019ee0                EnableMulticast(MACADR, int)
                0x4001a070                Removeinterface(int)
                0x40019f90                StopNetworks()
                0x40019db0                GetInterfaceNumber(_InterfaceBlock*)
                0x40019e5c                InterfaceGate(int)
 *fill*         0x4001a1d2        0x2 00
 .text          0x4001a1d4     0x131e C:\nburn/lib/NetBurner.a(smarttrap.o)
                0x4001a208                EnableSmartTraps()
                0x4001a2e8                WalkStack(os_tcb*, unsigned long, unsigned long)
                0x4001a7c8                smart_trap_asm
                0x4001a5e8                Local_OutTCBState(os_tcb*, unsigned long, unsigned long)
                0x4001a1d4                SafeRead(unsigned long)
                0x4001a224                Local_OutHex(unsigned long, int)
                0x4001a7c0                Smart_Trap_Holder()
                0x4001a2b8                Local_OutString(char const*)
                0x4001a364                Local_ShowTaskName(os_tcb volatile*)
 *fill*         0x4001b4f2        0x2 00
 .text          0x4001b4f4       0x52 C:\nburn/lib/NetBurner.a(device.o)
                0x4001b514                DeviceInitializeSem
                0x4001b4f4                DeviceGetQspiSem()
                0x4001b504                DeviceGetI2cSem()
 *fill*         0x4001b546        0x2 00
 .text          0x4001b548      0x320 C:\nburn/lib/NetBurner.a(ucosmcfc.o)
                0x4001b830                OSTaskCreate
                0x4001b85c                TopOfStackKillfunction
                0x4001b604                OSTaskCreatewName
                0x4001b548                OSTCBInit
                0x4001b860                KillFunctionLink
 .text          0x4001b868      0x684 C:\nburn/lib/NetBurner.a(system.o)
                0x4001bbec                UpdateConfigRecord_Num
                0x4001b8bc                RawGetConfig
                0x4001b868                isvalidcr
                0x4001bda8                SetupDialog
                0x4001b978                ReadLine
                0x4001bd94                UpdateConfigRecord
                0x4001b8e8                GetValidConfig
                0x4001bb38                IpQuestion
                0x4001b910                ShowChange
 .text          0x4001beec      0xc84 C:\nburn/lib/NetBurner.a(utils.o)
                0x4001c8d8                fShowMac
                0x4001c0dc                FancyDump(unsigned char*, int)
                0x4001ca0c                ShowCounters
                0x4001c024                convertHexAsciiToBinary
                0x4001c29c                ShowData
                0x4001c934                snShowIP
                0x4001beec                kill
                0x4001ca74                fShowCounters
                0x4001c898                fShowIP
                0x4001befc                _fini
                0x4001c208                ShowIP
                0x4001bf08                AsciiToIp
                0x4001caec                sShowCounters
                0x4001c9d8                DiagMenuPicker(int, unsigned char)
                0x4001c244                ShowMac
                0x4001bf8c                convertBinaryToHexAscii
                0x4001c0c4                __builtin_delete
                0x4001bef4                _exit
                0x4001c978                snShowMac
 .text          0x4001cb70     0x1aaa C:\nburn/lib/NetBurner.a(ip.o)
                0x4001cfc0                FixUpICMP(IPPKT*, unsigned char, unsigned char, unsigned char*, unsigned short)
                0x4001cd30                IsMultiCast(unsigned long)
                0x4001d960                FixHeaderAndSend(pool_buffer*, IPPKT*)
                0x4001d2d4                DoIPPacket(pool_buffer*, EFRAME*, unsigned short)
                0x4001cc2c                GetSum20
                0x4001dc5c                PingViaInterface
                0x4001d274                SaveError(pool_buffer*)
                0x4001d5e4                process_icmp(pool_buffer*, IPPKT*, unsigned short)
                0x4001ce6c                IpProcessEthernetPacket
                0x4001d498                FixHeaderAndSendViaInterface(pool_buffer*, IPPKT*, int)
                0x4001ded8                ShowIPBuffer(pool_buffer*)
                0x4001dac0                SendICMPError(pool_buffer*, unsigned char, unsigned char)
                0x4001d0d8                InitializeStack(unsigned long, unsigned long, unsigned long, unsigned long)
                0x4001cd80                GetData(IPPKT*)
                0x4001d1fc                InitializeCStack
                0x4001dd6c                Ping
                0x4001cb70                GetSum
                0x4001d208                GetMultiHomeInterface(unsigned long, int)
                0x4001d2b8                IsMyIp
                0x4001d07c                IsBroadCast(unsigned long, int)
                0x4001d028                KillStack
                0x4001cdac                PrepareIPOutput(pool_buffer*, unsigned long, unsigned short)
                0x4001cd50                GetMultiAddress(unsigned long)
                0x4001db94                SendPing
                0x4001cc64                GetSumHdr
                0x4001d034                IsLocal(unsigned long, int)
                0x4001dda0                GetLocalIPInterface(unsigned long)
                0x4001ddf8                AddInterface(unsigned long, unsigned long, unsigned long, int)
                0x4001d700                IPTask(void*)
 *fill*         0x4001e61a        0x2 00
 .text          0x4001e61c      0xef8 C:\nburn/lib/NetBurner.a(buffers.o)
                0x4001e700                FreeBufferList
                0x4001eb0c                fifo_buffer_storage::Full()
                0x4001ebfc                ShowBuffer
                0x4001eee0                fifo_buffer_storage::Reset(unsigned char)
                0x4001e730                InitBuffers
                0x4001e85c                buffer_list::InsertBefore(pool_buffer*, pool_buffer*)
                0x4001ea34                GetBuffer
                0x4001ebdc                fifo_buffer_storage::fifo_buffer_storage(unsigned char, unsigned char)
                0x4001eaf4                fifo_buffer_storage::Empty()
                0x4001f358                fifo_buffer_storage::ReadDatawSum(unsigned char*, int, unsigned long&)
                0x4001eae0                fifo_buffer_storage::SpaceUsed()
                0x4001e61c                ShowBuffers()
                0x4001e648                buffer_list::InsertHead(pool_buffer*)
                0x4001ed28                GetFreeCount
                0x4001e62c                IncUsageCount
                0x4001ebbc                fifo_buffer_storage::fifo_buffer_storage(unsigned char, unsigned char)
                0x4001e7f8                buffer_list::InsertTail(pool_buffer*)
                0x4001efa0                fifo_buffer_storage::~fifo_buffer_storage()
                0x4001f090                fifo_buffer_storage::SetMaxBuffers(unsigned char)
                0x4001eda0                fifo_buffer_storage::ReadData(unsigned char*, int)
                0x4001eb54                fifo_buffer_storage::Init(unsigned char, unsigned char)
                0x4001e624                DumpBuffers()
                0x4001e9cc                buffer_list::RemoveHead()
                0x4001e944                buffer_list::Remove(pool_buffer*)
                0x4001ea80                buffer_list::RemoveTail()
                0x4001efb4                fifo_buffer_storage::LongSpaceAvail()
                0x4001f120                fifo_buffer_storage::WriteData(unsigned char*, int)
                0x4001e6b8                FreeBuffer
                0x4001e8d0                buffer_list::InsertAfter(pool_buffer*, pool_buffer*)
                0x4001f06c                fifo_buffer_storage::SpaceAvail()
                0x4001ef8c                fifo_buffer_storage::~fifo_buffer_storage()
 .text          0x4001f514     0x1922 C:\nburn/lib/NetBurner.a(arp.o)
                0x40020248                FindAddArp(unsigned long)
                0x4001f670                sendGratuitousArp(int)
                0x4001f53c                MacEqual(MACADR, MACADR)
                0x4001f878                InitializeArp()
                0x4001f920                FindArp(unsigned long)
                0x4001fb7c                SendArp(ArpRecord*, int)
                0x4001f82c                GetInterface(unsigned long)
                0x40020b2c                AddCheckArp(MACADR*, unsigned long, int)
                0x4001f59c                SetMac(ArpRecord*, MACADR, int)
                0x40020084                DeleteArpFromIp(unsigned long)
                0x4001fa24                GetArpMacFromIp(unsigned long, MACADR&)
                0x40020654                RouteOutVia(EFRAME*, unsigned long, pool_buffer*, int)
                0x4001fad8                GetProperInterface(unsigned long)
                0x40020198                FreeOneArp()
                0x40020bb8                processArp(pool_buffer*, EFRAME*)
                0x4001f634                NeedsArp(int)
                0x4001fcac                GetNextArp(ArpRecord*)
                0x4001f740                RawSendArp(ArpRecord*, unsigned long, int)
                0x400200a4                AgeArp()
                0x40020874                RouteOut(EFRAME*, unsigned long, pool_buffer*)
                0x4001fd74                ShowArp()
                0x4001feb4                DeleteArp(ArpRecord*)
                0x4001fd1c                GetFirstArp()
                0x4001fbe8                GetSrcIp
                0x400204e4                IsMyAddressUsedArpDetect(unsigned short, int)
                0x4001f534                Cleanup()
                0x4001f514                IsNull(ArpRecord*)
                0x4001fe08                fShowArp(__sFILE*)
                0x4001fa7c                AddPending(MACADR*, unsigned long, int)
 *fill*         0x40020e36        0x2 00
 .text          0x40020e38     0x13dc C:\nburn/lib/NetBurner.a(udp.o)
                0x40021700                UDPPacket::Send(unsigned long, unsigned char)
                0x40020f80                UDPPacket::SetDestinationPort(unsigned short)
                0x40021044                UDPPacket::GetPacketId()
                0x40021090                UDPPacket::GetSourceAddress()
                0x40021e4c                UDPPacket::UDPPacket()
                0x4002143c                UDPPacket::AddDataByte(unsigned char)
                0x40021818                UDPPacket::SendAndKeep(unsigned long, unsigned char)
                0x400210b4                RegisterUDPFifo(unsigned short, os_fifo*)
                0x40021484                UDPPacket::AddData(char const*)
                0x40020eac                UDPPacket::UDPPacket(pool_buffer*)
                0x40021544                UDPPacket::SendViaInterface(unsigned long, int, unsigned char)
                0x4002102c                UDPPacket::GetIpPacket()
                0x4002166c                UDPPacket::SendVia(unsigned long, unsigned long, unsigned char)
                0x40021888                UDPPacket::~UDPPacket()
                0x40020e38                GetUdpFifoRec(unsigned short)
                0x40020fbc                UDPPacket::GetDataBuffer()
                0x4002117c                RegisterUDPFifoWithNotify(unsigned short, os_fifo*, void (*)(os_fifo*, unsigned short))
                0x40020ef8                UDPPacket::UDPPacket(pool_buffer*)
                0x40020ff0                UDPPacket::GetDataSize() const
                0x400218f4                ProcessIDPacket(UDPPacket&, int)
                0x40021460                UDPPacket::AddDataWord(unsigned short)
                0x40021e90                process_udp(pool_buffer*, IPPKT*, unsigned short)
                0x400214b4                UDPPacket::Validate()
                0x40020f9c                UDPPacket::GetDestinationPort() const
                0x40021390                UDPPacket::AddData(unsigned char const*, unsigned short)
                0x40021244                UnregisterUDPFifo(unsigned short)
                0x40022154                UDPPacket::UDPPacket(os_fifo*, unsigned long)
                0x40020fd0                UDPPacket::SetDataSize(unsigned short)
                0x4002130c                FixIDDataPacket(UDPPacket&, _InterfaceBlock*)
                0x40021018                UDPPacket::ResetData()
                0x40021860                UDPPacket::~UDPPacket()
                0x400221b4                UDPPacket::UDPPacket(os_fifo*, unsigned long)
                0x400216ac                UDPPacket::SendAndKeepVia(unsigned long, unsigned long, unsigned char)
                0x40020f44                UDPPacket::SetSourcePort(unsigned short)
                0x40020f60                UDPPacket::GetSourcePort() const
                0x40021368                FixIDDataPacket(UDPPacket&, int)
                0x400218b0                UDPPacket::UDPPacket()
                0x4002106c                UDPPacket::GetDestinationAddress()
 .text          0x40022214      0x71c C:\nburn/lib/NetBurner.a(autoip.o)
                0x40022450                AutoIPClient::AutoIPClient(int)
                0x40022330                AutoIPClient::stop()
                0x4002277c                AutoIPClient::arpCheck()
                0x400222a0                AutoIPClient::getNextTick()
                0x400225d8                AutoIPClient::announce()
                0x40022254                AutoIPClient::addressCollision()
                0x40022290                AutoIPClient::getState()
                0x400226b4                AutoIPClient::startArp()
                0x400228d8                AutoIPClient::staticTimeTick()
                0x40022214                AutoIPClient::start()
                0x400224cc                AutoIPClient::AutoIPClient(int)
                0x400222b0                AutoIPClient::tickDelay(int)
                0x400222d8                AutoIPClient::negotiate()
                0x4002261c                AutoIPClient::setRNG()
                0x400223ec                AutoIPClient::~AutoIPClient()
                0x40022868                AutoIPClient::timeTick()
                0x40022368                AutoIPClient::restart()
                0x40022548                AddAutoIPInterface(int)
                0x40022388                AutoIPClient::~AutoIPClient()
                0x40022678                AutoIPClient::generateNewIPAddr()
 .text          0x40022930       0x26 C:\nburn/lib/NetBurner.a(new_ops.o)
                0x40022930                operator new(unsigned long)
 *fill*         0x40022956        0x2 00
 .text          0x40022958     0x21da C:\nburn/lib/NANO54415.a(serial.o)
                0x40022984                WakeTx(int)
                0x40022958                FdSerialMap(int)
                0x40023c78                SerialClose
                0x40022f74                fake_SER_7_ISR()
                0x40024a34                real_SER_5_ISR
                0x40023c04                SendBreak
                0x4002443c                OpenSerial
                0x4002373c                GetUartErrorReg
                0x40022ce8                fake_SER_0_ISR()
                0x40022fcc                SER_8_ISR
                0x40022d90                real_SER_1_ISR
                0x40024a74                real_SER_4_ISR
                0x40023984                fShowSerialData(__sFILE*)
                0x40024974                real_SER_8_ISR
                0x40022ecc                fake_SER_5_ISR()
                0x40022f24                SER_6_ISR
                0x40022dd0                fake_SER_2_ISR()
                0x400238b4                SerialSendComplete
                0x40023070                SerialEnableTxFlow
                0x400230b8                SerialEnableRxFlow
                0x400249b4                real_SER_7_ISR
                0x40022a18                DoSerIsr(int)
                0x400234a0                Serial485HalfDupMode
                0x40024ab4                real_SER_3_ISR
                0x40023020                SER_9_ISR
                0x40022e28                SER_3_ISR
                0x4002301c                fake_SER_9_ISR()
                0x40022ed0                SER_5_ISR
                0x400248f8                real_SER_0_ISR
                0x400232cc                SerialEnableHwRxFlow
                0x40023f58                serread
                0x40024278                BasePutChar(int, unsigned char)
                0x40023f74                BaseGetChar(int)
                0x40024af4                real_SER_2_ISR
                0x40022e7c                SER_4_ISR
                0x40022d40                SER_1_ISR
                0x40023d6c                serreadwto
                0x4002439c                InitializeMaps()
                0x40022cec                SER_0_ISR
                0x4002417c                serwriteaddress
                0x40022f78                SER_7_ISR
                0x40024934                real_SER_9_ISR
                0x40024034                serwrite
                0x40023934                SerialExpandRxBuffer(int, int)
                0x40023d48                serexternalclose
                0x40022f20                fake_SER_6_ISR()
                0x40022dd4                SER_2_ISR
                0x40022e78                fake_SER_4_ISR()
                0x40022fc8                fake_SER_8_ISR()
                0x40022d3c                fake_SER_1_ISR()
                0x40022e24                fake_SER_3_ISR()
                0x400249f4                real_SER_6_ISR
                0x40023104                SerialEnableHwTxFlow
 *fill*         0x40024b32        0x2 00
 .text          0x40024b34     0x17ce C:\nburn/lib/NANO54415.a(ethernet.o)
                0x40025718                AddEthernetInterface()
                0x40024d18                StopEnet()
                0x400251d0                ResetEnet()
                0x40025938                ProcessDuplexStatus()
                0x40024b34                read_eth_addr(MACADR*)
                0x4002580c                WarmEnetReset()
                0x40026154                real_rxenetisr
                0x40024b60                fake_rxenetisr()
                0x40024b64                rxenetisr
                0x40024bb4                fake_txenetisr()
                0x40025908                EnablePHY()
                0x40024d6c                EthMultifunc(MACADR, unsigned char)
                0x40024c08                GetMII(unsigned char, unsigned char)
                0x40024d88                ResetEnetPart2()
                0x40024bb8                txenetisr
                0x40024c8c                SetMII(unsigned char, unsigned char, unsigned short)
                0x40025564                InitializeEthernet()
                0x40025db0                real_txenetisr
                0x40024d48                DisablePHY()
                0x400258a8                ManualEthernetConfig(unsigned char, unsigned char, unsigned char)
                0x40025c5c                EthTransmitBuffer(pool_buffer*)
                0x40025fa8                Ether_ProcessTask(void*)
 *fill*         0x40026302        0x2 00
 .text          0x40026304     0x16e8 C:\nburn/lib/NANO54415.a(etherprint.o)
                0x40027914                EtherLink()
                0x40026304                EtherSpeed100()
                0x40027908                denet()
                0x400275a8                ShowFECRegisters()
                0x400263dc                ShowMII(unsigned char, unsigned char, char const*, unsigned short)
                0x40027948                elink()
                0x400278fc                dEnet()
                0x40026324                SwitchMIIPage(unsigned long)
                0x40026314                EtherDuplex()
                0x40026350                showbinary(unsigned short, unsigned short)
                0x40026444                ShowPhyterMII()
 .text          0x400279ec      0x196 C:\nburn/lib/NANO54415.a(emulticast.o)
                0x40027ad0                EthDisableMulticast(MACADR)
                0x40027a2c                EthEnableMulticast(MACADR)
                0x400279ec                GetMultiCastCRC(MACADR)
 *fill*         0x40027b82        0x2 00
 .text          0x40027b84      0x23c C:\nburn/lib/NetBurner.a(extraio.o)
                0x40027bb4                ExpandWrite(int, char const*, int)
                0x40027be4                ExpandClose(int)
                0x40027c14                InitExtras()
                0x40027c50                GetExtraFD
                0x40027b84                ExpandRead(int, char*, int)
                0x40027d84                GetFreeExtraFDCount
                0x40027ce0                FreeExtraFd
                0x40027d18                GetExtraData
                0x40027d4c                GetExtraExtraData
 .text          0x40027dc0      0x1f2 C:\nburn/lib/NetBurner.a(netrx.o)
                0x40027dc0                NetDoRX(pool_buffer*, unsigned short, int)
 *fill*         0x40027fb2        0x2 00
 .text          0x40027fb4        0x0 c:/nburn/gcc-m68k/bin/../lib/gcc/m68k-elf/4.2.1/../../../../m68k-elf/lib/m5206e\libstdc++.a(functexcept.o)
 .text          0x40027fb4        0x0 c:/nburn/gcc-m68k/bin/../lib/gcc/m68k-elf/4.2.1/../../../../m68k-elf/lib/m5206e\libstdc++.a(globals_io.o)
 .text          0x40027fb4        0x0 c:/nburn/gcc-m68k/bin/../lib/gcc/m68k-elf/4.2.1/../../../../m68k-elf/lib/m5206e\libstdc++.a(ios_failure.o)
 .text          0x40027fb4        0x0 c:/nburn/gcc-m68k/bin/../lib/gcc/m68k-elf/4.2.1/../../../../m68k-elf/lib/m5206e\libstdc++.a(ios_init.o)
 .text          0x40027fb4        0x0 c:/nburn/gcc-m68k/bin/../lib/gcc/m68k-elf/4.2.1/../../../../m68k-elf/lib/m5206e\libstdc++.a(locale.o)
 .text          0x40027fb4        0x0 c:/nburn/gcc-m68k/bin/../lib/gcc/m68k-elf/4.2.1/../../../../m68k-elf/lib/m5206e\libstdc++.a(locale_init.o)
 .text          0x40027fb4        0x0 c:/nburn/gcc-m68k/bin/../lib/gcc/m68k-elf/4.2.1/../../../../m68k-elf/lib/m5206e\libstdc++.a(stdexcept.o)
 .text          0x40027fb4        0x0 c:/nburn/gcc-m68k/bin/../lib/gcc/m68k-elf/4.2.1/../../../../m68k-elf/lib/m5206e\libstdc++.a(ext-inst.o)
 .text          0x40027fb4        0x0 c:/nburn/gcc-m68k/bin/../lib/gcc/m68k-elf/4.2.1/../../../../m68k-elf/lib/m5206e\libstdc++.a(ios-inst.o)
 .text          0x40027fb4        0x0 c:/nburn/gcc-m68k/bin/../lib/gcc/m68k-elf/4.2.1/../../../../m68k-elf/lib/m5206e\libstdc++.a(istream-inst.o)
 .text          0x40027fb4        0x0 c:/nburn/gcc-m68k/bin/../lib/gcc/m68k-elf/4.2.1/../../../../m68k-elf/lib/m5206e\libstdc++.a(istream.o)
 .text          0x40027fb4        0x0 c:/nburn/gcc-m68k/bin/../lib/gcc/m68k-elf/4.2.1/../../../../m68k-elf/lib/m5206e\libstdc++.a(locale-inst.o)
 .text          0x40027fb4        0x0 c:/nburn/gcc-m68k/bin/../lib/gcc/m68k-elf/4.2.1/../../../../m68k-elf/lib/m5206e\libstdc++.a(misc-inst.o)
 .text          0x40027fb4        0x0 c:/nburn/gcc-m68k/bin/../lib/gcc/m68k-elf/4.2.1/../../../../m68k-elf/lib/m5206e\libstdc++.a(ostream-inst.o)
 .text          0x40027fb4        0x0 c:/nburn/gcc-m68k/bin/../lib/gcc/m68k-elf/4.2.1/../../../../m68k-elf/lib/m5206e\libstdc++.a(streambuf-inst.o)
 .text          0x40027fb4        0x0 c:/nburn/gcc-m68k/bin/../lib/gcc/m68k-elf/4.2.1/../../../../m68k-elf/lib/m5206e\libstdc++.a(streambuf.o)
 .text          0x40027fb4        0x0 c:/nburn/gcc-m68k/bin/../lib/gcc/m68k-elf/4.2.1/../../../../m68k-elf/lib/m5206e\libstdc++.a(string-inst.o)
 .text          0x40027fb4        0x0 c:/nburn/gcc-m68k/bin/../lib/gcc/m68k-elf/4.2.1/../../../../m68k-elf/lib/m5206e\libstdc++.a(collate_members.o)
 .text          0x40027fb4        0x0 c:/nburn/gcc-m68k/bin/../lib/gcc/m68k-elf/4.2.1/../../../../m68k-elf/lib/m5206e\libstdc++.a(messages_members.o)
 .text          0x40027fb4        0x0 c:/nburn/gcc-m68k/bin/../lib/gcc/m68k-elf/4.2.1/../../../../m68k-elf/lib/m5206e\libstdc++.a(monetary_members.o)
 .text          0x40027fb4        0x0 c:/nburn/gcc-m68k/bin/../lib/gcc/m68k-elf/4.2.1/../../../../m68k-elf/lib/m5206e\libstdc++.a(numeric_members.o)
 .text          0x40027fb4        0x0 c:/nburn/gcc-m68k/bin/../lib/gcc/m68k-elf/4.2.1/../../../../m68k-elf/lib/m5206e\libstdc++.a(time_members.o)
 .text          0x40027fb4        0x0 c:/nburn/gcc-m68k/bin/../lib/gcc/m68k-elf/4.2.1/../../../../m68k-elf/lib/m5206e\libstdc++.a(basic_file.o)
 .text          0x40027fb4        0x0 c:/nburn/gcc-m68k/bin/../lib/gcc/m68k-elf/4.2.1/../../../../m68k-elf/lib/m5206e\libstdc++.a(c++locale.o)
 .text          0x40027fb4        0x0 c:/nburn/gcc-m68k/bin/../lib/gcc/m68k-elf/4.2.1/../../../../m68k-elf/lib/m5206e\libstdc++.a(eh_throw.o)
 .text          0x40027fb4        0x0 c:/nburn/gcc-m68k/bin/../lib/gcc/m68k-elf/4.2.1/../../../../m68k-elf/lib/m5206e\libstdc++.a(new_handler.o)
 .text          0x40027fb4        0x0 c:/nburn/gcc-m68k/bin/../lib/gcc/m68k-elf/4.2.1/../../../../m68k-elf/lib/m5206e\libstdc++.a(eh_globals.o)
 .text          0x40027fb4        0x0 c:/nburn/gcc-m68k/bin/../lib/gcc/m68k-elf/4.2.1/../../../../m68k-elf/lib/m5206e\libstdc++.a(del_opv.o)
 .text          0x40027fb4        0x0 c:/nburn/gcc-m68k/bin/../lib/gcc/m68k-elf/4.2.1/../../../../m68k-elf/lib/m5206e\libstdc++.a(eh_exception.o)
 .text          0x40027fb4        0x0 c:/nburn/gcc-m68k/bin/../lib/gcc/m68k-elf/4.2.1/../../../../m68k-elf/lib/m5206e\libstdc++.a(guard.o)
 .text          0x40027fb4        0x0 c:/nburn/gcc-m68k/bin/../lib/gcc/m68k-elf/4.2.1/../../../../m68k-elf/lib/m5206e\libstdc++.a(new_opv.o)
 .text          0x40027fb4        0x0 c:/nburn/gcc-m68k/bin/../lib/gcc/m68k-elf/4.2.1/../../../../m68k-elf/lib/m5206e\libstdc++.a(eh_catch.o)
 .text          0x40027fb4        0x0 c:/nburn/gcc-m68k/bin/../lib/gcc/m68k-elf/4.2.1/../../../../m68k-elf/lib/m5206e\libstdc++.a(eh_terminate.o)
 .text          0x40027fb4        0x0 c:/nburn/gcc-m68k/bin/../lib/gcc/m68k-elf/4.2.1/../../../../m68k-elf/lib/m5206e\libstdc++.a(bad_typeid.o)
 .text          0x40027fb4        0x0 c:/nburn/gcc-m68k/bin/../lib/gcc/m68k-elf/4.2.1/../../../../m68k-elf/lib/m5206e\libstdc++.a(vmi_class_type_info.o)
 .text          0x40027fb4        0x0 c:/nburn/gcc-m68k/bin/../lib/gcc/m68k-elf/4.2.1/../../../../m68k-elf/lib/m5206e\libstdc++.a(del_op.o)
 .text          0x40027fb4        0x0 c:/nburn/gcc-m68k/bin/../lib/gcc/m68k-elf/4.2.1/../../../../m68k-elf/lib/m5206e\libstdc++.a(tinfo.o)
 .text          0x40027fb4        0x0 c:/nburn/gcc-m68k/bin/../lib/gcc/m68k-elf/4.2.1/../../../../m68k-elf/lib/m5206e\libstdc++.a(class_type_info.o)
 .text          0x40027fb4        0x0 c:/nburn/gcc-m68k/bin/../lib/gcc/m68k-elf/4.2.1/../../../../m68k-elf/lib/m5206e\libstdc++.a(eh_term_handler.o)
 .text          0x40027fb4        0x0 c:/nburn/gcc-m68k/bin/../lib/gcc/m68k-elf/4.2.1/../../../../m68k-elf/lib/m5206e\libstdc++.a(eh_personality.o)
 .text          0x40027fb4        0x0 c:/nburn/gcc-m68k/bin/../lib/gcc/m68k-elf/4.2.1/../../../../m68k-elf/lib/m5206e\libstdc++.a(pure.o)
 .text          0x40027fb4        0x0 c:/nburn/gcc-m68k/bin/../lib/gcc/m68k-elf/4.2.1/../../../../m68k-elf/lib/m5206e\libstdc++.a(eh_alloc.o)
 .text          0x40027fb4        0x0 c:/nburn/gcc-m68k/bin/../lib/gcc/m68k-elf/4.2.1/../../../../m68k-elf/lib/m5206e\libstdc++.a(bad_cast.o)
 .text          0x40027fb4        0x0 c:/nburn/gcc-m68k/bin/../lib/gcc/m68k-elf/4.2.1/../../../../m68k-elf/lib/m5206e\libstdc++.a(eh_unex_handler.o)
 .text          0x40027fb4        0x0 c:/nburn/gcc-m68k/bin/../lib/gcc/m68k-elf/4.2.1/../../../../m68k-elf/lib/m5206e\libstdc++.a(si_class_type_info.o)
 .text          0x40027fb4        0x0 c:/nburn/gcc-m68k/bin/../lib/gcc/m68k-elf/4.2.1/../../../../m68k-elf/lib/m5206e\libstdc++.a(vterminate.o)
 .text          0x40027fb4        0x0 c:/nburn/gcc-m68k/bin/../lib/gcc/m68k-elf/4.2.1/../../../../m68k-elf/lib/m5206e\libstdc++.a(codecvt.o)
 .text          0x40027fb4        0x0 c:/nburn/gcc-m68k/bin/../lib/gcc/m68k-elf/4.2.1/../../../../m68k-elf/lib/m5206e\libstdc++.a(compatibility.o)
 .text          0x40027fb4        0x0 c:/nburn/gcc-m68k/bin/../lib/gcc/m68k-elf/4.2.1/../../../../m68k-elf/lib/m5206e\libstdc++.a(ctype.o)
 .text          0x40027fb4        0x0 c:/nburn/gcc-m68k/bin/../lib/gcc/m68k-elf/4.2.1/../../../../m68k-elf/lib/m5206e\libstdc++.a(ios.o)
 .text          0x40027fb4        0x0 c:/nburn/gcc-m68k/bin/../lib/gcc/m68k-elf/4.2.1/../../../../m68k-elf/lib/m5206e\libstdc++.a(ios_locale.o)
 .text          0x40027fb4        0x0 c:/nburn/gcc-m68k/bin/../lib/gcc/m68k-elf/4.2.1/../../../../m68k-elf/lib/m5206e\libstdc++.a(locale_facets.o)
 .text          0x40027fb4        0x0 c:/nburn/gcc-m68k/bin/../lib/gcc/m68k-elf/4.2.1/../../../../m68k-elf/lib/m5206e\libstdc++.a(fstream-inst.o)
 .text          0x40027fb4        0x0 c:/nburn/gcc-m68k/bin/../lib/gcc/m68k-elf/4.2.1/../../../../m68k-elf/lib/m5206e\libstdc++.a(iostream-inst.o)
 .text          0x40027fb4        0x0 c:/nburn/gcc-m68k/bin/../lib/gcc/m68k-elf/4.2.1/../../../../m68k-elf/lib/m5206e\libstdc++.a(eh_call.o)
 .text          0x40027fb4     0x4ae6 c:/nburn/gcc-m68k/bin/../lib/gcc/m68k-elf/4.2.1/../../../../m68k-elf/lib/m5206e\libstdc++.a(cp-demangle.o)
                0x4002c9c2                __cxa_demangle
 *fill*         0x4002ca9a        0x2 00
 .text          0x4002ca9c        0x0 c:/nburn/gcc-m68k/bin/../lib/gcc/m68k-elf/4.2.1/../../../../m68k-elf/lib/m5206e\libstdc++.a(eh_type.o)
 .text          0x4002ca9c       0x72 c:/nburn/gcc-m68k/bin/../lib/gcc/m68k-elf/4.2.1/m5206e\libgcc.a(_muldi3.o)
                0x4002ca9c                __muldi3
 *fill*         0x4002cb0e        0x2 00
 .text          0x4002cb10      0x4f6 c:/nburn/gcc-m68k/bin/../lib/gcc/m68k-elf/4.2.1/m5206e\libgcc.a(_udivdi3.o)
                0x4002cb10                __udivdi3
 *fill*         0x4002d006        0x2 00
 .text          0x4002d008      0x4f8 c:/nburn/gcc-m68k/bin/../lib/gcc/m68k-elf/4.2.1/m5206e\libgcc.a(_umoddi3.o)
                0x4002d008                __umoddi3
 .text          0x4002d500      0x49a c:/nburn/gcc-m68k/bin/../lib/gcc/m68k-elf/4.2.1/m5206e\libgcc.a(fpgnulib.o)
                0x4002d980                __fixsfsi
                0x4002d668                __floatsidf
                0x4002d73e                __extendsfdf2
                0x4002d5f6                __floatunsidf
                0x4002d900                __fixdfsi
                0x4002d724                __floatsisf
                0x4002d7d8                __truncdfsf2
                0x4002d500                __unordsf2
                0x4002d70a                __floatunsisf
                0x4002d562                __unorddf2
 *fill*         0x4002d99a        0x2 00
 .text          0x4002d99c     0x1f0e c:/nburn/gcc-m68k/bin/../lib/gcc/m68k-elf/4.2.1/m5206e\libgcc.a(unwind-dw2.o)
                0x4002dd3e                _Unwind_GetIPInfo
                0x4002da22                _Unwind_GetIP
                0x4002f70e                _Unwind_Resume_or_Rethrow
                0x4002da54                _Unwind_GetRegionStart
                0x4002f416                _Unwind_Backtrace
                0x4002da12                _Unwind_GetCFA
                0x4002e60c                __frame_state_for
                0x4002f79c                _Unwind_Resume
                0x4002da84                _Unwind_DeleteException
                0x4002f532                _Unwind_RaiseException
                0x4002da32                _Unwind_SetIP
                0x4002da74                _Unwind_GetTextRelBase
                0x4002dd1a                _Unwind_FindEnclosingFunction
                0x4002da44                _Unwind_GetLanguageSpecificData
                0x4002f822                _Unwind_ForcedUnwind
                0x4002daa2                _Unwind_SetGR
                0x4002db08                _Unwind_GetGR
                0x4002da64                _Unwind_GetDataRelBase
 *fill*         0x4002f8aa        0x2 00
 .text          0x4002f8ac     0x126c c:/nburn/gcc-m68k/bin/../lib/gcc/m68k-elf/4.2.1/m5206e\libgcc.a(unwind-dw2-fde.o)
                0x400309ca                _Unwind_Find_FDE
                0x400301c0                __register_frame
                0x4003019e                __register_frame_table
                0x4002f922                __register_frame_info_bases
                0x40030902                __deregister_frame_info
                0x40030844                __deregister_frame_info_bases
                0x4002f98e                __register_frame_info_table_bases
                0x4003090c                __deregister_frame
                0x4002f9e0                __register_frame_info_table
                0x4002f972                __register_frame_info
 .text          0x40030b18        0x0 c:/nburn/gcc-m68k/bin/../lib/gcc/m68k-elf/4.2.1/m5206e\libgcc.a(_clz.o)
 .text          0x40030b18       0x18 c:/nburn/gcc-m68k/bin/../lib/gcc/m68k-elf/4.2.1/../../../../m68k-elf/lib/m5206e\libc.a(lib_a-abort.o)
                0x40030b18                abort
 .text          0x40030b30       0x2c c:/nburn/gcc-m68k/bin/../lib/gcc/m68k-elf/4.2.1/../../../../m68k-elf/lib/m5206e\libc.a(lib_a-assert.o)
                0x40030b30                __assert
 .text          0x40030b5c        0x0 c:/nburn/gcc-m68k/bin/../lib/gcc/m68k-elf/4.2.1/../../../../m68k-elf/lib/m5206e\libc.a(lib_a-ctype_.o)
 .text          0x40030b5c       0x1e c:/nburn/gcc-m68k/bin/../lib/gcc/m68k-elf/4.2.1/../../../../m68k-elf/lib/m5206e\libc.a(lib_a-cxa_atexit.o)
                0x40030b5c                __cxa_atexit
 *fill*         0x40030b7a        0x2 00
 .text          0x40030b7c        0xe c:/nburn/gcc-m68k/bin/../lib/gcc/m68k-elf/4.2.1/../../../../m68k-elf/lib/m5206e\libc.a(lib_a-errno.o)
                0x40030b7c                __errno
 *fill*         0x40030b8a        0x2 00
 .text          0x40030b8c       0xfe c:/nburn/gcc-m68k/bin/../lib/gcc/m68k-elf/4.2.1/../../../../m68k-elf/lib/m5206e\libc.a(lib_a-fclose.o)
                0x40030b8c                _fclose_r
                0x40030c74                fclose
 *fill*         0x40030c8a        0x2 00
 .text          0x40030c8c       0xaa c:/nburn/gcc-m68k/bin/../lib/gcc/m68k-elf/4.2.1/../../../../m68k-elf/lib/m5206e\libc.a(lib_a-fdopen.o)
                0x40030c8c                _fdopen_r
                0x40030d1c                fdopen
 *fill*         0x40030d36        0x2 00
 .text          0x40030d38      0x198 c:/nburn/gcc-m68k/bin/../lib/gcc/m68k-elf/4.2.1/../../../../m68k-elf/lib/m5206e\libc.a(lib_a-fflush.o)
                0x40030d38                fflush
 .text          0x40030ed0       0x3a c:/nburn/gcc-m68k/bin/../lib/gcc/m68k-elf/4.2.1/../../../../m68k-elf/lib/m5206e\libc.a(lib_a-fileno.o)
                0x40030ed0                fileno
 *fill*         0x40030f0a        0x2 00
 .text          0x40030f0c      0x25e c:/nburn/gcc-m68k/bin/../lib/gcc/m68k-elf/4.2.1/../../../../m68k-elf/lib/m5206e\libc.a(lib_a-findfp.o)
                0x40030f66                __sinit
                0x4003101e                __sfmoreglue
                0x4003100c                _cleanup
                0x40030ff2                _cleanup_r
                0x4003108c                __sfp
 *fill*         0x4003116a        0x2 00
 .text          0x4003116c       0x24 c:/nburn/gcc-m68k/bin/../lib/gcc/m68k-elf/4.2.1/../../../../m68k-elf/lib/m5206e\libc.a(lib_a-fiprintf.o)
                0x4003116c                fiprintf
 .text          0x40031190       0x96 c:/nburn/gcc-m68k/bin/../lib/gcc/m68k-elf/4.2.1/../../../../m68k-elf/lib/m5206e\libc.a(lib_a-flags.o)
                0x40031190                __sflags
 *fill*         0x40031226        0x2 00
 .text          0x40031228       0xf0 c:/nburn/gcc-m68k/bin/../lib/gcc/m68k-elf/4.2.1/../../../../m68k-elf/lib/m5206e\libc.a(lib_a-fopen.o)
                0x400312fe                fopen
                0x40031228                _fopen_r
 .text          0x40031318       0xaa c:/nburn/gcc-m68k/bin/../lib/gcc/m68k-elf/4.2.1/../../../../m68k-elf/lib/m5206e\libc.a(lib_a-fputc.o)
                0x40031366                _fputc_r
                0x40031318                fputc
 *fill*         0x400313c2        0x2 00
 .text          0x400313c4       0x90 c:/nburn/gcc-m68k/bin/../lib/gcc/m68k-elf/4.2.1/../../../../m68k-elf/lib/m5206e\libc.a(lib_a-fputs.o)
                0x400313c4                _fputs_r
                0x4003143a                fputs
 .text          0x40031454      0x248 c:/nburn/gcc-m68k/bin/../lib/gcc/m68k-elf/4.2.1/../../../../m68k-elf/lib/m5206e\libc.a(lib_a-fread.o)
                0x4003167a                fread
                0x40031454                _fread_r
 .text          0x4003169c      0x422 c:/nburn/gcc-m68k/bin/../lib/gcc/m68k-elf/4.2.1/../../../../m68k-elf/lib/m5206e\libc.a(lib_a-freer.o)
                0x4003178c                _free_r
                0x4003169c                _malloc_trim_r
 *fill*         0x40031abe        0x2 00
 .text          0x40031ac0      0x460 c:/nburn/gcc-m68k/bin/../lib/gcc/m68k-elf/4.2.1/../../../../m68k-elf/lib/m5206e\libc.a(lib_a-fseek.o)
                0x40031f02                fseek
                0x40031ac0                _fseek_r
 .text          0x40031f20       0x36 c:/nburn/gcc-m68k/bin/../lib/gcc/m68k-elf/4.2.1/../../../../m68k-elf/lib/m5206e\libc.a(lib_a-fstatr.o)
                0x40031f20                _fstat_r
 *fill*         0x40031f56        0x2 00
 .text          0x40031f58       0xd6 c:/nburn/gcc-m68k/bin/../lib/gcc/m68k-elf/4.2.1/../../../../m68k-elf/lib/m5206e\libc.a(lib_a-ftell.o)
                0x40032018                ftell
                0x40031f58                _ftell_r
 *fill*         0x4003202e        0x2 00
 .text          0x40032030      0x37e c:/nburn/gcc-m68k/bin/../lib/gcc/m68k-elf/4.2.1/../../../../m68k-elf/lib/m5206e\libc.a(lib_a-fvwrite.o)
                0x40032030                __sfvwrite_r
 *fill*         0x400323ae        0x2 00
 .text          0x400323b0       0xe4 c:/nburn/gcc-m68k/bin/../lib/gcc/m68k-elf/4.2.1/../../../../m68k-elf/lib/m5206e\libc.a(lib_a-fwalk.o)
                0x400323b0                _fwalk
                0x40032420                _fwalk_reent
 .text          0x40032494       0x9e c:/nburn/gcc-m68k/bin/../lib/gcc/m68k-elf/4.2.1/../../../../m68k-elf/lib/m5206e\libc.a(lib_a-fwrite.o)
                0x40032494                _fwrite_r
                0x40032510                fwrite
 *fill*         0x40032532        0x2 00
 .text          0x40032534       0xcc c:/nburn/gcc-m68k/bin/../lib/gcc/m68k-elf/4.2.1/../../../../m68k-elf/lib/m5206e\libc.a(lib_a-getc.o)
                0x40032598                _getc_r
                0x40032534                getc
 .text          0x40032600       0x6c c:/nburn/gcc-m68k/bin/../lib/gcc/m68k-elf/4.2.1/../../../../m68k-elf/lib/m5206e\libc.a(lib_a-gets.o)
                0x40032658                gets
                0x40032600                _gets_r
 .text          0x4003266c        0x0 c:/nburn/gcc-m68k/bin/../lib/gcc/m68k-elf/4.2.1/../../../../m68k-elf/lib/m5206e\libc.a(lib_a-impure.o)
 .text          0x4003266c       0x54 c:/nburn/gcc-m68k/bin/../lib/gcc/m68k-elf/4.2.1/../../../../m68k-elf/lib/m5206e\libc.a(lib_a-iprintf.o)
                0x4003266c                _iprintf_r
                0x40032696                iprintf
 .text          0x400326c0       0xa6 c:/nburn/gcc-m68k/bin/../lib/gcc/m68k-elf/4.2.1/../../../../m68k-elf/lib/m5206e\libc.a(lib_a-locale.o)
                0x400326ee                _setlocale_r
                0x400326c0                __locale_charset
                0x400326ce                _localeconv_r
                0x4003274e                setlocale
                0x400326dc                localeconv
 *fill*         0x40032766        0x2 00
 .text          0x40032768      0x178 c:/nburn/gcc-m68k/bin/../lib/gcc/m68k-elf/4.2.1/../../../../m68k-elf/lib/m5206e\libc.a(lib_a-makebuf.o)
                0x40032768                __smakebuf
 .text          0x400328e0       0x32 c:/nburn/gcc-m68k/bin/../lib/gcc/m68k-elf/4.2.1/../../../../m68k-elf/lib/m5206e\libc.a(lib_a-malloc.o)
                0x400328fa                malloc
                0x400328e0                free
 *fill*         0x40032912        0x2 00
 .text          0x40032914      0x78c c:/nburn/gcc-m68k/bin/../lib/gcc/m68k-elf/4.2.1/../../../../m68k-elf/lib/m5206e\libc.a(lib_a-mallocr.o)
                0x40032914                _malloc_r
 .text          0x400330a0       0xd2 c:/nburn/gcc-m68k/bin/../lib/gcc/m68k-elf/4.2.1/../../../../m68k-elf/lib/m5206e\libc.a(lib_a-memchr.o)
                0x400330a0                memchr
 *fill*         0x40033172        0x2 00
 .text          0x40033174       0x72 c:/nburn/gcc-m68k/bin/../lib/gcc/m68k-elf/4.2.1/../../../../m68k-elf/lib/m5206e\libc.a(lib_a-memcmp.o)
                0x40033174                memcmp
 *fill*         0x400331e6        0x2 00
 .text          0x400331e8       0xb6 c:/nburn/gcc-m68k/bin/../lib/gcc/m68k-elf/4.2.1/../../../../m68k-elf/lib/m5206e\libc.a(lib_a-memmove.o)
                0x400331e8                memmove
 *fill*         0x4003329e        0x2 00
 .text          0x400332a0       0x3e c:/nburn/gcc-m68k/bin/../lib/gcc/m68k-elf/4.2.1/../../../../m68k-elf/lib/m5206e\libc.a(lib_a-openr.o)
                0x400332a0                _open_r
 *fill*         0x400332de        0x2 00
 .text          0x400332e0       0x54 c:/nburn/gcc-m68k/bin/../lib/gcc/m68k-elf/4.2.1/../../../../m68k-elf/lib/m5206e\libc.a(lib_a-printf.o)
                0x400332e0                printf
                0x4003330a                _printf_r
 .text          0x40033334      0x16a c:/nburn/gcc-m68k/bin/../lib/gcc/m68k-elf/4.2.1/../../../../m68k-elf/lib/m5206e\libc.a(lib_a-putc.o)
                0x400333ee                _putc_r
                0x40033334                putc
 *fill*         0x4003349e        0x2 00
 .text          0x400334a0       0x8a c:/nburn/gcc-m68k/bin/../lib/gcc/m68k-elf/4.2.1/../../../../m68k-elf/lib/m5206e\libc.a(lib_a-puts.o)
                0x400334a0                _puts_r
                0x40033514                puts
 *fill*         0x4003352a        0x2 00
 .text          0x4003352c       0x6a c:/nburn/gcc-m68k/bin/../lib/gcc/m68k-elf/4.2.1/../../../../m68k-elf/lib/m5206e\libc.a(lib_a-rand.o)
                0x40033544                rand
                0x4003352c                srand
 *fill*         0x40033596        0x2 00
 .text          0x40033598       0x1c c:/nburn/gcc-m68k/bin/../lib/gcc/m68k-elf/4.2.1/../../../../m68k-elf/lib/m5206e\libc.a(lib_a-realloc.o)
                0x40033598                realloc
 .text          0x400335b4      0x502 c:/nburn/gcc-m68k/bin/../lib/gcc/m68k-elf/4.2.1/../../../../m68k-elf/lib/m5206e\libc.a(lib_a-reallocr.o)
                0x400335b4                _realloc_r
 *fill*         0x40033ab6        0x2 00
 .text          0x40033ab8      0x21c c:/nburn/gcc-m68k/bin/../lib/gcc/m68k-elf/4.2.1/../../../../m68k-elf/lib/m5206e\libc.a(lib_a-refill.o)
                0x40033adc                __srefill_r
 .text          0x40033cd4       0x4e c:/nburn/gcc-m68k/bin/../lib/gcc/m68k-elf/4.2.1/../../../../m68k-elf/lib/m5206e\libc.a(lib_a-rget.o)
                0x40033d0e                __srget
                0x40033cd4                __srget_r
 *fill*         0x40033d22        0x2 00
 .text          0x40033d24      0x1ee c:/nburn/gcc-m68k/bin/../lib/gcc/m68k-elf/4.2.1/../../../../m68k-elf/lib/m5206e\libc.a(lib_a-setvbuf.o)
                0x40033d24                setvbuf
 *fill*         0x40033f12        0x2 00
 .text          0x40033f14      0x270 c:/nburn/gcc-m68k/bin/../lib/gcc/m68k-elf/4.2.1/../../../../m68k-elf/lib/m5206e\libc.a(lib_a-signal.o)
                0x40034108                _signal_r
                0x40034028                _raise_r
                0x40033f8e                __sigtramp_r
                0x4003416c                signal
                0x40033f7e                _init_signal
                0x40033f14                _init_signal_r
                0x40034012                __sigtramp
                0x400340f2                raise
 .text          0x40034184       0x42 c:/nburn/gcc-m68k/bin/../lib/gcc/m68k-elf/4.2.1/../../../../m68k-elf/lib/m5206e\libc.a(lib_a-signalr.o)
                0x40034190                _kill_r
                0x40034184                _getpid_r
 *fill*         0x400341c6        0x2 00
 .text          0x400341c8       0xba c:/nburn/gcc-m68k/bin/../lib/gcc/m68k-elf/4.2.1/../../../../m68k-elf/lib/m5206e\libc.a(lib_a-siprintf.o)
                0x40034226                _siprintf_r
                0x400341c8                siprintf
 *fill*         0x40034282        0x2 00
 .text          0x40034284      0x14c c:/nburn/gcc-m68k/bin/../lib/gcc/m68k-elf/4.2.1/../../../../m68k-elf/lib/m5206e\libc.a(lib_a-sniprintf.o)
                0x4003432c                _sniprintf_r
                0x40034284                sniprintf
 .text          0x400343d0       0xe0 c:/nburn/gcc-m68k/bin/../lib/gcc/m68k-elf/4.2.1/../../../../m68k-elf/lib/m5206e\libc.a(lib_a-sscanf.o)
                0x40034444                sscanf
                0x400343da                _sscanf_r
 .text          0x400344b0      0x162 c:/nburn/gcc-m68k/bin/../lib/gcc/m68k-elf/4.2.1/../../../../m68k-elf/lib/m5206e\libc.a(lib_a-stdio.o)
                0x400344ce                __sseek
                0x400345c0                __sread
                0x400344b0                __sclose
                0x40034530                __swrite
 *fill*         0x40034612        0x2 00
 .text          0x40034614       0x7c c:/nburn/gcc-m68k/bin/../lib/gcc/m68k-elf/4.2.1/../../../../m68k-elf/lib/m5206e\libc.a(lib_a-strcat.o)
                0x40034614                strcat
 .text          0x40034690       0x70 c:/nburn/gcc-m68k/bin/../lib/gcc/m68k-elf/4.2.1/../../../../m68k-elf/lib/m5206e\libc.a(lib_a-strcmp.o)
                0x40034690                strcmp
 .text          0x40034700        0xc c:/nburn/gcc-m68k/bin/../lib/gcc/m68k-elf/4.2.1/../../../../m68k-elf/lib/m5206e\libc.a(lib_a-strcoll.o)
                0x40034700                strcoll
 .text          0x4003470c       0x22 c:/nburn/gcc-m68k/bin/../lib/gcc/m68k-elf/4.2.1/../../../../m68k-elf/lib/m5206e\libc.a(lib_a-strcpy.o)
                0x4003470c                strcpy
 *fill*         0x4003472e        0x2 00
 .text          0x40034730       0x18 c:/nburn/gcc-m68k/bin/../lib/gcc/m68k-elf/4.2.1/../../../../m68k-elf/lib/m5206e\libc.a(lib_a-strdup.o)
                0x40034730                strdup
 .text          0x40034748       0x4c c:/nburn/gcc-m68k/bin/../lib/gcc/m68k-elf/4.2.1/../../../../m68k-elf/lib/m5206e\libc.a(lib_a-strdup_r.o)
                0x40034748                _strdup_r
 .text          0x40034794      0xd96 c:/nburn/gcc-m68k/bin/../lib/gcc/m68k-elf/4.2.1/../../../../m68k-elf/lib/m5206e\libc.a(lib_a-strftime.o)
                0x4003489e                strftime
 *fill*         0x4003552a        0x2 00
 .text          0x4003552c       0x1a c:/nburn/gcc-m68k/bin/../lib/gcc/m68k-elf/4.2.1/../../../../m68k-elf/lib/m5206e\libc.a(lib_a-strlen.o)
                0x4003552c                strlen
 *fill*         0x40035546        0x2 00
 .text          0x40035548       0xda c:/nburn/gcc-m68k/bin/../lib/gcc/m68k-elf/4.2.1/../../../../m68k-elf/lib/m5206e\libc.a(lib_a-strncmp.o)
                0x40035548                strncmp
 *fill*         0x40035622        0x2 00
 .text          0x40035624     0x174a c:/nburn/gcc-m68k/bin/../lib/gcc/m68k-elf/4.2.1/../../../../m68k-elf/lib/m5206e\libc.a(lib_a-strtod.o)
                0x40035676                _strtod_r
                0x40036d54                strtod
                0x40036c6e                strtof
 *fill*         0x40036d6e        0x2 00
 .text          0x40036d70      0x18a c:/nburn/gcc-m68k/bin/../lib/gcc/m68k-elf/4.2.1/../../../../m68k-elf/lib/m5206e\libc.a(lib_a-strtol.o)
                0x40036edc                strtol
                0x40036d70                _strtol_r
 *fill*         0x40036efa        0x2 00
 .text          0x40036efc       0x58 c:/nburn/gcc-m68k/bin/../lib/gcc/m68k-elf/4.2.1/../../../../m68k-elf/lib/m5206e\libc.a(lib_a-strxfrm.o)
                0x40036efc                strxfrm
 .text          0x40036f54       0x26 c:/nburn/gcc-m68k/bin/../lib/gcc/m68k-elf/4.2.1/../../../../m68k-elf/lib/m5206e\libc.a(lib_a-toupper.o)
                0x40036f54                toupper
 *fill*         0x40036f7a        0x2 00
 .text          0x40036f7c        0x0 c:/nburn/gcc-m68k/bin/../lib/gcc/m68k-elf/4.2.1/../../../../m68k-elf/lib/m5206e\libc.a(lib_a-tzvars.o)
 .text          0x40036f7c      0x230 c:/nburn/gcc-m68k/bin/../lib/gcc/m68k-elf/4.2.1/../../../../m68k-elf/lib/m5206e\libc.a(lib_a-ungetc.o)
                0x40037192                ungetc
                0x40036f7c                __submore
                0x4003703a                _ungetc_r
 .text          0x400371ac     0x1280 c:/nburn/gcc-m68k/bin/../lib/gcc/m68k-elf/4.2.1/../../../../m68k-elf/lib/m5206e\libc.a(lib_a-vfiprintf.o)
                0x4003840e                vfiprintf
                0x400371f0                _vfiprintf_r
 .text          0x4003842c     0x1fac c:/nburn/gcc-m68k/bin/../lib/gcc/m68k-elf/4.2.1/../../../../m68k-elf/lib/m5206e\libc.a(lib_a-vfprintf.o)
                0x40038470                _vfprintf_r
                0x4003a3ba                vfprintf
 .text          0x4003a3d8     0x11ec c:/nburn/gcc-m68k/bin/../lib/gcc/m68k-elf/4.2.1/../../../../m68k-elf/lib/m5206e\libc.a(lib_a-vfscanf.o)
                0x4003b4f0                __svfscanf
                0x4003b50e                _vfscanf_r
                0x4003b572                vfscanf
                0x4003a3d8                __svfscanf_r
 .text          0x4003b5c4       0x9a c:/nburn/gcc-m68k/bin/../lib/gcc/m68k-elf/4.2.1/../../../../m68k-elf/lib/m5206e\libc.a(lib_a-vsprintf.o)
                0x4003b610                vsprintf
                0x4003b5c4                _vsprintf_r
 *fill*         0x4003b65e        0x2 00
 .text          0x4003b660      0x124 c:/nburn/gcc-m68k/bin/../lib/gcc/m68k-elf/4.2.1/../../../../m68k-elf/lib/m5206e\libc.a(lib_a-wbuf.o)
                0x4003b660                __swbuf_r
                0x4003b76a                __swbuf
 .text          0x4003b784       0x7c c:/nburn/gcc-m68k/bin/../lib/gcc/m68k-elf/4.2.1/../../../../m68k-elf/lib/m5206e\libc.a(lib_a-wcrtomb.o)
                0x4003b784                _wcrtomb_r
                0x4003b7e4                wcrtomb
 .text          0x4003b800      0x130 c:/nburn/gcc-m68k/bin/../lib/gcc/m68k-elf/4.2.1/../../../../m68k-elf/lib/m5206e\libc.a(lib_a-wcsrtombs.o)
                0x4003b800                _wcsrtombs_r
                0x4003b90e                wcsrtombs
 .text          0x4003b930      0x452 c:/nburn/gcc-m68k/bin/../lib/gcc/m68k-elf/4.2.1/../../../../m68k-elf/lib/m5206e\libc.a(lib_a-wctomb_r.o)
                0x4003b930                _wctomb_r
 *fill*         0x4003bd82        0x2 00
 .text          0x4003bd84       0x3e c:/nburn/gcc-m68k/bin/../lib/gcc/m68k-elf/4.2.1/../../../../m68k-elf/lib/m5206e\libc.a(lib_a-writer.o)
                0x4003bd84                _write_r
 *fill*         0x4003bdc2        0x2 00
 .text          0x4003bdc4      0x130 c:/nburn/gcc-m68k/bin/../lib/gcc/m68k-elf/4.2.1/../../../../m68k-elf/lib/m5206e\libc.a(lib_a-wsetup.o)
                0x4003bdc4                __swsetup
 .text          0x4003bef4       0x14 c:/nburn/gcc-m68k/bin/../lib/gcc/m68k-elf/4.2.1/../../../../m68k-elf/lib/m5206e\libc.a(lib_a-abs.o)
                0x4003bef4                abs
 .text          0x4003bf08       0xe8 c:/nburn/gcc-m68k/bin/../lib/gcc/m68k-elf/4.2.1/../../../../m68k-elf/lib/m5206e\libc.a(lib_a-__atexit.o)
                0x4003bf08                __register_exitproc
 .text          0x4003bff0       0x32 c:/nburn/gcc-m68k/bin/../lib/gcc/m68k-elf/4.2.1/../../../../m68k-elf/lib/m5206e\libc.a(lib_a-closer.o)
                0x4003bff0                _close_r
 *fill*         0x4003c022        0x2 00
 .text          0x4003c024     0x160a c:/nburn/gcc-m68k/bin/../lib/gcc/m68k-elf/4.2.1/../../../../m68k-elf/lib/m5206e\libc.a(lib_a-dtoa.o)
                0x4003c1d6                _dtoa_r
 *fill*         0x4003d62e        0x2 00
 .text          0x4003d630      0x800 c:/nburn/gcc-m68k/bin/../lib/gcc/m68k-elf/4.2.1/../../../../m68k-elf/lib/m5206e\libc.a(lib_a-gdtoa-gethex.o)
                0x4003d662                __hexdig_init
                0x4003d728                __gethex
 .text          0x4003de30      0x1d2 c:/nburn/gcc-m68k/bin/../lib/gcc/m68k-elf/4.2.1/../../../../m68k-elf/lib/m5206e\libc.a(lib_a-gdtoa-hexnan.o)
                0x4003de6e                __hexnan
 *fill*         0x4003e002        0x2 00
 .text          0x4003e004       0x32 c:/nburn/gcc-m68k/bin/../lib/gcc/m68k-elf/4.2.1/../../../../m68k-elf/lib/m5206e\libc.a(lib_a-getchar.o)
                0x4003e004                getchar
                0x4003e01e                _getchar_r
 *fill*         0x4003e036        0x2 00
 .text          0x4003e038        0xe c:/nburn/gcc-m68k/bin/../lib/gcc/m68k-elf/4.2.1/../../../../m68k-elf/lib/m5206e\libc.a(lib_a-gettzinfo.o)
                0x4003e038                __gettzinfo
 *fill*         0x4003e046        0x2 00
 .text          0x4003e048       0x2a c:/nburn/gcc-m68k/bin/../lib/gcc/m68k-elf/4.2.1/../../../../m68k-elf/lib/m5206e\libc.a(lib_a-iswspace.o)
                0x4003e048                iswspace
 *fill*         0x4003e072        0x2 00
 .text          0x4003e074       0x14 c:/nburn/gcc-m68k/bin/../lib/gcc/m68k-elf/4.2.1/../../../../m68k-elf/lib/m5206e\libc.a(lib_a-labs.o)
                0x4003e074                labs
 .text          0x4003e088       0x3e c:/nburn/gcc-m68k/bin/../lib/gcc/m68k-elf/4.2.1/../../../../m68k-elf/lib/m5206e\libc.a(lib_a-lseekr.o)
                0x4003e088                _lseek_r
 *fill*         0x4003e0c6        0x2 00
 .text          0x4003e0c8       0x8c c:/nburn/gcc-m68k/bin/../lib/gcc/m68k-elf/4.2.1/../../../../m68k-elf/lib/m5206e\libc.a(lib_a-mbrtowc.o)
                0x4003e132                mbrtowc
                0x4003e0c8                _mbrtowc_r
 .text          0x4003e154       0x56 c:/nburn/gcc-m68k/bin/../lib/gcc/m68k-elf/4.2.1/../../../../m68k-elf/lib/m5206e\libc.a(lib_a-mbtowc_r.o)
                0x4003e154                _mbtowc_r
 *fill*         0x4003e1aa        0x2 00
 .text          0x4003e1ac      0xc78 c:/nburn/gcc-m68k/bin/../lib/gcc/m68k-elf/4.2.1/../../../../m68k-elf/lib/m5206e\libc.a(lib_a-mprec.o)
                0x4003e500                _mprec_log10
                0x4003e5b6                __any_on
                0x4003e65c                _Balloc
                0x4003e46e                __ratio
                0x4003eb84                __i2b
                0x4003e37e                __b2d
                0x4003ed4c                __s2b
                0x4003e29c                __mcmp
                0x4003e1ac                __hi0bits
                0x4003ec6a                __pow5mult
                0x4003e968                __lshift
                0x4003ea16                __multiply
                0x4003e712                __d2b
                0x4003e572                __copybits
                0x4003e2fc                __ulp
                0x4003e828                __mdiff
                0x4003e210                __lo0bits
                0x4003eba6                __multadd
                0x4003e622                _Bfree
 .text          0x4003ee24       0x3e c:/nburn/gcc-m68k/bin/../lib/gcc/m68k-elf/4.2.1/../../../../m68k-elf/lib/m5206e\libc.a(lib_a-readr.o)
                0x4003ee24                _read_r
 *fill*         0x4003ee62        0x2 00
 .text          0x4003ee64       0xbc c:/nburn/gcc-m68k/bin/../lib/gcc/m68k-elf/4.2.1/../../../../m68k-elf/lib/m5206e\libc.a(lib_a-sccl.o)
                0x4003ee64                __sccl
 .text          0x4003ef20        0xe c:/nburn/gcc-m68k/bin/../lib/gcc/m68k-elf/4.2.1/../../../../m68k-elf/lib/m5206e\libc.a(lib_a-sf_nan.o)
                0x4003ef20                nanf
 *fill*         0x4003ef2e        0x2 00
 .text          0x4003ef30       0x42 c:/nburn/gcc-m68k/bin/../lib/gcc/m68k-elf/4.2.1/../../../../m68k-elf/lib/m5206e\libc.a(lib_a-s_isinfd.o)
                0x4003ef30                __isinfd
 *fill*         0x4003ef72        0x2 00
 .text          0x4003ef74       0x34 c:/nburn/gcc-m68k/bin/../lib/gcc/m68k-elf/4.2.1/../../../../m68k-elf/lib/m5206e\libc.a(lib_a-s_isnand.o)
                0x4003ef74                __isnand
 .text          0x4003efa8      0x14c c:/nburn/gcc-m68k/bin/../lib/gcc/m68k-elf/4.2.1/../../../../m68k-elf/lib/m5206e\libc.a(lib_a-snprintf.o)
                0x4003efa8                snprintf
                0x4003f050                _snprintf_r
 .text          0x4003f0f4       0xba c:/nburn/gcc-m68k/bin/../lib/gcc/m68k-elf/4.2.1/../../../../m68k-elf/lib/m5206e\libc.a(lib_a-sprintf.o)
                0x4003f152                _sprintf_r
                0x4003f0f4                sprintf
 *fill*         0x4003f1ae        0x2 00
 .text          0x4003f1b0      0x254 c:/nburn/gcc-m68k/bin/../lib/gcc/m68k-elf/4.2.1/../../../../m68k-elf/lib/m5206e\libc.a(lib_a-strtoll_r.o)
                0x4003f1b0                _strtoll_r
 .text          0x4003f404      0x2ba c:/nburn/gcc-m68k/bin/../lib/gcc/m68k-elf/4.2.1/../../../../m68k-elf/lib/m5206e\libc.a(lib_a-strtoull_r.o)
                0x4003f404                _strtoull_r
 *fill*         0x4003f6be        0x2 00
 .text          0x4003f6c0      0x19e c:/nburn/gcc-m68k/bin/../lib/gcc/m68k-elf/4.2.1/../../../../m68k-elf/lib/m5206e\libc.a(lib_a-strtoul.o)
                0x4003f840                strtoul
                0x4003f6c0                _strtoul_r
 *fill*         0x4003f85e        0x2 00
 .text          0x4003f860       0x92 c:/nburn/gcc-m68k/bin/../lib/gcc/m68k-elf/4.2.1/../../../../m68k-elf/lib/m5206e\libc.a(lib_a-callocr.o)
                0x4003f860                _calloc_r
 *fill*         0x4003f8f2        0x2 00
 .text          0x4003f8f4      0xba0 c:/nburn/gcc-m68k/bin/../lib/gcc/m68k-elf/4.2.1/m5206e\libgcc.a(_double.o)
                0x400403f2                __cmpdf2
                0x4003f954                __adddf3
                0x400402bc                __negdf2
                0x4003ffcc                __divdf3
                0x4004031a                __cmpdf2_internal
                0x4003fdf0                __muldf3
                0x4003f94e                __subdf3
 .text          0x40040494       0x74 c:/nburn/gcc-m68k/bin/../lib/gcc/m68k-elf/4.2.1/m5206e\libgcc.a(_floatex.o)
                0x400404a0                $_exception_handler
                0x40040494                __clear_sticky_bit
 .text          0x40040508       0x22 c:/nburn/gcc-m68k/bin/../lib/gcc/m68k-elf/4.2.1/m5206e\libgcc.a(_eqdf2.o)
                0x40040508                __eqdf2
 *fill*         0x4004052a        0x2 00
 .text          0x4004052c       0x22 c:/nburn/gcc-m68k/bin/../lib/gcc/m68k-elf/4.2.1/m5206e\libgcc.a(_nedf2.o)
                0x4004052c                __nedf2